counter__114: 
EosMuonTrigger: 
logic__473: 
reg__44: 
logic__181: 
counter__63: 
counter__76: 
Mercury_XU5_axi_interconnect_0_0: 
counter__4: 
counter__22: 
reg__70: 
reg__113: 
reg__5: 
counter__69: 
logic__9: 
counter__15: 
counter__49: 
counter__61: 
reg__111: 
logic__385: 
counter__65: 
reg__123: 
reg__29: 
reg__21: 
counter__13: 
counter__118: 
reg__2: 
reg__72: 
reg__112: 
counter__92: 
counter__21: 
logic__113: 
reg__93: 
counter__124: 
logic__137: 
logic__5: 
logic__53: 
counter__31: 
logic__173: 
reg__118: 
reg__86: 
reg__45: 
counter__64: 
reg__115: 
counter__43: 
logic__373: 
counter__83: 
reg__57: 
counter__109: 
reg__34: 
reg__110: 
reg__51: 
logic__57: 
reg__42: 
logic__269: 
logic__241: 
counter__56: 
counter__39: 
logic__45: 
reg__35: 
reg__116: 
counter__85: 
logic__281: 
reg__13: 
logic__393: 
counter__94: 
logic__233: 
counter__67: 
reg__22: 
logic__461: 
logic__245: 
reg__102: 
reg__126: 
logic__397: 
logic__509: 
reg__39: 
logic__61: 
Mercury_XU5: 
counter__48: 
logic__149: 
reg__30: 
logic__201: 
logic__193: 
reg__49: 
counter__106: 
logic__329: 
reg__88: 
counter__122: 
counter__112: 
reg__128: 
logic__189: 
logic__185: 
reg__32: 
counter__99: 
counter__98: 
counter__95: 
counter__1: 
reg__83: 
counter__60: 
reg__108: 
logic__49: 
counter__5: 
logic__257: 
counter__74: 
reg__82: 
counter__19: 
counter__66: 
counter__119: 
reg__124: 
logic__121: 
reg__105: 
counter__26: 
reg__41: 
logic__277: 
logic__25: 
reg__17: 
reg__114: 
logic__337: 
counter__70: 
counter__105: 
reg__46: 
logic__197: 
counter__6: 
logic__33: 
counter__86: 
logic__309: 
counter__127: 
reg__89: 
counter__41: 
counter__84: 
logic__421: 
reg__4: 
reg__76: 
logic__101: 
counter__32: 
counter__97: 
reg__9: 
logic__2: 
logic__313: 
logic__157: 
SlowClock2Hz: 
reg__127: 
logic__441: 
logic__293: 
logic__145: 
counter__42: 
counter__107: 
reg__3: 
logic__141: 
logic: 
counter__46: 
counter__125: 
logic__429: 
reg__133: 
logic__177: 
reg: 
logic__237: 
reg__94: 
muxpart__1: 
reg__85: 
counter__87: 
reg__74: 
logic__357: 
counter__53: 
logic__493: 
counter__80: 
reg__119: 
reg__63: 
counter__104: 
logic__125: 
reg__64: 
logic__497: 
logic__325: 
logic__289: 
logic__65: 
reg__125: 
counter__47: 
logic__261: 
counter__55: 
logic__341: 
counter__59: 
counter__58: 
reg__67: 
logic__433: 
logic__345: 
counter__10: 
logic__401: 
reg__66: 
reg__1: 
counter__45: 
counter__2: 
logic__37: 
logic__513: 
reg__79: 
logic__169: 
logic__69: 
reg__134: 
reg__65: 
counter__115: 
reg__97: 
counter__90: 
logic__229: 
datapath__1: 
reg__27: 
counter__52: 
reg__122: 
counter__30: 
logic__29: 
counter: 
logic__165: 
counter__121: 
logic__129: 
reg__130: 
counter__9: 
counter__17: 
counter__16: 
logic__273: 
logic__97: 
counter__126: 
reg__16: 
logic__85: 
counter__117: 
logic__305: 
reg__71: 
logic__381: 
counter__44: 
logic__225: 
reg__69: 
logic__505: 
logic__17: 
logic__317: 
Mercury_XU5_PE1: 
reg__121: 
counter__18: 
logic__93: 
reg__19: 
logic__301: 
logic__21: 
reg__117: 
logic__109: 
reg__47: 
counter__40: 
reg__109: 
reg__129: 
counter__102: 
reg__60: 
logic__477: 
counter__36: 
reg__37: 
logic__465: 
logic__369: 
counter__28: 
logic__213: 
reg__81: 
logic__413: 
counter__91: 
logic__3: 
logic__457: 
logic__437: 
reg__26: 
reg__62: 
reg__12: 
counter__93: 
logic__249: 
reg__53: 
counter__101: 
reg__11: 
reg__132: 
logic__13: 
datapath: 
reg__120: 
logic__445: 
reg__77: 
s00_couplers_imp_17XXMTV: 
logic__41: 
reg__131: 
logic__417: 
reg__6: 
reg__91: 
logic__133: 
logic__501: 
counter__81: 
counter__71: 
reg__33: 
reg__50: 
logic__333: 
reg__7: 
counter__78: 
logic__81: 
reg__106: 
logic__377: 
EosMuonDAQ: 
reg__95: 
reg__107: 
logic__409: 
reg__90: 
reg__78: 
reg__75: 
logic__105: 
counter__3: 
counter__110: 
counter__82: 
logic__73: 
reg__48: 
logic__221: 
reg__38: 
logic__285: 
reg__96: 
logic__481: 
counter__62: 
reg__15: 
counter__116: 
counter__51: 
reg__68: 
counter__77: 
logic__353: 
reg__18: 
logic__297: 
counter__38: 
logic__321: 
reg__59: 
reg__20: 
reg__56: 
counter__113: 
counter__54: 
reg__28: 
counter__37: 
logic__485: 
counter__96: 
counter__8: 
reg__101: 
logic__10: 
counter__100: 
logic__389: 
counter__25: 
reg__43: 
logic__253: 
reg__40: 
logic__209: 
counter__35: 
counter__103: 
counter__27: 
counter__89: 
logic__265: 
logic__489: 
counter__111: 
reg__98: 
counter__108: 
reg__61: 
counter__29: 
logic__6: 
logic__161: 
logic__77: 
logic__453: 
reg__104: 
counter__11: 
counter__50: 
reg__87: 
logic__449: 
counter__73: 
counter__7: 
logic__217: 
reg__52: 
counter__72: 
counter__14: 
counter__88: 
counter__23: 
reg__54: 
logic__365: 
muxpart: 
reg__24: 
reg__36: 
counter__120: 
reg__8: 
counter__123: 
reg__31: 
counter__20: 
logic__117: 
logic__469: 
logic__205: 
counter__12: 
reg__92: 
reg__100: 
counter__79: 
logic__405: 
reg__14: 
reg__73: 
counter__33: 
reg__23: 
counter__75: 
logic__425: 
counter__24: 
logic__361: 
counter__34: 
reg__25: 
logic__153: 
reg__10: 
counter__57: 
reg__58: 
reg__80: 
reg__103: 
counter__68: 
logic__349: 
reg__55: 
logic__89: 
reg__99: 
reg__84: 
