
*** Running vivado
    with args -log Mercury_XU5_PE1.vdi -applog -m64 -product Vivado -messageDb vivado.pb -mode batch -source Mercury_XU5_PE1.tcl -notrace


****** Vivado v2022.2 (64-bit)
  **** SW Build 3671981 on Fri Oct 14 04:59:54 MDT 2022
  **** IP Build 3669848 on Fri Oct 14 08:30:02 MDT 2022
    ** Copyright 1986-2022 Xilinx, Inc. All Rights Reserved.

WARNING: [Runs 36-547] User Strategy 'Vivado Implementation Defaults' from file '/home/wto/.Xilinx/Vivado/2022.2/strategies/Vivado Implementation Defaults_2.Vivado Implementation 2022.psg' discarded because strategy with same name already parsed from '/home/wto/Xilinx/Vivado/2022.2/strategies/VDI2022.psg'
WARNING: [Runs 36-547] User Strategy 'Vivado Synthesis Defaults' from file '/home/wto/.Xilinx/Vivado/2022.2/strategies/Vivado Synthesis Defaults.Vivado Synthesis 2022.psg' discarded because strategy with same name already parsed from '/home/wto/Xilinx/Vivado/2022.2/strategies/VDS2022.psg'
WARNING: [Runs 36-547] User Strategy 'Vivado Implementation Defaults' from file '/home/wto/.Xilinx/Vivado/2022.2/strategies/Vivado Implementation Defaults.Vivado Implementation 2022.psg' discarded because strategy with same name already parsed from '/home/wto/Xilinx/Vivado/2022.2/strategies/VDI2022.psg'
WARNING: [Runs 36-547] User Strategy 'Vivado Synthesis Defaults' from file '/home/wto/.Xilinx/Vivado/2022.2/strategies/Vivado Synthesis Defaults_2.Vivado Synthesis 2022.psg' discarded because strategy with same name already parsed from '/home/wto/Xilinx/Vivado/2022.2/strategies/VDS2022.psg'
source Mercury_XU5_PE1.tcl -notrace
WARNING: [Common 17-1361] You have specified a new message control rule that is equivalent to an existing rule with attributes ' -id {[BD 41-1306]}  -suppress '. The existing rule will be replaced.
WARNING: [Common 17-1361] You have specified a new message control rule that is equivalent to an existing rule with attributes ' -id {[BD 41-1306]}  -suppress '. The existing rule will be replaced.
WARNING: [Common 17-1361] You have specified a new message control rule that is equivalent to an existing rule with attributes ' -id {[BD 41-1271]}  -suppress '. The existing rule will be replaced.
WARNING: [Common 17-1361] You have specified a new message control rule that is equivalent to an existing rule with attributes ' -id {[BD 41-1306]}  -suppress '. The existing rule will be replaced.
WARNING: [Common 17-1361] You have specified a new message control rule that is equivalent to an existing rule with attributes ' -id {[BD 41-1271]}  -suppress '. The existing rule will be replaced.
WARNING: [Common 17-1361] You have specified a new message control rule that is equivalent to an existing rule with attributes ' -id {[BD 41-1306]}  -suppress '. The existing rule will be replaced.
WARNING: [Common 17-1361] You have specified a new message control rule that is equivalent to an existing rule with attributes ' -id {[BD 41-1271]}  -suppress '. The existing rule will be replaced.
WARNING: [Common 17-1361] You have specified a new message control rule that is equivalent to an existing rule with attributes ' -id {[BD 41-1306]}  -suppress '. The existing rule will be replaced.
WARNING: [Common 17-1361] You have specified a new message control rule that is equivalent to an existing rule with attributes ' -id {[BD 41-1271]}  -suppress '. The existing rule will be replaced.
WARNING: [Common 17-1361] You have specified a new message control rule that is equivalent to an existing rule with attributes ' -id {[BD 41-1306]}  -suppress '. The existing rule will be replaced.
WARNING: [Common 17-1361] You have specified a new message control rule that is equivalent to an existing rule with attributes ' -id {[BD 41-1271]}  -suppress '. The existing rule will be replaced.
WARNING: [Common 17-1361] You have specified a new message control rule that is equivalent to an existing rule with attributes ' -id {[BD 41-1306]}  -suppress '. The existing rule will be replaced.
WARNING: [Common 17-1361] You have specified a new message control rule that is equivalent to an existing rule with attributes ' -id {[BD 41-1271]}  -suppress '. The existing rule will be replaced.
WARNING: [Common 17-1361] You have specified a new message control rule that is equivalent to an existing rule with attributes ' -id {[BD 41-1306]}  -suppress '. The existing rule will be replaced.
WARNING: [Common 17-1361] You have specified a new message control rule that is equivalent to an existing rule with attributes ' -id {[BD 41-1271]}  -suppress '. The existing rule will be replaced.
WARNING: [Common 17-1361] You have specified a new message control rule that is equivalent to an existing rule with attributes ' -id {[BD 41-1306]}  -suppress '. The existing rule will be replaced.
WARNING: [Common 17-1361] You have specified a new message control rule that is equivalent to an existing rule with attributes ' -id {[BD 41-1271]}  -suppress '. The existing rule will be replaced.
WARNING: [Common 17-1361] You have specified a new message control rule that is equivalent to an existing rule with attributes ' -id {[BD 41-1306]}  -suppress '. The existing rule will be replaced.
source /home/wto/Eos/EosMuon/ME-XU5-2EG-1I-D11E/Mercury_XU5_PE1.srcs/utils_1/imports/scripts/settings.tcl
INFO: settings.tcl file loaded.
INFO: [IP_Flow 19-234] Refreshing IP repositories
INFO: [IP_Flow 19-1700] Loaded user IP repository '/home/wto/Eos/EosMuon/ip_repo'.
INFO: [IP_Flow 19-2313] Loaded Vivado IP repository '/home/wto/Xilinx/Vivado/2022.2/data/ip'.
WARNING: [filemgmt 56-443] The ECC Algorithm string is empty. Setting the Memory Map to default ECC value to ECC_NONE.
WARNING: [filemgmt 56-443] The ECC Algorithm string is empty. Setting the Memory Map to default ECC value to ECC_NONE.
Command: link_design -top Mercury_XU5_PE1 -part xczu2eg-sfvc784-1-i
Design is defaulting to srcset: sources_1
Design is defaulting to constrset: constrs_1
INFO: [Device 21-403] Loading part xczu2eg-sfvc784-1-i
INFO: [Project 1-454] Reading design checkpoint '/home/wto/Eos/EosMuon/ME-XU5-2EG-1I-D11E/Mercury_XU5_PE1.gen/sources_1/bd/Mercury_XU5/ip/Mercury_XU5_clk_wiz_0_0/Mercury_XU5_clk_wiz_0_0.dcp' for cell 'Mercury_XU5_i/clk_wiz_0'
INFO: [Project 1-454] Reading design checkpoint '/home/wto/Eos/EosMuon/ME-XU5-2EG-1I-D11E/Mercury_XU5_PE1.gen/sources_1/bd/Mercury_XU5/ip/Mercury_XU5_ddr4_0/Mercury_XU5_ddr4_0.dcp' for cell 'Mercury_XU5_i/ddr4'
INFO: [Project 1-454] Reading design checkpoint '/home/wto/Eos/EosMuon/ME-XU5-2EG-1I-D11E/Mercury_XU5_PE1.gen/sources_1/bd/Mercury_XU5/ip/Mercury_XU5_ddr4_sys_rst_0/Mercury_XU5_ddr4_sys_rst_0.dcp' for cell 'Mercury_XU5_i/ddr4_sys_rst'
INFO: [Project 1-454] Reading design checkpoint '/home/wto/Eos/EosMuon/ME-XU5-2EG-1I-D11E/Mercury_XU5_PE1.gen/sources_1/bd/Mercury_XU5/ip/Mercury_XU5_led_0/Mercury_XU5_led_0.dcp' for cell 'Mercury_XU5_i/led'
INFO: [Project 1-454] Reading design checkpoint '/home/wto/Eos/EosMuon/ME-XU5-2EG-1I-D11E/Mercury_XU5_PE1.gen/sources_1/bd/Mercury_XU5/ip/Mercury_XU5_ps_sys_rst_0/Mercury_XU5_ps_sys_rst_0.dcp' for cell 'Mercury_XU5_i/ps_sys_rst'
INFO: [Project 1-454] Reading design checkpoint '/home/wto/Eos/EosMuon/ME-XU5-2EG-1I-D11E/Mercury_XU5_PE1.gen/sources_1/bd/Mercury_XU5/ip/Mercury_XU5_reg_bank_0_0/Mercury_XU5_reg_bank_0_0.dcp' for cell 'Mercury_XU5_i/reg_bank_0'
INFO: [Project 1-454] Reading design checkpoint '/home/wto/Eos/EosMuon/ME-XU5-2EG-1I-D11E/Mercury_XU5_PE1.gen/sources_1/bd/Mercury_XU5/ip/Mercury_XU5_reg_bank_1_0/Mercury_XU5_reg_bank_1_0.dcp' for cell 'Mercury_XU5_i/reg_bank_1'
INFO: [Project 1-454] Reading design checkpoint '/home/wto/Eos/EosMuon/ME-XU5-2EG-1I-D11E/Mercury_XU5_PE1.gen/sources_1/bd/Mercury_XU5/ip/Mercury_XU5_smartconnect_00_0/Mercury_XU5_smartconnect_00_0.dcp' for cell 'Mercury_XU5_i/smartconnect_00'
INFO: [Project 1-454] Reading design checkpoint '/home/wto/Eos/EosMuon/ME-XU5-2EG-1I-D11E/Mercury_XU5_PE1.gen/sources_1/bd/Mercury_XU5/ip/Mercury_XU5_system_management_wiz_0/Mercury_XU5_system_management_wiz_0.dcp' for cell 'Mercury_XU5_i/system_management_wiz'
INFO: [Project 1-454] Reading design checkpoint '/home/wto/Eos/EosMuon/ME-XU5-2EG-1I-D11E/Mercury_XU5_PE1.gen/sources_1/bd/Mercury_XU5/ip/Mercury_XU5_zynq_ultra_ps_e_0/Mercury_XU5_zynq_ultra_ps_e_0.dcp' for cell 'Mercury_XU5_i/zynq_ultra_ps_e'
INFO: [Project 1-454] Reading design checkpoint '/home/wto/Eos/EosMuon/ME-XU5-2EG-1I-D11E/Mercury_XU5_PE1.gen/sources_1/bd/Mercury_XU5/ip/Mercury_XU5_auto_cc_0/Mercury_XU5_auto_cc_0.dcp' for cell 'Mercury_XU5_i/axi_interconnect_0/s00_couplers/auto_cc'
Netlist sorting complete. Time (s): cpu = 00:00:00.33 ; elapsed = 00:00:00.33 . Memory (MB): peak = 2659.328 ; gain = 0.000 ; free physical = 2320 ; free virtual = 26080
INFO: [Netlist 29-17] Analyzing 2155 Unisim elements for replacement
INFO: [Netlist 29-28] Unisim Transformation completed in 0 CPU seconds
INFO: [Project 1-479] Netlist was created with Vivado 2022.2
INFO: [Project 1-570] Preparing netlist for logic optimization
INFO: [Chipscope 16-324] Core: Mercury_XU5_i/ddr4 UUID: dc50a6c0-8962-5d73-b86d-3a1223eecc46 
Parsing XDC File [/home/wto/Eos/EosMuon/ME-XU5-2EG-1I-D11E/Mercury_XU5_PE1.gen/sources_1/bd/Mercury_XU5/ip/Mercury_XU5_ddr4_0/bd_0/ip/ip_10/bd_8825_iomodule_0_0_board.xdc] for cell 'Mercury_XU5_i/ddr4/inst/u_ddr4_mem_intfc/u_ddr_cal_riu/mcs0/U0/iomodule_0/U0'
Finished Parsing XDC File [/home/wto/Eos/EosMuon/ME-XU5-2EG-1I-D11E/Mercury_XU5_PE1.gen/sources_1/bd/Mercury_XU5/ip/Mercury_XU5_ddr4_0/bd_0/ip/ip_10/bd_8825_iomodule_0_0_board.xdc] for cell 'Mercury_XU5_i/ddr4/inst/u_ddr4_mem_intfc/u_ddr_cal_riu/mcs0/U0/iomodule_0/U0'
Parsing XDC File [/home/wto/Eos/EosMuon/ME-XU5-2EG-1I-D11E/Mercury_XU5_PE1.gen/sources_1/bd/Mercury_XU5/ip/Mercury_XU5_smartconnect_00_0/bd_0/ip/ip_1/bd_3ad7_psr_aclk_0.xdc] for cell 'Mercury_XU5_i/smartconnect_00/inst/clk_map/psr_aclk/U0'
Finished Parsing XDC File [/home/wto/Eos/EosMuon/ME-XU5-2EG-1I-D11E/Mercury_XU5_PE1.gen/sources_1/bd/Mercury_XU5/ip/Mercury_XU5_smartconnect_00_0/bd_0/ip/ip_1/bd_3ad7_psr_aclk_0.xdc] for cell 'Mercury_XU5_i/smartconnect_00/inst/clk_map/psr_aclk/U0'
Parsing XDC File [/home/wto/Eos/EosMuon/ME-XU5-2EG-1I-D11E/Mercury_XU5_PE1.gen/sources_1/bd/Mercury_XU5/ip/Mercury_XU5_smartconnect_00_0/bd_0/ip/ip_1/bd_3ad7_psr_aclk_0_board.xdc] for cell 'Mercury_XU5_i/smartconnect_00/inst/clk_map/psr_aclk/U0'
Finished Parsing XDC File [/home/wto/Eos/EosMuon/ME-XU5-2EG-1I-D11E/Mercury_XU5_PE1.gen/sources_1/bd/Mercury_XU5/ip/Mercury_XU5_smartconnect_00_0/bd_0/ip/ip_1/bd_3ad7_psr_aclk_0_board.xdc] for cell 'Mercury_XU5_i/smartconnect_00/inst/clk_map/psr_aclk/U0'
Parsing XDC File [/home/wto/Eos/EosMuon/ME-XU5-2EG-1I-D11E/Mercury_XU5_PE1.gen/sources_1/bd/Mercury_XU5/ip/Mercury_XU5_ddr4_sys_rst_0/Mercury_XU5_ddr4_sys_rst_0.xdc] for cell 'Mercury_XU5_i/ddr4_sys_rst/U0'
Finished Parsing XDC File [/home/wto/Eos/EosMuon/ME-XU5-2EG-1I-D11E/Mercury_XU5_PE1.gen/sources_1/bd/Mercury_XU5/ip/Mercury_XU5_ddr4_sys_rst_0/Mercury_XU5_ddr4_sys_rst_0.xdc] for cell 'Mercury_XU5_i/ddr4_sys_rst/U0'
Parsing XDC File [/home/wto/Eos/EosMuon/ME-XU5-2EG-1I-D11E/Mercury_XU5_PE1.gen/sources_1/bd/Mercury_XU5/ip/Mercury_XU5_ddr4_sys_rst_0/Mercury_XU5_ddr4_sys_rst_0_board.xdc] for cell 'Mercury_XU5_i/ddr4_sys_rst/U0'
Finished Parsing XDC File [/home/wto/Eos/EosMuon/ME-XU5-2EG-1I-D11E/Mercury_XU5_PE1.gen/sources_1/bd/Mercury_XU5/ip/Mercury_XU5_ddr4_sys_rst_0/Mercury_XU5_ddr4_sys_rst_0_board.xdc] for cell 'Mercury_XU5_i/ddr4_sys_rst/U0'
Parsing XDC File [/home/wto/Eos/EosMuon/ME-XU5-2EG-1I-D11E/Mercury_XU5_PE1.gen/sources_1/bd/Mercury_XU5/ip/Mercury_XU5_ps_sys_rst_0/Mercury_XU5_ps_sys_rst_0.xdc] for cell 'Mercury_XU5_i/ps_sys_rst/U0'
Finished Parsing XDC File [/home/wto/Eos/EosMuon/ME-XU5-2EG-1I-D11E/Mercury_XU5_PE1.gen/sources_1/bd/Mercury_XU5/ip/Mercury_XU5_ps_sys_rst_0/Mercury_XU5_ps_sys_rst_0.xdc] for cell 'Mercury_XU5_i/ps_sys_rst/U0'
Parsing XDC File [/home/wto/Eos/EosMuon/ME-XU5-2EG-1I-D11E/Mercury_XU5_PE1.gen/sources_1/bd/Mercury_XU5/ip/Mercury_XU5_ps_sys_rst_0/Mercury_XU5_ps_sys_rst_0_board.xdc] for cell 'Mercury_XU5_i/ps_sys_rst/U0'
Finished Parsing XDC File [/home/wto/Eos/EosMuon/ME-XU5-2EG-1I-D11E/Mercury_XU5_PE1.gen/sources_1/bd/Mercury_XU5/ip/Mercury_XU5_ps_sys_rst_0/Mercury_XU5_ps_sys_rst_0_board.xdc] for cell 'Mercury_XU5_i/ps_sys_rst/U0'
Parsing XDC File [/home/wto/Eos/EosMuon/ME-XU5-2EG-1I-D11E/Mercury_XU5_PE1.gen/sources_1/bd/Mercury_XU5/ip/Mercury_XU5_clk_wiz_0_0/Mercury_XU5_clk_wiz_0_0.xdc] for cell 'Mercury_XU5_i/clk_wiz_0/inst'
Finished Parsing XDC File [/home/wto/Eos/EosMuon/ME-XU5-2EG-1I-D11E/Mercury_XU5_PE1.gen/sources_1/bd/Mercury_XU5/ip/Mercury_XU5_clk_wiz_0_0/Mercury_XU5_clk_wiz_0_0.xdc] for cell 'Mercury_XU5_i/clk_wiz_0/inst'
Parsing XDC File [/home/wto/Eos/EosMuon/ME-XU5-2EG-1I-D11E/Mercury_XU5_PE1.gen/sources_1/bd/Mercury_XU5/ip/Mercury_XU5_clk_wiz_0_0/Mercury_XU5_clk_wiz_0_0_board.xdc] for cell 'Mercury_XU5_i/clk_wiz_0/inst'
Finished Parsing XDC File [/home/wto/Eos/EosMuon/ME-XU5-2EG-1I-D11E/Mercury_XU5_PE1.gen/sources_1/bd/Mercury_XU5/ip/Mercury_XU5_clk_wiz_0_0/Mercury_XU5_clk_wiz_0_0_board.xdc] for cell 'Mercury_XU5_i/clk_wiz_0/inst'
Parsing XDC File [/home/wto/Eos/EosMuon/ME-XU5-2EG-1I-D11E/Mercury_XU5_PE1.gen/sources_1/bd/Mercury_XU5/ip/Mercury_XU5_ddr4_0/par/Mercury_XU5_ddr4_0.xdc] for cell 'Mercury_XU5_i/ddr4/inst'
Finished Parsing XDC File [/home/wto/Eos/EosMuon/ME-XU5-2EG-1I-D11E/Mercury_XU5_PE1.gen/sources_1/bd/Mercury_XU5/ip/Mercury_XU5_ddr4_0/par/Mercury_XU5_ddr4_0.xdc] for cell 'Mercury_XU5_i/ddr4/inst'
Parsing XDC File [/home/wto/Eos/EosMuon/ME-XU5-2EG-1I-D11E/Mercury_XU5_PE1.gen/sources_1/bd/Mercury_XU5/ip/Mercury_XU5_ddr4_0/ip_0/Mercury_XU5_ddr4_0_microblaze_mcs_board.xdc] for cell 'Mercury_XU5_i/ddr4/inst/u_ddr4_mem_intfc/u_ddr_cal_riu/mcs0/U0'
Finished Parsing XDC File [/home/wto/Eos/EosMuon/ME-XU5-2EG-1I-D11E/Mercury_XU5_PE1.gen/sources_1/bd/Mercury_XU5/ip/Mercury_XU5_ddr4_0/ip_0/Mercury_XU5_ddr4_0_microblaze_mcs_board.xdc] for cell 'Mercury_XU5_i/ddr4/inst/u_ddr4_mem_intfc/u_ddr_cal_riu/mcs0/U0'
Parsing XDC File [/home/wto/Eos/EosMuon/ME-XU5-2EG-1I-D11E/Mercury_XU5_PE1.gen/sources_1/bd/Mercury_XU5/ip/Mercury_XU5_zynq_ultra_ps_e_0/Mercury_XU5_zynq_ultra_ps_e_0.xdc] for cell 'Mercury_XU5_i/zynq_ultra_ps_e/U0'
Finished Parsing XDC File [/home/wto/Eos/EosMuon/ME-XU5-2EG-1I-D11E/Mercury_XU5_PE1.gen/sources_1/bd/Mercury_XU5/ip/Mercury_XU5_zynq_ultra_ps_e_0/Mercury_XU5_zynq_ultra_ps_e_0.xdc] for cell 'Mercury_XU5_i/zynq_ultra_ps_e/U0'
Parsing XDC File [/home/wto/Eos/EosMuon/ME-XU5-2EG-1I-D11E/Mercury_XU5_PE1.gen/sources_1/bd/Mercury_XU5/ip/Mercury_XU5_ddr4_0/bd_0/ip/ip_3/bd_8825_dlmb_0.xdc] for cell 'Mercury_XU5_i/ddr4/inst/u_ddr4_mem_intfc/u_ddr_cal_riu/mcs0/U0/dlmb/U0'
Finished Parsing XDC File [/home/wto/Eos/EosMuon/ME-XU5-2EG-1I-D11E/Mercury_XU5_PE1.gen/sources_1/bd/Mercury_XU5/ip/Mercury_XU5_ddr4_0/bd_0/ip/ip_3/bd_8825_dlmb_0.xdc] for cell 'Mercury_XU5_i/ddr4/inst/u_ddr4_mem_intfc/u_ddr_cal_riu/mcs0/U0/dlmb/U0'
Parsing XDC File [/home/wto/Eos/EosMuon/ME-XU5-2EG-1I-D11E/Mercury_XU5_PE1.gen/sources_1/bd/Mercury_XU5/ip/Mercury_XU5_ddr4_0/bd_0/ip/ip_2/bd_8825_ilmb_0.xdc] for cell 'Mercury_XU5_i/ddr4/inst/u_ddr4_mem_intfc/u_ddr_cal_riu/mcs0/U0/ilmb/U0'
Finished Parsing XDC File [/home/wto/Eos/EosMuon/ME-XU5-2EG-1I-D11E/Mercury_XU5_PE1.gen/sources_1/bd/Mercury_XU5/ip/Mercury_XU5_ddr4_0/bd_0/ip/ip_2/bd_8825_ilmb_0.xdc] for cell 'Mercury_XU5_i/ddr4/inst/u_ddr4_mem_intfc/u_ddr_cal_riu/mcs0/U0/ilmb/U0'
Parsing XDC File [/home/wto/Eos/EosMuon/ME-XU5-2EG-1I-D11E/Mercury_XU5_PE1.gen/sources_1/bd/Mercury_XU5/ip/Mercury_XU5_ddr4_0/bd_0/ip/ip_1/bd_8825_rst_0_0.xdc] for cell 'Mercury_XU5_i/ddr4/inst/u_ddr4_mem_intfc/u_ddr_cal_riu/mcs0/U0/rst_0/U0'
Finished Parsing XDC File [/home/wto/Eos/EosMuon/ME-XU5-2EG-1I-D11E/Mercury_XU5_PE1.gen/sources_1/bd/Mercury_XU5/ip/Mercury_XU5_ddr4_0/bd_0/ip/ip_1/bd_8825_rst_0_0.xdc] for cell 'Mercury_XU5_i/ddr4/inst/u_ddr4_mem_intfc/u_ddr_cal_riu/mcs0/U0/rst_0/U0'
Parsing XDC File [/home/wto/Eos/EosMuon/ME-XU5-2EG-1I-D11E/Mercury_XU5_PE1.gen/sources_1/bd/Mercury_XU5/ip/Mercury_XU5_ddr4_0/bd_0/ip/ip_1/bd_8825_rst_0_0_board.xdc] for cell 'Mercury_XU5_i/ddr4/inst/u_ddr4_mem_intfc/u_ddr_cal_riu/mcs0/U0/rst_0/U0'
Finished Parsing XDC File [/home/wto/Eos/EosMuon/ME-XU5-2EG-1I-D11E/Mercury_XU5_PE1.gen/sources_1/bd/Mercury_XU5/ip/Mercury_XU5_ddr4_0/bd_0/ip/ip_1/bd_8825_rst_0_0_board.xdc] for cell 'Mercury_XU5_i/ddr4/inst/u_ddr4_mem_intfc/u_ddr_cal_riu/mcs0/U0/rst_0/U0'
Parsing XDC File [/home/wto/Eos/EosMuon/ME-XU5-2EG-1I-D11E/Mercury_XU5_PE1.gen/sources_1/bd/Mercury_XU5/ip/Mercury_XU5_ddr4_0/bd_0/ip/ip_0/bd_8825_microblaze_I_0.xdc] for cell 'Mercury_XU5_i/ddr4/inst/u_ddr4_mem_intfc/u_ddr_cal_riu/mcs0/U0/microblaze_I/U0'
Finished Parsing XDC File [/home/wto/Eos/EosMuon/ME-XU5-2EG-1I-D11E/Mercury_XU5_PE1.gen/sources_1/bd/Mercury_XU5/ip/Mercury_XU5_ddr4_0/bd_0/ip/ip_0/bd_8825_microblaze_I_0.xdc] for cell 'Mercury_XU5_i/ddr4/inst/u_ddr4_mem_intfc/u_ddr_cal_riu/mcs0/U0/microblaze_I/U0'
Parsing XDC File [/home/wto/Eos/EosMuon/ME-XU5-2EG-1I-D11E/Mercury_XU5_PE1.gen/sources_1/bd/Mercury_XU5/ip/Mercury_XU5_led_0/Mercury_XU5_led_0.xdc] for cell 'Mercury_XU5_i/led/U0'
Finished Parsing XDC File [/home/wto/Eos/EosMuon/ME-XU5-2EG-1I-D11E/Mercury_XU5_PE1.gen/sources_1/bd/Mercury_XU5/ip/Mercury_XU5_led_0/Mercury_XU5_led_0.xdc] for cell 'Mercury_XU5_i/led/U0'
Parsing XDC File [/home/wto/Eos/EosMuon/ME-XU5-2EG-1I-D11E/Mercury_XU5_PE1.gen/sources_1/bd/Mercury_XU5/ip/Mercury_XU5_led_0/Mercury_XU5_led_0_board.xdc] for cell 'Mercury_XU5_i/led/U0'
Finished Parsing XDC File [/home/wto/Eos/EosMuon/ME-XU5-2EG-1I-D11E/Mercury_XU5_PE1.gen/sources_1/bd/Mercury_XU5/ip/Mercury_XU5_led_0/Mercury_XU5_led_0_board.xdc] for cell 'Mercury_XU5_i/led/U0'
Parsing XDC File [/home/wto/Eos/EosMuon/ME-XU5-2EG-1I-D11E/Mercury_XU5_PE1.gen/sources_1/bd/Mercury_XU5/ip/Mercury_XU5_system_management_wiz_0/Mercury_XU5_system_management_wiz_0.xdc] for cell 'Mercury_XU5_i/system_management_wiz/U0'
Finished Parsing XDC File [/home/wto/Eos/EosMuon/ME-XU5-2EG-1I-D11E/Mercury_XU5_PE1.gen/sources_1/bd/Mercury_XU5/ip/Mercury_XU5_system_management_wiz_0/Mercury_XU5_system_management_wiz_0.xdc] for cell 'Mercury_XU5_i/system_management_wiz/U0'
Parsing XDC File [/home/wto/Eos/EosMuon/ME-XU5-2EG-1I-D11E/Mercury_XU5_PE1.gen/sources_1/bd/Mercury_XU5/ip/Mercury_XU5_system_management_wiz_0/Mercury_XU5_system_management_wiz_0_board.xdc] for cell 'Mercury_XU5_i/system_management_wiz/U0'
Finished Parsing XDC File [/home/wto/Eos/EosMuon/ME-XU5-2EG-1I-D11E/Mercury_XU5_PE1.gen/sources_1/bd/Mercury_XU5/ip/Mercury_XU5_system_management_wiz_0/Mercury_XU5_system_management_wiz_0_board.xdc] for cell 'Mercury_XU5_i/system_management_wiz/U0'
Sourcing Tcl File [/home/wto/Eos/EosMuon/ME-XU5-2EG-1I-D11E/Mercury_XU5_PE1.srcs/constrs_1/imports/src/Mercury_XU5_gmii2rgmii_timing.tcl]
INFO: [Constraints 18-483] create_clock: no pin(s)/port(s)/net(s) specified as objects, only virtual clock 'RGMII_RX_CLK_VIRT' will be created. If you don't want this, please specify pin(s)/ports(s)/net(s) as objects to the command. [/home/wto/Eos/EosMuon/ME-XU5-2EG-1I-D11E/Mercury_XU5_PE1.srcs/constrs_1/imports/src/Mercury_XU5_gmii2rgmii_timing.tcl:22]
INFO: [Timing 38-35] Done setting XDC timing constraints. [/home/wto/Eos/EosMuon/ME-XU5-2EG-1I-D11E/Mercury_XU5_PE1.srcs/constrs_1/imports/src/Mercury_XU5_gmii2rgmii_timing.tcl:22]
INFO: [Timing 38-2] Deriving generated clocks [/home/wto/Eos/EosMuon/ME-XU5-2EG-1I-D11E/Mercury_XU5_PE1.srcs/constrs_1/imports/src/Mercury_XU5_gmii2rgmii_timing.tcl:22]
Finished Sourcing Tcl File [/home/wto/Eos/EosMuon/ME-XU5-2EG-1I-D11E/Mercury_XU5_PE1.srcs/constrs_1/imports/src/Mercury_XU5_gmii2rgmii_timing.tcl]
Parsing XDC File [/home/wto/Eos/EosMuon/ME-XU5-2EG-1I-D11E/Mercury_XU5_PE1.srcs/constrs_1/imports/src/Mercury_XU5_LED_timing.xdc]
Finished Parsing XDC File [/home/wto/Eos/EosMuon/ME-XU5-2EG-1I-D11E/Mercury_XU5_PE1.srcs/constrs_1/imports/src/Mercury_XU5_LED_timing.xdc]
Sourcing Tcl File [/home/wto/Eos/EosMuon/ME-XU5-2EG-1I-D11E/Mercury_XU5_PE1.srcs/constrs_1/imports/src/Mercury_XU5_PE1.tcl]
WARNING: [Vivado 12-4174] DIFF_TERM is not supported in UltraScale devices.  Automatically translating DIFF_TERM of TRUE to DIFF_TERM_ADV=TERM_100.  Refer to UG571: UltraScale Architecture SelectIO User Guide for more detail. [/home/wto/Eos/EosMuon/ME-XU5-2EG-1I-D11E/Mercury_XU5_PE1.srcs/constrs_1/imports/src/Mercury_XU5_PE1.tcl:173]
Finished Sourcing Tcl File [/home/wto/Eos/EosMuon/ME-XU5-2EG-1I-D11E/Mercury_XU5_PE1.srcs/constrs_1/imports/src/Mercury_XU5_PE1.tcl]
Parsing XDC File [/home/wto/Eos/EosMuon/ME-XU5-2EG-1I-D11E/Mercury_XU5_PE1.gen/sources_1/bd/Mercury_XU5/ip/Mercury_XU5_ddr4_0/Mercury_XU5_ddr4_0_board.xdc] for cell 'Mercury_XU5_i/ddr4/inst'
Finished Parsing XDC File [/home/wto/Eos/EosMuon/ME-XU5-2EG-1I-D11E/Mercury_XU5_PE1.gen/sources_1/bd/Mercury_XU5/ip/Mercury_XU5_ddr4_0/Mercury_XU5_ddr4_0_board.xdc] for cell 'Mercury_XU5_i/ddr4/inst'
Parsing XDC File [/home/wto/Eos/EosMuon/ME-XU5-2EG-1I-D11E/Mercury_XU5_PE1.gen/sources_1/bd/Mercury_XU5/ip/Mercury_XU5_auto_cc_0/Mercury_XU5_auto_cc_0_clocks.xdc] for cell 'Mercury_XU5_i/axi_interconnect_0/s00_couplers/auto_cc/inst'
Finished Parsing XDC File [/home/wto/Eos/EosMuon/ME-XU5-2EG-1I-D11E/Mercury_XU5_PE1.gen/sources_1/bd/Mercury_XU5/ip/Mercury_XU5_auto_cc_0/Mercury_XU5_auto_cc_0_clocks.xdc] for cell 'Mercury_XU5_i/axi_interconnect_0/s00_couplers/auto_cc/inst'
INFO: [Project 1-1714] 100 XPM XDC files have been applied to the design.
INFO: [Opt 31-138] Pushed 0 inverter(s) to 0 load pin(s).
Generating merged BMM file for the design top 'Mercury_XU5_PE1'...
INFO: [Memdata 28-144] Successfully populated the BRAM INIT strings from the following elf files: /home/wto/Eos/EosMuon/ME-XU5-2EG-1I-D11E/Mercury_XU5_PE1.gen/sources_1/bd/Mercury_XU5/ip/Mercury_XU5_ddr4_0/sw/calibration_0/Debug/calibration_ddr.elf 
Netlist sorting complete. Time (s): cpu = 00:00:00 ; elapsed = 00:00:00.01 . Memory (MB): peak = 3895.852 ; gain = 0.000 ; free physical = 1431 ; free virtual = 25163
INFO: [Project 1-111] Unisim Transformation Summary:
  A total of 311 instances were transformed.
  DSP48E1 => DSP48E2 (DSP_ALU, DSP_A_B_DATA, DSP_C_DATA, DSP_MULTIPLIER, DSP_M_DATA, DSP_OUTPUT, DSP_PREADD, DSP_PREADD_DATA): 3 instances
  IBUF => IBUF (IBUFCTRL, INBUF): 141 instances
  IBUFDS => IBUFDS (DIFFINBUF, IBUFCTRL): 2 instances
  IOBUF => IOBUF (IBUFCTRL, INBUF, OBUFT): 3 instances
  IOBUFDS => IOBUFDS (DIFFINBUF, IBUFCTRL, INV, OBUFT(x2)): 2 instances
  IOBUFE3 => IOBUFE3 (IBUFCTRL, INBUF, OBUFT_DCIEN): 18 instances
  LUT6_2 => LUT6_2 (LUT5, LUT6): 31 instances
  OBUFDS => OBUFDS_DUAL_BUF (INV, OBUF(x2)): 1 instance 
  RAM32M => RAM32M (RAMD32(x6), RAMS32(x2)): 72 instances
  RAM32M16 => RAM32M16 (RAMD32(x14), RAMS32(x2)): 36 instances
  RAM64M8 => RAM64M8 (RAMD64E(x8)): 2 instances

27 Infos, 21 Warnings, 0 Critical Warnings and 0 Errors encountered.
link_design completed successfully
link_design: Time (s): cpu = 00:00:33 ; elapsed = 00:00:29 . Memory (MB): peak = 3895.852 ; gain = 2104.891 ; free physical = 1431 ; free virtual = 25163
Command: opt_design
Attempting to get a license for feature 'Implementation' and/or device 'xczu2eg'
INFO: [Common 17-349] Got license for feature 'Implementation' and/or device 'xczu2eg'
Running DRC as a precondition to command opt_design

Starting DRC Task
INFO: [DRC 23-27] Running DRC with 8 threads
INFO: [Project 1-461] DRC finished with 0 Errors, 19 Warnings
INFO: [Project 1-462] Please refer to the DRC report (report_drc) for more information.

Time (s): cpu = 00:00:02 ; elapsed = 00:00:01 . Memory (MB): peak = 3895.852 ; gain = 0.000 ; free physical = 1446 ; free virtual = 25178

Starting Cache Timing Information Task
INFO: [Constraints 18-483] create_clock: no pin(s)/port(s)/net(s) specified as objects, only virtual clock 'RGMII_RX_CLK_VIRT' will be created. If you don't want this, please specify pin(s)/ports(s)/net(s) as objects to the command. [/home/wto/Eos/EosMuon/ME-XU5-2EG-1I-D11E/Mercury_XU5_PE1.srcs/constrs_1/imports/src/Mercury_XU5_gmii2rgmii_timing.tcl:22]
INFO: [Timing 38-35] Done setting XDC timing constraints.
Ending Cache Timing Information Task | Checksum: ad27e8c1

Time (s): cpu = 00:00:06 ; elapsed = 00:00:03 . Memory (MB): peak = 3895.852 ; gain = 0.000 ; free physical = 1403 ; free virtual = 25192

Starting Logic Optimization Task

Phase 1 Generate And Synthesize MIG Cores
INFO: [Mig 66-454] Using cached IP synthesis design for IP xilinx.com:ip:ddr4_phy:2.2, cache-ID = 552b293b1ec9a1b0.
Netlist sorting complete. Time (s): cpu = 00:00:00.01 ; elapsed = 00:00:00 . Memory (MB): peak = 4105.863 ; gain = 0.000 ; free physical = 189 ; free virtual = 24124
Phase 1 Generate And Synthesize MIG Cores | Checksum: 169feb21a

Time (s): cpu = 00:00:15 ; elapsed = 00:00:12 . Memory (MB): peak = 4105.863 ; gain = 98.125 ; free physical = 189 ; free virtual = 24124

Phase 2 Generate And Synthesize Debug Cores
INFO: [Chipscope 16-329] Generating Script for core instance : dbg_hub 
INFO: [IP_Flow 19-3806] Processing IP xilinx.com:ip:xsdbm:3.0 for cell dbg_hub_CV.
INFO: [Chipscope 16-469] Using cached IP synthesis design for IP xilinx.com:ip:xsdbm:3.0, cache-ID = 3e37ce500ede6af2.
Netlist sorting complete. Time (s): cpu = 00:00:00.03 ; elapsed = 00:00:00.02 . Memory (MB): peak = 4123.707 ; gain = 0.000 ; free physical = 1593 ; free virtual = 24531
Phase 2 Generate And Synthesize Debug Cores | Checksum: 137f2c268

Time (s): cpu = 00:00:34 ; elapsed = 00:00:39 . Memory (MB): peak = 4123.707 ; gain = 115.969 ; free physical = 1593 ; free virtual = 24531

Phase 3 Retarget
INFO: [Opt 31-1287] Pulled Inverter Mercury_XU5_i/ddr4/inst/u_ddr4_mem_intfc/u_ddr_cal_riu/mcs0/U0/microblaze_I/U0/MicroBlaze_Core_I/Performance.Core/Data_Flow_I/Operand_Select_I/Use_PCMP_instr.count_leading_zeros_I_i_2 into driver instance Mercury_XU5_i/ddr4/inst/u_ddr4_mem_intfc/u_ddr_cal_riu/mcs0/U0/microblaze_I/U0/MicroBlaze_Core_I/Performance.Core/Data_Flow_I/Operand_Select_I/Gen_Bit[31].MUXF7_I1/Use_PCMP_instr.count_leading_zeros_I_i_7, which resulted in an inversion of 4 pins
INFO: [Opt 31-1287] Pulled Inverter Mercury_XU5_i/ddr4/inst/u_ddr4_mem_intfc/u_ddr_cal_riu/mcs0/U0/microblaze_I/U0/MicroBlaze_Core_I/Performance.Core/Data_Flow_I/Operand_Select_I/Use_PCMP_instr.count_leading_zeros_I_i_4 into driver instance Mercury_XU5_i/ddr4/inst/u_ddr4_mem_intfc/u_ddr_cal_riu/mcs0/U0/microblaze_I/U0/MicroBlaze_Core_I/Performance.Core/Data_Flow_I/Operand_Select_I/Gen_Bit[31].MUXF7_I1/Use_PCMP_instr.count_leading_zeros_I_i_10, which resulted in an inversion of 3 pins
INFO: [Opt 31-1287] Pulled Inverter Mercury_XU5_i/ddr4/inst/u_ddr4_mem_intfc/u_ddr_mc/bgr[0].u_ddr_mc_group/trp_cntr[4]_i_1 into driver instance Mercury_XU5_i/ddr4/inst/u_ddr4_mem_intfc/u_ddr_mc/bgr[0].u_ddr_mc_group/trp_cntr[4]_i_2, which resulted in an inversion of 2 pins
INFO: [Opt 31-1287] Pulled Inverter Mercury_XU5_i/ddr4/inst/u_ddr4_mem_intfc/u_ddr_mc/bgr[1].u_ddr_mc_group/trp_cntr[4]_i_1__0 into driver instance Mercury_XU5_i/ddr4/inst/u_ddr4_mem_intfc/u_ddr_mc/bgr[1].u_ddr_mc_group/trp_cntr[4]_i_2__0, which resulted in an inversion of 2 pins
INFO: [Opt 31-1287] Pulled Inverter Mercury_XU5_i/ddr4/inst/u_ddr4_mem_intfc/u_ddr_mc/bgr[2].u_ddr_mc_group/trp_cntr[4]_i_1__1 into driver instance Mercury_XU5_i/ddr4/inst/u_ddr4_mem_intfc/u_ddr_mc/bgr[2].u_ddr_mc_group/trp_cntr[4]_i_2__1, which resulted in an inversion of 2 pins
INFO: [Opt 31-1287] Pulled Inverter Mercury_XU5_i/ddr4/inst/u_ddr4_mem_intfc/u_ddr_mc/bgr[3].u_ddr_mc_group/trp_cntr[3]_i_1__2 into driver instance Mercury_XU5_i/ddr4/inst/u_ddr4_mem_intfc/u_ddr_mc/bgr[3].u_ddr_mc_group/trp_cntr[3]_i_2__2, which resulted in an inversion of 2 pins
INFO: [Opt 31-1287] Pulled Inverter Mercury_XU5_i/ddr4/inst/u_ddr4_mem_intfc/u_ddr_mc/bgr[3].u_ddr_mc_group/txn_fifo_rptr[0]_i_1__0 into driver instance Mercury_XU5_i/ddr4/inst/u_ddr4_mem_intfc/u_ddr_mc/bgr[3].u_ddr_mc_group/txn_fifo_rptr[0]_i_2, which resulted in an inversion of 29 pins
INFO: [Opt 31-1287] Pulled Inverter Mercury_XU5_i/ddr4/inst/u_ddr4_mem_intfc/u_ddr_mc/u_ddr_mc_arb_c/prevSlot2_i_1 into driver instance Mercury_XU5_i/ddr4/inst/u_ddr4_mem_intfc/u_ddr_mc/u_ddr_mc_arb_c/mc_ADR7[13]_i_2, which resulted in an inversion of 59 pins
INFO: [Opt 31-1287] Pulled Inverter Mercury_XU5_i/ddr4/inst/u_ddr4_mem_intfc/u_ddr_mc/u_ddr_mc_arb_c/winPort[0]_i_1 into driver instance Mercury_XU5_i/ddr4/inst/u_ddr4_mem_intfc/u_ddr_mc/u_ddr_mc_arb_c/winPort[0]_i_2, which resulted in an inversion of 6 pins
INFO: [Opt 31-1287] Pulled Inverter Mercury_XU5_i/ddr4/inst/u_ddr4_mem_intfc/u_ddr_mc/u_ddr_mc_arb_c/winPort[1]_i_1 into driver instance Mercury_XU5_i/ddr4/inst/u_ddr4_mem_intfc/u_ddr_mc/u_ddr_mc_arb_c/winPort[1]_i_2__0, which resulted in an inversion of 5 pins
INFO: [Opt 31-1287] Pulled Inverter Mercury_XU5_i/ddr4/inst/u_ddr4_mem_intfc/u_ddr_mc/u_ddr_mc_arb_c/winRead_i_1 into driver instance Mercury_XU5_i/ddr4/inst/u_ddr4_mem_intfc/u_ddr_mc/u_ddr_mc_arb_c/winRead_i_2, which resulted in an inversion of 4 pins
INFO: [Opt 31-1287] Pulled Inverter Mercury_XU5_i/ddr4/inst/u_ddr4_mem_intfc/u_mig_ddr4_phy/riu_nibble_8[2]_INST_0 into driver instance Mercury_XU5_i/ddr4/inst/u_ddr4_mem_intfc/u_mig_ddr4_phy/inst/riu_nibble_8[2]_INST_0_i_1, which resulted in an inversion of 21 pins
INFO: [Opt 31-1287] Pulled Inverter Mercury_XU5_i/ddr4/inst/u_ddr_axi/USE_UPSIZER.upsizer_d2/si_register_slice_inst/aw_pipe/USE_RTL_FIFO.data_srl_reg[31][32]_srl32_i_1 into driver instance Mercury_XU5_i/ddr4/inst/u_ddr_axi/USE_UPSIZER.upsizer_d2/si_register_slice_inst/aw_pipe/USE_RTL_FIFO.data_srl_reg[31][0]_srl32_i_4, which resulted in an inversion of 4 pins
INFO: [Opt 31-1287] Pulled Inverter Mercury_XU5_i/ddr4/inst/u_ddr_axi/axi_aw_channel_0/aw_cmd_fsm_0/memory_reg[7][15]_srl8_i_1 into driver instance Mercury_XU5_i/ddr4/inst/u_ddr_axi/axi_aw_channel_0/aw_cmd_fsm_0/memory_reg[7][15]_srl8_i_3, which resulted in an inversion of 6 pins
INFO: [Opt 31-1287] Pulled Inverter Mercury_XU5_i/smartconnect_00/inst/s00_entry_pipeline/s00_mmu/inst/gen_wroute_reg.wroute_split/s_axi_awready_INST_0 into driver instance Mercury_XU5_i/smartconnect_00/inst/s00_entry_pipeline/s00_mmu/inst/gen_wroute_reg.wroute_split/s_axi_awready_INST_0_i_1, which resulted in an inversion of 4 pins
INFO: [Opt 31-138] Pushed 91 inverter(s) to 4848 load pin(s).
INFO: [Opt 31-49] Retargeted 0 cell(s).
Phase 3 Retarget | Checksum: 23e93f63b

Time (s): cpu = 00:00:37 ; elapsed = 00:00:40 . Memory (MB): peak = 4123.707 ; gain = 115.969 ; free physical = 1587 ; free virtual = 24527
INFO: [Opt 31-389] Phase Retarget created 99 cells and removed 546 cells
INFO: [Opt 31-1021] In phase Retarget, 334 netlist objects are constrained preventing optimization. Please run opt_design with -debug_log to get more detail. 

Phase 4 Constant propagation
INFO: [Opt 31-138] Pushed 0 inverter(s) to 0 load pin(s).
Phase 4 Constant propagation | Checksum: 1db9732de

Time (s): cpu = 00:00:38 ; elapsed = 00:00:40 . Memory (MB): peak = 4123.707 ; gain = 115.969 ; free physical = 1563 ; free virtual = 24520
INFO: [Opt 31-389] Phase Constant propagation created 76 cells and removed 1917 cells
INFO: [Opt 31-1021] In phase Constant propagation, 364 netlist objects are constrained preventing optimization. Please run opt_design with -debug_log to get more detail. 

Phase 5 Sweep
Phase 5 Sweep | Checksum: 21d94b5e1

Time (s): cpu = 00:00:40 ; elapsed = 00:00:43 . Memory (MB): peak = 4123.707 ; gain = 115.969 ; free physical = 1154 ; free virtual = 24148
INFO: [Opt 31-389] Phase Sweep created 3 cells and removed 574 cells
INFO: [Opt 31-1021] In phase Sweep, 2443 netlist objects are constrained preventing optimization. Please run opt_design with -debug_log to get more detail. 

Phase 6 BUFG optimization
INFO: [Opt 31-1077] Phase BUFG optimization inserted 0 global clock buffer(s) for CLOCK_LOW_FANOUT.
WARNING: [Opt 31-278] Could not optimize cascaded clock buffer cell: i_gmii2rgmii/i_rgmii_Div4
Resolution: Make sure the cell is not constrained to prevent optimization (DONT_TOUCH, MARK_DEBUG) or the cell has timing constraints attached. If possible, remove the constraints to allow the optimization.
INFO: [Opt 31-274] Optimized connectivity to 1 cascaded buffer cells
Phase 6 BUFG optimization | Checksum: 1daedbc91

Time (s): cpu = 00:00:41 ; elapsed = 00:00:43 . Memory (MB): peak = 4123.707 ; gain = 115.969 ; free physical = 1034 ; free virtual = 24035
INFO: [Opt 31-662] Phase BUFG optimization created 0 cells of which 0 are BUFGs and removed 1 cells.

Phase 7 Shift Register Optimization
INFO: [Opt 31-1064] SRL Remap converted 0 SRLs to 0 registers and converted 0 registers of register chains to 0 SRLs
Phase 7 Shift Register Optimization | Checksum: 1daedbc91

Time (s): cpu = 00:00:41 ; elapsed = 00:00:43 . Memory (MB): peak = 4123.707 ; gain = 115.969 ; free physical = 1137 ; free virtual = 24144
INFO: [Opt 31-389] Phase Shift Register Optimization created 0 cells and removed 0 cells

Phase 8 Post Processing Netlist
INFO: [Opt 31-1287] Pulled Inverter Mercury_XU5_i/ddr4/inst/u_ddr4_mem_intfc/u_ddr_cal_riu/mcs0/U0/microblaze_I/U0/MicroBlaze_Core_I/Performance.Core/Decode_I/Using_FPGA_2.ex_is_load_instr_Inst/MEM_Sel_MEM_Res_I_i_1 into driver instance Mercury_XU5_i/ddr4/inst/u_ddr4_mem_intfc/u_ddr_cal_riu/mcs0/U0/microblaze_I/U0/MicroBlaze_Core_I/Performance.Core/Decode_I/Using_FPGA_2.ex_is_load_instr_Inst/MEM_Sel_MEM_Res_I_i_2, which resulted in an inversion of 1 pins
Phase 8 Post Processing Netlist | Checksum: 2146005ea

Time (s): cpu = 00:00:41 ; elapsed = 00:00:43 . Memory (MB): peak = 4123.707 ; gain = 115.969 ; free physical = 1113 ; free virtual = 24111
INFO: [Opt 31-389] Phase Post Processing Netlist created 0 cells and removed 1 cells
INFO: [Opt 31-1021] In phase Post Processing Netlist, 466 netlist objects are constrained preventing optimization. Please run opt_design with -debug_log to get more detail. 
Opt_design Change Summary
=========================


-------------------------------------------------------------------------------------------------------------------------
|  Phase                        |  #Cells created  |  #Cells Removed  |  #Constrained objects preventing optimizations  |
-------------------------------------------------------------------------------------------------------------------------
|  Retarget                     |              99  |             546  |                                            334  |
|  Constant propagation         |              76  |            1917  |                                            364  |
|  Sweep                        |               3  |             574  |                                           2443  |
|  BUFG optimization            |               0  |               1  |                                              0  |
|  Shift Register Optimization  |               0  |               0  |                                              0  |
|  Post Processing Netlist      |               0  |               1  |                                            466  |
-------------------------------------------------------------------------------------------------------------------------



Starting Connectivity Check Task

Time (s): cpu = 00:00:00.06 ; elapsed = 00:00:00.05 . Memory (MB): peak = 4123.707 ; gain = 0.000 ; free physical = 1105 ; free virtual = 24103
Ending Logic Optimization Task | Checksum: 113ec0d65

Time (s): cpu = 00:00:42 ; elapsed = 00:00:44 . Memory (MB): peak = 4123.707 ; gain = 115.969 ; free physical = 1105 ; free virtual = 24103

Starting Power Optimization Task
INFO: [Pwropt 34-132] Skipping clock gating for clocks with a period < 2.00 ns.
INFO: [Power 33-23] Power model is not available for xiphy_riu_or
INFO: [Power 33-23] Power model is not available for genVref.u_hpio_vref
INFO: [Pwropt 34-9] Applying IDT optimizations ...
INFO: [Pwropt 34-10] Applying ODC optimizations ...
INFO: [Constraints 18-483] create_clock: no pin(s)/port(s)/net(s) specified as objects, only virtual clock 'RGMII_RX_CLK_VIRT' will be created. If you don't want this, please specify pin(s)/ports(s)/net(s) as objects to the command. [/home/wto/Eos/EosMuon/ME-XU5-2EG-1I-D11E/Mercury_XU5_PE1.srcs/constrs_1/imports/src/Mercury_XU5_gmii2rgmii_timing.tcl:22]
INFO: [Timing 38-35] Done setting XDC timing constraints.
Running Vector-less Activity Propagation...

Finished Running Vector-less Activity Propagation


Starting PowerOpt Patch Enables Task
INFO: [Pwropt 34-162] WRITE_MODE attribute of 0 BRAM(s) out of a total of 26 has been updated to save power. Run report_power_opt to get a complete listing of the BRAMs updated.
INFO: [Pwropt 34-201] Structural ODC has moved 0 WE to EN ports
Number of BRAM Ports augmented: 0 newly gated: 0 Total Ports: 52
Ending PowerOpt Patch Enables Task | Checksum: 113ec0d65

Time (s): cpu = 00:00:00.17 ; elapsed = 00:00:00.17 . Memory (MB): peak = 4477.395 ; gain = 0.000 ; free physical = 1175 ; free virtual = 24163
Ending Power Optimization Task | Checksum: 113ec0d65

Time (s): cpu = 00:00:15 ; elapsed = 00:00:05 . Memory (MB): peak = 4477.395 ; gain = 353.688 ; free physical = 1234 ; free virtual = 24223

Starting Final Cleanup Task
Ending Final Cleanup Task | Checksum: 113ec0d65

Time (s): cpu = 00:00:00 ; elapsed = 00:00:00.01 . Memory (MB): peak = 4477.395 ; gain = 0.000 ; free physical = 1234 ; free virtual = 24223

Starting Netlist Obfuscation Task
Netlist sorting complete. Time (s): cpu = 00:00:00 ; elapsed = 00:00:00 . Memory (MB): peak = 4477.395 ; gain = 0.000 ; free physical = 1234 ; free virtual = 24223
Ending Netlist Obfuscation Task | Checksum: 113ec0d65

Time (s): cpu = 00:00:00.01 ; elapsed = 00:00:00.01 . Memory (MB): peak = 4477.395 ; gain = 0.000 ; free physical = 1234 ; free virtual = 24223
INFO: [Common 17-83] Releasing license: Implementation
91 Infos, 53 Warnings, 0 Critical Warnings and 0 Errors encountered.
opt_design completed successfully
opt_design: Time (s): cpu = 00:01:06 ; elapsed = 00:00:55 . Memory (MB): peak = 4477.395 ; gain = 581.543 ; free physical = 1234 ; free virtual = 24223
INFO: [Constraints 18-483] create_clock: no pin(s)/port(s)/net(s) specified as objects, only virtual clock 'RGMII_RX_CLK_VIRT' will be created. If you don't want this, please specify pin(s)/ports(s)/net(s) as objects to the command. [/home/wto/Eos/EosMuon/ME-XU5-2EG-1I-D11E/Mercury_XU5_PE1.srcs/constrs_1/imports/src/Mercury_XU5_gmii2rgmii_timing.tcl:22]
INFO: [Timing 38-35] Done setting XDC timing constraints.
INFO: [Timing 38-480] Writing timing data to binary archive.
Writing XDEF routing.
Writing XDEF routing logical nets.
Writing XDEF routing special nets.
Write XDEF Complete: Time (s): cpu = 00:00:00.67 ; elapsed = 00:00:00.16 . Memory (MB): peak = 4477.395 ; gain = 0.000 ; free physical = 1270 ; free virtual = 24270
INFO: [Common 17-1381] The checkpoint '/home/wto/Eos/EosMuon/ME-XU5-2EG-1I-D11E/Mercury_XU5_PE1.runs/impl_1/Mercury_XU5_PE1_opt.dcp' has been generated.
INFO: [runtcl-4] Executing : report_drc -file Mercury_XU5_PE1_drc_opted.rpt -pb Mercury_XU5_PE1_drc_opted.pb -rpx Mercury_XU5_PE1_drc_opted.rpx
Command: report_drc -file Mercury_XU5_PE1_drc_opted.rpt -pb Mercury_XU5_PE1_drc_opted.pb -rpx Mercury_XU5_PE1_drc_opted.rpx
INFO: [IP_Flow 19-1839] IP Catalog is up to date.
INFO: [DRC 23-27] Running DRC with 8 threads
INFO: [Vivado_Tcl 2-168] The results of DRC are in file /home/wto/Eos/EosMuon/ME-XU5-2EG-1I-D11E/Mercury_XU5_PE1.runs/impl_1/Mercury_XU5_PE1_drc_opted.rpt.
report_drc completed successfully
INFO: [Chipscope 16-240] Debug cores have already been implemented
Command: place_design
Attempting to get a license for feature 'Implementation' and/or device 'xczu2eg'
INFO: [Common 17-349] Got license for feature 'Implementation' and/or device 'xczu2eg'
INFO: [DRC 23-27] Running DRC with 8 threads
INFO: [Vivado_Tcl 4-198] DRC finished with 0 Errors
INFO: [Vivado_Tcl 4-199] Please refer to the DRC report (report_drc) for more information.
Running DRC as a precondition to command place_design
INFO: [DRC 23-27] Running DRC with 8 threads
INFO: [Vivado_Tcl 4-198] DRC finished with 0 Errors, 20 Warnings
INFO: [Vivado_Tcl 4-199] Please refer to the DRC report (report_drc) for more information.

Starting Placer Task
INFO: [Place 30-611] Multithreading enabled for place_design using a maximum of 8 CPUs

Phase 1 Placer Initialization

Phase 1.1 Placer Initialization Netlist Sorting
Netlist sorting complete. Time (s): cpu = 00:00:00 ; elapsed = 00:00:00 . Memory (MB): peak = 4532.473 ; gain = 0.000 ; free physical = 1209 ; free virtual = 24215
Phase 1.1 Placer Initialization Netlist Sorting | Checksum: e4a1f6de

Time (s): cpu = 00:00:00.02 ; elapsed = 00:00:00.02 . Memory (MB): peak = 4532.473 ; gain = 0.000 ; free physical = 1209 ; free virtual = 24215
Netlist sorting complete. Time (s): cpu = 00:00:00 ; elapsed = 00:00:00 . Memory (MB): peak = 4532.473 ; gain = 0.000 ; free physical = 1210 ; free virtual = 24216

Phase 1.2 IO Placement/ Clock Placement/ Build Placer Device
Phase 1.2 IO Placement/ Clock Placement/ Build Placer Device | Checksum: 1549276e1

Time (s): cpu = 00:00:14 ; elapsed = 00:00:13 . Memory (MB): peak = 5000.562 ; gain = 468.090 ; free physical = 1020 ; free virtual = 24009

Phase 1.3 Build Placer Netlist Model
Phase 1.3 Build Placer Netlist Model | Checksum: 1d7e4c1c1

Time (s): cpu = 00:00:25 ; elapsed = 00:00:18 . Memory (MB): peak = 5032.578 ; gain = 500.105 ; free physical = 977 ; free virtual = 23967

Phase 1.4 Constrain Clocks/Macros
Phase 1.4 Constrain Clocks/Macros | Checksum: 1d7e4c1c1

Time (s): cpu = 00:00:25 ; elapsed = 00:00:18 . Memory (MB): peak = 5032.578 ; gain = 500.105 ; free physical = 977 ; free virtual = 23967
Phase 1 Placer Initialization | Checksum: 1d7e4c1c1

Time (s): cpu = 00:00:26 ; elapsed = 00:00:18 . Memory (MB): peak = 5032.578 ; gain = 500.105 ; free physical = 977 ; free virtual = 23967

Phase 2 Global Placement

Phase 2.1 Floorplanning

Phase 2.1.1 Partition Driven Placement

Phase 2.1.1.1 PBP: Partition Driven Placement
Phase 2.1.1.1 PBP: Partition Driven Placement | Checksum: 1c4898800

Time (s): cpu = 00:00:42 ; elapsed = 00:00:23 . Memory (MB): peak = 5032.578 ; gain = 500.105 ; free physical = 1034 ; free virtual = 24026

Phase 2.1.1.2 PBP: Clock Region Placement
Phase 2.1.1.2 PBP: Clock Region Placement | Checksum: 10e434e4e

Time (s): cpu = 00:00:42 ; elapsed = 00:00:24 . Memory (MB): peak = 5032.578 ; gain = 500.105 ; free physical = 1026 ; free virtual = 24014

Phase 2.1.1.3 PBP: Compute Congestion
Phase 2.1.1.3 PBP: Compute Congestion | Checksum: 10e434e4e

Time (s): cpu = 00:00:44 ; elapsed = 00:00:24 . Memory (MB): peak = 5078.941 ; gain = 546.469 ; free physical = 987 ; free virtual = 23974

Phase 2.1.1.4 PBP: UpdateTiming
Phase 2.1.1.4 PBP: UpdateTiming | Checksum: a41d4a76

Time (s): cpu = 00:00:45 ; elapsed = 00:00:25 . Memory (MB): peak = 5108.957 ; gain = 576.484 ; free physical = 999 ; free virtual = 23986

Phase 2.1.1.5 PBP: Add part constraints
Phase 2.1.1.5 PBP: Add part constraints | Checksum: a41d4a76

Time (s): cpu = 00:00:45 ; elapsed = 00:00:25 . Memory (MB): peak = 5108.957 ; gain = 576.484 ; free physical = 997 ; free virtual = 23984
Phase 2.1.1 Partition Driven Placement | Checksum: a41d4a76

Time (s): cpu = 00:00:45 ; elapsed = 00:00:25 . Memory (MB): peak = 5108.957 ; gain = 576.484 ; free physical = 1001 ; free virtual = 23988
Phase 2.1 Floorplanning | Checksum: a41d4a76

Time (s): cpu = 00:00:45 ; elapsed = 00:00:25 . Memory (MB): peak = 5108.957 ; gain = 576.484 ; free physical = 1001 ; free virtual = 23988

Phase 2.2 Update Timing before SLR Path Opt
Phase 2.2 Update Timing before SLR Path Opt | Checksum: a41d4a76

Time (s): cpu = 00:00:46 ; elapsed = 00:00:25 . Memory (MB): peak = 5108.957 ; gain = 576.484 ; free physical = 1000 ; free virtual = 23988

Phase 2.3 Post-Processing in Floorplanning
Phase 2.3 Post-Processing in Floorplanning | Checksum: a41d4a76

Time (s): cpu = 00:00:46 ; elapsed = 00:00:25 . Memory (MB): peak = 5108.957 ; gain = 576.484 ; free physical = 1000 ; free virtual = 23988

Phase 2.4 Global Placement Core

Phase 2.4.1 UpdateTiming Before Physical Synthesis
Phase 2.4.1 UpdateTiming Before Physical Synthesis | Checksum: 18cf3ee5c

Time (s): cpu = 00:01:36 ; elapsed = 00:00:38 . Memory (MB): peak = 5116.961 ; gain = 584.488 ; free physical = 885 ; free virtual = 23919

Phase 2.4.2 Physical Synthesis In Placer
INFO: [Physopt 32-1035] Found 0 LUTNM shape to break, 1617 LUT instances to create LUTNM shape
INFO: [Physopt 32-1044] Break lutnm for timing: one critical 0, two critical 0, total 0, new lutff created 0
INFO: [Physopt 32-1138] End 1 Pass. Optimized 744 nets or LUTs. Breaked 0 LUT, combined 744 existing LUTs and moved 0 existing LUT
INFO: [Physopt 32-1030] Pass 1. Identified 11 candidate driver sets for equivalent driver rewiring.
INFO: [Physopt 32-661] Optimized 5 nets.  Re-placed 28 instances.
INFO: [Physopt 32-775] End 1 Pass. Optimized 5 nets or cells. Created 0 new cell, deleted 0 existing cell and moved 28 existing cells
Netlist sorting complete. Time (s): cpu = 00:00:00.08 ; elapsed = 00:00:00.08 . Memory (MB): peak = 5116.961 ; gain = 0.000 ; free physical = 874 ; free virtual = 23910
INFO: [Physopt 32-65] No nets found for high-fanout optimization.
INFO: [Physopt 32-232] Optimized 0 net. Created 0 new instance.
INFO: [Physopt 32-775] End 1 Pass. Optimized 0 net or cell. Created 0 new cell, deleted 0 existing cell and moved 0 existing cell
INFO: [Physopt 32-456] No candidate cells for DSP register optimization found in the design.
INFO: [Physopt 32-775] End 2 Pass. Optimized 0 net or cell. Created 0 new cell, deleted 0 existing cell and moved 0 existing cell
INFO: [Physopt 32-1123] No candidate cells found for Shift Register to Pipeline optimization
INFO: [Physopt 32-775] End 2 Pass. Optimized 0 net or cell. Created 0 new cell, deleted 0 existing cell and moved 0 existing cell
INFO: [Physopt 32-677] No candidate cells for Shift Register optimization found in the design
INFO: [Physopt 32-775] End 1 Pass. Optimized 0 net or cell. Created 0 new cell, deleted 0 existing cell and moved 0 existing cell
INFO: [Physopt 32-526] No candidate cells for BRAM register optimization found in the design
INFO: [Physopt 32-775] End 1 Pass. Optimized 0 net or cell. Created 0 new cell, deleted 0 existing cell and moved 0 existing cell
INFO: [Physopt 32-846] No candidate cells for URAM register optimization found in the design
INFO: [Physopt 32-775] End 2 Pass. Optimized 0 net or cell. Created 0 new cell, deleted 0 existing cell and moved 0 existing cell
INFO: [Physopt 32-949] No candidate nets found for dynamic/static region interface net replication
INFO: [Physopt 32-775] End 1 Pass. Optimized 0 net or cell. Created 0 new cell, deleted 0 existing cell and moved 0 existing cell
Netlist sorting complete. Time (s): cpu = 00:00:00.01 ; elapsed = 00:00:00 . Memory (MB): peak = 5116.961 ; gain = 0.000 ; free physical = 888 ; free virtual = 23915

Summary of Physical Synthesis Optimizations
============================================


-----------------------------------------------------------------------------------------------------------------------------------------------------------
|  Optimization                                     |  Added Cells  |  Removed Cells  |  Optimized Cells/Nets  |  Dont Touch  |  Iterations  |  Elapsed   |
-----------------------------------------------------------------------------------------------------------------------------------------------------------
|  LUT Combining                                    |            0  |            744  |                   744  |           0  |           1  |  00:00:01  |
|  Retime                                           |            0  |              0  |                     0  |           0  |           1  |  00:00:00  |
|  Equivalent Driver Rewiring                       |            0  |              0  |                     5  |           0  |           1  |  00:00:01  |
|  Very High Fanout                                 |            0  |              0  |                     0  |           0  |           1  |  00:00:00  |
|  DSP Register                                     |            0  |              0  |                     0  |           0  |           1  |  00:00:00  |
|  Shift Register to Pipeline                       |            0  |              0  |                     0  |           0  |           1  |  00:00:00  |
|  Shift Register                                   |            0  |              0  |                     0  |           0  |           1  |  00:00:00  |
|  BRAM Register                                    |            0  |              0  |                     0  |           0  |           1  |  00:00:00  |
|  URAM Register                                    |            0  |              0  |                     0  |           0  |           1  |  00:00:00  |
|  Dynamic/Static Region Interface Net Replication  |            0  |              0  |                     0  |           0  |           1  |  00:00:00  |
|  Total                                            |            0  |            744  |                   749  |           0  |          10  |  00:00:02  |
-----------------------------------------------------------------------------------------------------------------------------------------------------------


Phase 2.4.2 Physical Synthesis In Placer | Checksum: bc2bd0a8

Time (s): cpu = 00:01:41 ; elapsed = 00:00:41 . Memory (MB): peak = 5116.961 ; gain = 584.488 ; free physical = 885 ; free virtual = 23913
Phase 2.4 Global Placement Core | Checksum: 190da8195

Time (s): cpu = 00:01:43 ; elapsed = 00:00:42 . Memory (MB): peak = 5116.961 ; gain = 584.488 ; free physical = 865 ; free virtual = 23893
Phase 2 Global Placement | Checksum: 190da8195

Time (s): cpu = 00:01:43 ; elapsed = 00:00:42 . Memory (MB): peak = 5116.961 ; gain = 584.488 ; free physical = 873 ; free virtual = 23901

Phase 3 Detail Placement

Phase 3.1 Commit Multi Column Macros
Phase 3.1 Commit Multi Column Macros | Checksum: 15ccbaba6

Time (s): cpu = 00:01:46 ; elapsed = 00:00:42 . Memory (MB): peak = 5116.961 ; gain = 584.488 ; free physical = 871 ; free virtual = 23899

Phase 3.2 Commit Most Macros & LUTRAMs
Phase 3.2 Commit Most Macros & LUTRAMs | Checksum: 19d6ca332

Time (s): cpu = 00:01:49 ; elapsed = 00:00:43 . Memory (MB): peak = 5116.961 ; gain = 584.488 ; free physical = 877 ; free virtual = 23903

Phase 3.3 Small Shape DP

Phase 3.3.1 Small Shape Clustering
Phase 3.3.1 Small Shape Clustering | Checksum: 110aaa15f

Time (s): cpu = 00:02:00 ; elapsed = 00:00:46 . Memory (MB): peak = 5116.961 ; gain = 584.488 ; free physical = 901 ; free virtual = 23925

Phase 3.3.2 Flow Legalize Slice Clusters
Phase 3.3.2 Flow Legalize Slice Clusters | Checksum: 13073adff

Time (s): cpu = 00:02:00 ; elapsed = 00:00:46 . Memory (MB): peak = 5116.961 ; gain = 584.488 ; free physical = 901 ; free virtual = 23925

Phase 3.3.3 Slice Area Swap

Phase 3.3.3.1 Slice Area Swap Initial
Phase 3.3.3.1 Slice Area Swap Initial | Checksum: 1388ce10b

Time (s): cpu = 00:02:02 ; elapsed = 00:00:47 . Memory (MB): peak = 5116.961 ; gain = 584.488 ; free physical = 908 ; free virtual = 23932
Phase 3.3.3 Slice Area Swap | Checksum: 1388ce10b

Time (s): cpu = 00:02:02 ; elapsed = 00:00:47 . Memory (MB): peak = 5116.961 ; gain = 584.488 ; free physical = 907 ; free virtual = 23931
Phase 3.3 Small Shape DP | Checksum: b6b78cc0

Time (s): cpu = 00:02:09 ; elapsed = 00:00:49 . Memory (MB): peak = 5116.961 ; gain = 584.488 ; free physical = 929 ; free virtual = 23956

Phase 3.4 Re-assign LUT pins
Phase 3.4 Re-assign LUT pins | Checksum: 8248eb75

Time (s): cpu = 00:02:10 ; elapsed = 00:00:50 . Memory (MB): peak = 5116.961 ; gain = 584.488 ; free physical = 941 ; free virtual = 23967

Phase 3.5 Pipeline Register Optimization
Phase 3.5 Pipeline Register Optimization | Checksum: d1822fa4

Time (s): cpu = 00:02:10 ; elapsed = 00:00:50 . Memory (MB): peak = 5116.961 ; gain = 584.488 ; free physical = 941 ; free virtual = 23967

Phase 3.6 Fast Optimization
Phase 3.6 Fast Optimization | Checksum: deb0d4da

Time (s): cpu = 00:02:26 ; elapsed = 00:00:53 . Memory (MB): peak = 5116.961 ; gain = 584.488 ; free physical = 952 ; free virtual = 23976
Phase 3 Detail Placement | Checksum: deb0d4da

Time (s): cpu = 00:02:27 ; elapsed = 00:00:53 . Memory (MB): peak = 5116.961 ; gain = 584.488 ; free physical = 952 ; free virtual = 23976

Phase 4 Post Placement Optimization and Clean-Up

Phase 4.1 Post Commit Optimization
INFO: [Constraints 18-483] create_clock: no pin(s)/port(s)/net(s) specified as objects, only virtual clock 'RGMII_RX_CLK_VIRT' will be created. If you don't want this, please specify pin(s)/ports(s)/net(s) as objects to the command. [/home/wto/Eos/EosMuon/ME-XU5-2EG-1I-D11E/Mercury_XU5_PE1.srcs/constrs_1/imports/src/Mercury_XU5_gmii2rgmii_timing.tcl:22]
INFO: [Timing 38-35] Done setting XDC timing constraints.

Phase 4.1.1 Post Placement Optimization
Post Placement Optimization Initialization | Checksum: 151eb45bc

Phase 4.1.1.1 BUFG Insertion

Starting Physical Synthesis Task

Phase 1 Physical Synthesis Initialization
INFO: [Physopt 32-721] Multithreading enabled for phys_opt_design using a maximum of 8 CPUs
INFO: [Physopt 32-619] Estimated Timing Summary | WNS=-0.005 | TNS=-0.005 |
Phase 1 Physical Synthesis Initialization | Checksum: 1acc3d454

Time (s): cpu = 00:00:02 ; elapsed = 00:00:00.41 . Memory (MB): peak = 5116.961 ; gain = 0.000 ; free physical = 952 ; free virtual = 23976
INFO: [Place 46-35] Processed net Mercury_XU5_i/ps_sys_rst/U0/interconnect_aresetn[0], inserted BUFG to drive 4260 loads.
INFO: [Place 46-45] Replicated bufg driver Mercury_XU5_i/ps_sys_rst/U0/ACTIVE_LOW_BSR_OUT_DFF[0].FDRE_BSR_N_replica
INFO: [Place 46-56] BUFG insertion identified 1 candidate nets. Inserted BUFG: 1, Replicated BUFG Driver: 1, Skipped due to Placement/Routing Conflicts: 0, Skipped due to Timing Degradation: 0, Skipped due to Illegal Netlist: 0.
Ending Physical Synthesis Task | Checksum: 1738d483e

Time (s): cpu = 00:00:03 ; elapsed = 00:00:01 . Memory (MB): peak = 5116.961 ; gain = 0.000 ; free physical = 954 ; free virtual = 23981
Phase 4.1.1.1 BUFG Insertion | Checksum: 19ff92681

Time (s): cpu = 00:02:49 ; elapsed = 00:01:00 . Memory (MB): peak = 5116.961 ; gain = 584.488 ; free physical = 955 ; free virtual = 23981

Phase 4.1.1.2 Post Placement Timing Optimization
INFO: [Place 30-746] Post Placement Timing Summary WNS=-0.005. For the most accurate timing information please run report_timing.
Phase 4.1.1.2 Post Placement Timing Optimization | Checksum: d11b576b

Time (s): cpu = 00:02:49 ; elapsed = 00:01:00 . Memory (MB): peak = 5116.961 ; gain = 584.488 ; free physical = 957 ; free virtual = 23983

Time (s): cpu = 00:02:49 ; elapsed = 00:01:00 . Memory (MB): peak = 5116.961 ; gain = 584.488 ; free physical = 957 ; free virtual = 23983
Phase 4.1 Post Commit Optimization | Checksum: d11b576b

Time (s): cpu = 00:02:50 ; elapsed = 00:01:00 . Memory (MB): peak = 5116.961 ; gain = 584.488 ; free physical = 958 ; free virtual = 23985
Netlist sorting complete. Time (s): cpu = 00:00:00.02 ; elapsed = 00:00:00.01 . Memory (MB): peak = 5116.961 ; gain = 0.000 ; free physical = 940 ; free virtual = 23965

Phase 4.2 Post Placement Cleanup
Phase 4.2 Post Placement Cleanup | Checksum: 100a59e1b

Time (s): cpu = 00:02:55 ; elapsed = 00:01:03 . Memory (MB): peak = 5116.961 ; gain = 584.488 ; free physical = 940 ; free virtual = 23965

Phase 4.3 Placer Reporting

Phase 4.3.1 Print Estimated Congestion
INFO: [Place 30-612] Post-Placement Estimated Congestion 
 ________________________________________________________________________
|           | Global Congestion | Long Congestion   | Short Congestion  |
| Direction | Region Size       | Region Size       | Region Size       |
|___________|___________________|___________________|___________________|
|      North|                1x1|                1x1|                2x2|
|___________|___________________|___________________|___________________|
|      South|                1x1|                1x1|                1x1|
|___________|___________________|___________________|___________________|
|       East|                1x1|                1x1|                4x4|
|___________|___________________|___________________|___________________|
|       West|                1x1|                1x1|                1x1|
|___________|___________________|___________________|___________________|

Phase 4.3.1 Print Estimated Congestion | Checksum: 100a59e1b

Time (s): cpu = 00:02:55 ; elapsed = 00:01:03 . Memory (MB): peak = 5116.961 ; gain = 584.488 ; free physical = 942 ; free virtual = 23967
Phase 4.3 Placer Reporting | Checksum: 100a59e1b

Time (s): cpu = 00:02:55 ; elapsed = 00:01:03 . Memory (MB): peak = 5116.961 ; gain = 584.488 ; free physical = 943 ; free virtual = 23968

Phase 4.4 Final Placement Cleanup
Netlist sorting complete. Time (s): cpu = 00:00:00 ; elapsed = 00:00:00 . Memory (MB): peak = 5116.961 ; gain = 0.000 ; free physical = 943 ; free virtual = 23968

Time (s): cpu = 00:02:55 ; elapsed = 00:01:03 . Memory (MB): peak = 5116.961 ; gain = 584.488 ; free physical = 943 ; free virtual = 23968
Phase 4 Post Placement Optimization and Clean-Up | Checksum: bcf80da8

Time (s): cpu = 00:02:55 ; elapsed = 00:01:04 . Memory (MB): peak = 5116.961 ; gain = 584.488 ; free physical = 943 ; free virtual = 23969
Ending Placer Task | Checksum: bb5887a4

Time (s): cpu = 00:02:55 ; elapsed = 00:01:04 . Memory (MB): peak = 5116.961 ; gain = 584.488 ; free physical = 943 ; free virtual = 23969
INFO: [Common 17-83] Releasing license: Implementation
139 Infos, 53 Warnings, 0 Critical Warnings and 0 Errors encountered.
place_design completed successfully
place_design: Time (s): cpu = 00:03:01 ; elapsed = 00:01:05 . Memory (MB): peak = 5116.961 ; gain = 584.488 ; free physical = 979 ; free virtual = 24004
INFO: [Timing 38-480] Writing timing data to binary archive.
Writing XDEF routing.
Writing XDEF routing logical nets.
Writing XDEF routing special nets.
Write XDEF Complete: Time (s): cpu = 00:00:06 ; elapsed = 00:00:02 . Memory (MB): peak = 5116.961 ; gain = 0.000 ; free physical = 937 ; free virtual = 24000
INFO: [Common 17-1381] The checkpoint '/home/wto/Eos/EosMuon/ME-XU5-2EG-1I-D11E/Mercury_XU5_PE1.runs/impl_1/Mercury_XU5_PE1_placed.dcp' has been generated.
INFO: [runtcl-4] Executing : report_io -file Mercury_XU5_PE1_io_placed.rpt
report_io: Time (s): cpu = 00:00:00.14 ; elapsed = 00:00:00.25 . Memory (MB): peak = 5116.961 ; gain = 0.000 ; free physical = 949 ; free virtual = 23982
INFO: [runtcl-4] Executing : report_utilization -file Mercury_XU5_PE1_utilization_placed.rpt -pb Mercury_XU5_PE1_utilization_placed.pb
INFO: [runtcl-4] Executing : report_control_sets -verbose -file Mercury_XU5_PE1_control_sets_placed.rpt
report_control_sets: Time (s): cpu = 00:00:00.12 ; elapsed = 00:00:00.23 . Memory (MB): peak = 5116.961 ; gain = 0.000 ; free physical = 942 ; free virtual = 23977
Command: phys_opt_design
Attempting to get a license for feature 'Implementation' and/or device 'xczu2eg'
INFO: [Common 17-349] Got license for feature 'Implementation' and/or device 'xczu2eg'

Starting Initial Update Timing Task

Time (s): cpu = 00:00:15 ; elapsed = 00:00:04 . Memory (MB): peak = 5116.961 ; gain = 0.000 ; free physical = 959 ; free virtual = 23994
INFO: [Vivado_Tcl 4-383] Design worst setup slack (WNS) is greater than or equal to 0.000 ns. Skipping all physical synthesis optimizations.
INFO: [Vivado_Tcl 4-232] No setup violation found. The netlist was not modified.
INFO: [Common 17-83] Releasing license: Implementation
148 Infos, 53 Warnings, 0 Critical Warnings and 0 Errors encountered.
phys_opt_design completed successfully
INFO: [Timing 38-480] Writing timing data to binary archive.
Writing XDEF routing.
Writing XDEF routing logical nets.
Writing XDEF routing special nets.
Write XDEF Complete: Time (s): cpu = 00:00:06 ; elapsed = 00:00:02 . Memory (MB): peak = 5116.961 ; gain = 0.000 ; free physical = 905 ; free virtual = 23984
INFO: [Common 17-1381] The checkpoint '/home/wto/Eos/EosMuon/ME-XU5-2EG-1I-D11E/Mercury_XU5_PE1.runs/impl_1/Mercury_XU5_PE1_physopt.dcp' has been generated.
Command: route_design
Attempting to get a license for feature 'Implementation' and/or device 'xczu2eg'
INFO: [Common 17-349] Got license for feature 'Implementation' and/or device 'xczu2eg'
Running DRC as a precondition to command route_design
INFO: [DRC 23-27] Running DRC with 8 threads
INFO: [Vivado_Tcl 4-198] DRC finished with 0 Errors
INFO: [Vivado_Tcl 4-199] Please refer to the DRC report (report_drc) for more information.


Starting Routing Task
INFO: [Route 35-254] Multithreading enabled for route_design using a maximum of 8 CPUs

Phase 1 Build RT Design
Checksum: PlaceDB: 2dadd449 ConstDB: 0 ShapeSum: 5e206cab RouteDB: 2f8a46b0
Nodegraph reading from file.  Time (s): cpu = 00:00:00.3 ; elapsed = 00:00:00.33 . Memory (MB): peak = 5116.961 ; gain = 0.000 ; free physical = 838 ; free virtual = 23891
Post Restoration Checksum: NetGraph: 55e4ba1e NumContArr: 920619b7 Constraints: 17d4f81f Timing: 0
Phase 1 Build RT Design | Checksum: ffbfcbf4

Time (s): cpu = 00:00:21 ; elapsed = 00:00:04 . Memory (MB): peak = 5116.961 ; gain = 0.000 ; free physical = 860 ; free virtual = 23908

Phase 2 Router Initialization

Phase 2.1 Fix Topology Constraints
Phase 2.1 Fix Topology Constraints | Checksum: ffbfcbf4

Time (s): cpu = 00:00:21 ; elapsed = 00:00:05 . Memory (MB): peak = 5116.961 ; gain = 0.000 ; free physical = 815 ; free virtual = 23862

Phase 2.2 Pre Route Cleanup
Phase 2.2 Pre Route Cleanup | Checksum: ffbfcbf4

Time (s): cpu = 00:00:21 ; elapsed = 00:00:05 . Memory (MB): peak = 5116.961 ; gain = 0.000 ; free physical = 815 ; free virtual = 23862

Phase 2.3 Global Clock Net Routing
 Number of Nodes with overlaps = 0
Phase 2.3 Global Clock Net Routing | Checksum: 1579112a2

Time (s): cpu = 00:00:23 ; elapsed = 00:00:06 . Memory (MB): peak = 5116.961 ; gain = 0.000 ; free physical = 815 ; free virtual = 23860

Phase 2.4 Update Timing
Phase 2.4 Update Timing | Checksum: 24b5b4ed7

Time (s): cpu = 00:00:33 ; elapsed = 00:00:09 . Memory (MB): peak = 5116.961 ; gain = 0.000 ; free physical = 824 ; free virtual = 23872
INFO: [Route 35-416] Intermediate Timing Summary | WNS=0.100  | TNS=0.000  | WHS=-2.208 | THS=-19.724|


Phase 2.5 Update Timing for Bus Skew

Phase 2.5.1 Update Timing
Phase 2.5.1 Update Timing | Checksum: 2799cd92f

Time (s): cpu = 00:00:54 ; elapsed = 00:00:14 . Memory (MB): peak = 5116.961 ; gain = 0.000 ; free physical = 828 ; free virtual = 23874
INFO: [Route 35-416] Intermediate Timing Summary | WNS=0.100  | TNS=0.000  | WHS=N/A    | THS=N/A    |

Phase 2.5 Update Timing for Bus Skew | Checksum: 257bce2db

Time (s): cpu = 00:00:55 ; elapsed = 00:00:14 . Memory (MB): peak = 5116.961 ; gain = 0.000 ; free physical = 828 ; free virtual = 23874

Router Utilization Summary
  Global Vertical Routing Utilization    = 0.00286071 %
  Global Horizontal Routing Utilization  = 0.000656685 %
  Routable Net Status*
  *Does not include unroutable nets such as driverless and loadless.
  Run report_route_status for detailed report.
  Number of Failed Nets               = 33868
    (Failed Nets is the sum of unrouted and partially routed nets)
  Number of Unrouted Nets             = 30423
  Number of Partially Routed Nets     = 3445
  Number of Node Overlaps             = 0

Phase 2 Router Initialization | Checksum: 1eac05284

Time (s): cpu = 00:00:56 ; elapsed = 00:00:14 . Memory (MB): peak = 5116.961 ; gain = 0.000 ; free physical = 828 ; free virtual = 23876

Phase 3 Initial Routing

Phase 3.1 Global Routing
Phase 3.1 Global Routing | Checksum: 1eac05284

Time (s): cpu = 00:00:56 ; elapsed = 00:00:14 . Memory (MB): peak = 5116.961 ; gain = 0.000 ; free physical = 828 ; free virtual = 23876
Phase 3 Initial Routing | Checksum: 18d660c2e

Time (s): cpu = 00:01:06 ; elapsed = 00:00:18 . Memory (MB): peak = 5116.961 ; gain = 0.000 ; free physical = 800 ; free virtual = 23846

Phase 4 Rip-up And Reroute

Phase 4.1 Global Iteration 0
 Number of Nodes with overlaps = 4989
 Number of Nodes with overlaps = 405
 Number of Nodes with overlaps = 45
 Number of Nodes with overlaps = 3
 Number of Nodes with overlaps = 2
 Number of Nodes with overlaps = 0
INFO: [Route 35-416] Intermediate Timing Summary | WNS=0.185  | TNS=0.000  | WHS=-0.126 | THS=-0.263 |

Phase 4.1 Global Iteration 0 | Checksum: 1bc6478df

Time (s): cpu = 00:02:00 ; elapsed = 00:00:38 . Memory (MB): peak = 5116.961 ; gain = 0.000 ; free physical = 705 ; free virtual = 23791

Phase 4.2 Additional Iteration for Hold
Phase 4.2 Additional Iteration for Hold | Checksum: 165f225f2

Time (s): cpu = 00:02:00 ; elapsed = 00:00:38 . Memory (MB): peak = 5116.961 ; gain = 0.000 ; free physical = 705 ; free virtual = 23791
Phase 4 Rip-up And Reroute | Checksum: 165f225f2

Time (s): cpu = 00:02:00 ; elapsed = 00:00:38 . Memory (MB): peak = 5116.961 ; gain = 0.000 ; free physical = 709 ; free virtual = 23792

Phase 5 Delay and Skew Optimization

Phase 5.1 Delay CleanUp

Phase 5.1.1 Update Timing
Phase 5.1.1 Update Timing | Checksum: 17d0e02e2

Time (s): cpu = 00:02:08 ; elapsed = 00:00:41 . Memory (MB): peak = 5116.961 ; gain = 0.000 ; free physical = 716 ; free virtual = 23786
INFO: [Route 35-416] Intermediate Timing Summary | WNS=0.185  | TNS=0.000  | WHS=0.010  | THS=0.000  |


Phase 5.1.2 Update Timing
Phase 5.1.2 Update Timing | Checksum: 1c337abcc

Time (s): cpu = 00:02:16 ; elapsed = 00:00:43 . Memory (MB): peak = 5116.961 ; gain = 0.000 ; free physical = 668 ; free virtual = 23740
INFO: [Route 35-416] Intermediate Timing Summary | WNS=0.185  | TNS=0.000  | WHS=0.010  | THS=0.000  |

Phase 5.1 Delay CleanUp | Checksum: 17c910215

Time (s): cpu = 00:02:16 ; elapsed = 00:00:43 . Memory (MB): peak = 5116.961 ; gain = 0.000 ; free physical = 667 ; free virtual = 23739

Phase 5.2 Clock Skew Optimization
Phase 5.2 Clock Skew Optimization | Checksum: 17c910215

Time (s): cpu = 00:02:16 ; elapsed = 00:00:43 . Memory (MB): peak = 5116.961 ; gain = 0.000 ; free physical = 669 ; free virtual = 23742
Phase 5 Delay and Skew Optimization | Checksum: 17c910215

Time (s): cpu = 00:02:16 ; elapsed = 00:00:43 . Memory (MB): peak = 5116.961 ; gain = 0.000 ; free physical = 669 ; free virtual = 23741

Phase 6 Post Hold Fix

Phase 6.1 Hold Fix Iter

Phase 6.1.1 Update Timing
Phase 6.1.1 Update Timing | Checksum: 17abe82e7

Time (s): cpu = 00:02:23 ; elapsed = 00:00:45 . Memory (MB): peak = 5116.961 ; gain = 0.000 ; free physical = 668 ; free virtual = 23750
INFO: [Route 35-416] Intermediate Timing Summary | WNS=0.185  | TNS=0.000  | WHS=0.010  | THS=0.000  |

Phase 6.1 Hold Fix Iter | Checksum: 16f975bad

Time (s): cpu = 00:02:23 ; elapsed = 00:00:45 . Memory (MB): peak = 5116.961 ; gain = 0.000 ; free physical = 670 ; free virtual = 23752
Phase 6 Post Hold Fix | Checksum: 16f975bad

Time (s): cpu = 00:02:23 ; elapsed = 00:00:45 . Memory (MB): peak = 5116.961 ; gain = 0.000 ; free physical = 670 ; free virtual = 23751

Phase 7 Route finalize

Router Utilization Summary
  Global Vertical Routing Utilization    = 4.67114 %
  Global Horizontal Routing Utilization  = 5.75732 %
  Routable Net Status*
  *Does not include unroutable nets such as driverless and loadless.
  Run report_route_status for detailed report.
  Number of Failed Nets               = 0
    (Failed Nets is the sum of unrouted and partially routed nets)
  Number of Unrouted Nets             = 0
  Number of Partially Routed Nets     = 0
  Number of Node Overlaps             = 0

Phase 7 Route finalize | Checksum: 19b668609

Time (s): cpu = 00:02:23 ; elapsed = 00:00:45 . Memory (MB): peak = 5116.961 ; gain = 0.000 ; free physical = 671 ; free virtual = 23751

Phase 8 Verifying routed nets

 Verification completed successfully
Phase 8 Verifying routed nets | Checksum: 19b668609

Time (s): cpu = 00:02:24 ; elapsed = 00:00:45 . Memory (MB): peak = 5116.961 ; gain = 0.000 ; free physical = 668 ; free virtual = 23749

Phase 9 Depositing Routes
Phase 9 Depositing Routes | Checksum: 19b668609

Time (s): cpu = 00:02:26 ; elapsed = 00:00:47 . Memory (MB): peak = 5116.961 ; gain = 0.000 ; free physical = 661 ; free virtual = 23740

Phase 10 Resolve XTalk
Phase 10 Resolve XTalk | Checksum: 1e8afb029

Time (s): cpu = 00:02:26 ; elapsed = 00:00:47 . Memory (MB): peak = 5116.961 ; gain = 0.000 ; free physical = 661 ; free virtual = 23740

Phase 11 Post Router Timing
INFO: [Route 35-57] Estimated Timing Summary | WNS=0.185  | TNS=0.000  | WHS=0.010  | THS=0.000  |

INFO: [Route 35-327] The final timing numbers are based on the router estimated timing analysis. For a complete and accurate timing signoff, please run report_timing_summary.
Phase 11 Post Router Timing | Checksum: 1e8afb029

Time (s): cpu = 00:02:30 ; elapsed = 00:00:47 . Memory (MB): peak = 5116.961 ; gain = 0.000 ; free physical = 658 ; free virtual = 23738
INFO: [Route 35-16] Router Completed Successfully

Time (s): cpu = 00:02:30 ; elapsed = 00:00:48 . Memory (MB): peak = 5116.961 ; gain = 0.000 ; free physical = 719 ; free virtual = 23790

Routing Is Done.
INFO: [Common 17-83] Releasing license: Implementation
165 Infos, 53 Warnings, 0 Critical Warnings and 0 Errors encountered.
route_design completed successfully
route_design: Time (s): cpu = 00:02:35 ; elapsed = 00:00:49 . Memory (MB): peak = 5116.961 ; gain = 0.000 ; free physical = 719 ; free virtual = 23790
INFO: [Timing 38-480] Writing timing data to binary archive.
Writing XDEF routing.
Writing XDEF routing logical nets.
Writing XDEF routing special nets.
Write XDEF Complete: Time (s): cpu = 00:00:07 ; elapsed = 00:00:03 . Memory (MB): peak = 5116.961 ; gain = 0.000 ; free physical = 638 ; free virtual = 23772
INFO: [Common 17-1381] The checkpoint '/home/wto/Eos/EosMuon/ME-XU5-2EG-1I-D11E/Mercury_XU5_PE1.runs/impl_1/Mercury_XU5_PE1_routed.dcp' has been generated.
write_checkpoint: Time (s): cpu = 00:00:12 ; elapsed = 00:00:05 . Memory (MB): peak = 5116.961 ; gain = 0.000 ; free physical = 663 ; free virtual = 23746
INFO: [runtcl-4] Executing : report_drc -file Mercury_XU5_PE1_drc_routed.rpt -pb Mercury_XU5_PE1_drc_routed.pb -rpx Mercury_XU5_PE1_drc_routed.rpx
Command: report_drc -file Mercury_XU5_PE1_drc_routed.rpt -pb Mercury_XU5_PE1_drc_routed.pb -rpx Mercury_XU5_PE1_drc_routed.rpx
INFO: [IP_Flow 19-1839] IP Catalog is up to date.
INFO: [DRC 23-27] Running DRC with 8 threads
INFO: [Vivado_Tcl 2-168] The results of DRC are in file /home/wto/Eos/EosMuon/ME-XU5-2EG-1I-D11E/Mercury_XU5_PE1.runs/impl_1/Mercury_XU5_PE1_drc_routed.rpt.
report_drc completed successfully
INFO: [runtcl-4] Executing : report_methodology -file Mercury_XU5_PE1_methodology_drc_routed.rpt -pb Mercury_XU5_PE1_methodology_drc_routed.pb -rpx Mercury_XU5_PE1_methodology_drc_routed.rpx
Command: report_methodology -file Mercury_XU5_PE1_methodology_drc_routed.rpt -pb Mercury_XU5_PE1_methodology_drc_routed.pb -rpx Mercury_XU5_PE1_methodology_drc_routed.rpx
INFO: [Constraints 18-483] create_clock: no pin(s)/port(s)/net(s) specified as objects, only virtual clock 'RGMII_RX_CLK_VIRT' will be created. If you don't want this, please specify pin(s)/ports(s)/net(s) as objects to the command. [/home/wto/Eos/EosMuon/ME-XU5-2EG-1I-D11E/Mercury_XU5_PE1.srcs/constrs_1/imports/src/Mercury_XU5_gmii2rgmii_timing.tcl:22]
INFO: [Timing 38-35] Done setting XDC timing constraints.
INFO: [DRC 23-133] Running Methodology with 8 threads
INFO: [Vivado_Tcl 2-1520] The results of Report Methodology are in file /home/wto/Eos/EosMuon/ME-XU5-2EG-1I-D11E/Mercury_XU5_PE1.runs/impl_1/Mercury_XU5_PE1_methodology_drc_routed.rpt.
report_methodology completed successfully
report_methodology: Time (s): cpu = 00:00:32 ; elapsed = 00:00:07 . Memory (MB): peak = 5119.871 ; gain = 0.000 ; free physical = 680 ; free virtual = 23775
INFO: [runtcl-4] Executing : report_power -file Mercury_XU5_PE1_power_routed.rpt -pb Mercury_XU5_PE1_power_summary_routed.pb -rpx Mercury_XU5_PE1_power_routed.rpx
Command: report_power -file Mercury_XU5_PE1_power_routed.rpt -pb Mercury_XU5_PE1_power_summary_routed.pb -rpx Mercury_XU5_PE1_power_routed.rpx
INFO: [Constraints 18-483] create_clock: no pin(s)/port(s)/net(s) specified as objects, only virtual clock 'RGMII_RX_CLK_VIRT' will be created. If you don't want this, please specify pin(s)/ports(s)/net(s) as objects to the command. [/home/wto/Eos/EosMuon/ME-XU5-2EG-1I-D11E/Mercury_XU5_PE1.srcs/constrs_1/imports/src/Mercury_XU5_gmii2rgmii_timing.tcl:22]
INFO: [Timing 38-35] Done setting XDC timing constraints.
Running Vector-less Activity Propagation...

Finished Running Vector-less Activity Propagation
WARNING: [Power 33-332] Found switching activity that implies high-fanout reset nets being asserted for excessive periods of time which may result in inaccurate power analysis.
Resolution: To review and fix problems, please run Power Constraints Advisor in the GUI from Tools > Power Constraints Advisor or run report_power with the -advisory option to generate a text report.
179 Infos, 54 Warnings, 0 Critical Warnings and 0 Errors encountered.
report_power completed successfully
report_power: Time (s): cpu = 00:00:23 ; elapsed = 00:00:09 . Memory (MB): peak = 5183.922 ; gain = 64.051 ; free physical = 618 ; free virtual = 23715
INFO: [runtcl-4] Executing : report_route_status -file Mercury_XU5_PE1_route_status.rpt -pb Mercury_XU5_PE1_route_status.pb
INFO: [runtcl-4] Executing : report_timing_summary -max_paths 10 -report_unconstrained -file Mercury_XU5_PE1_timing_summary_routed.rpt -pb Mercury_XU5_PE1_timing_summary_routed.pb -rpx Mercury_XU5_PE1_timing_summary_routed.rpx -warn_on_violation 
INFO: [Timing 38-91] UpdateTimingParams: Speed grade: -1, Temperature grade: I, Delay Type: min_max.
INFO: [Timing 38-191] Multithreading enabled for timing update using a maximum of 8 CPUs
WARNING: [Timing 38-436] There are set_bus_skew constraint(s) in this design. Please run report_bus_skew to ensure that bus skew requirements are met.
INFO: [runtcl-4] Executing : report_incremental_reuse -file Mercury_XU5_PE1_incremental_reuse_routed.rpt
INFO: [Vivado_Tcl 4-1062] Incremental flow is disabled. No incremental reuse Info to report.
INFO: [runtcl-4] Executing : report_clock_utilization -file Mercury_XU5_PE1_clock_utilization_routed.rpt
INFO: [runtcl-4] Executing : report_bus_skew -warn_on_violation -file Mercury_XU5_PE1_bus_skew_routed.rpt -pb Mercury_XU5_PE1_bus_skew_routed.pb -rpx Mercury_XU5_PE1_bus_skew_routed.rpx
INFO: [Timing 38-91] UpdateTimingParams: Speed grade: -1, Temperature grade: I, Delay Type: min_max.
INFO: [Timing 38-191] Multithreading enabled for timing update using a maximum of 8 CPUs
WARNING: [Memdata 28-362] Design is having concatenated BRAM controllers(heterogenous memory), this configuration is not supported by Updatemem for current device part. Only the first BRAM controller will be added to .MMI and used by Updatemem to update the bitstream with new data.
Command: write_bitstream -force Mercury_XU5_PE1.bit
Attempting to get a license for feature 'Implementation' and/or device 'xczu2eg'
INFO: [Common 17-349] Got license for feature 'Implementation' and/or device 'xczu2eg'
Running DRC as a precondition to command write_bitstream
INFO: [IP_Flow 19-1839] IP Catalog is up to date.
INFO: [DRC 23-27] Running DRC with 8 threads
WARNING: [DRC MIG-69] Invalid Constraint: [Mercury_XU5_i/ddr4] The Memory IP reset port  has an incompatible IO Standard LVCMOS18 selected. If a level shifter or similar is used to ensure compatibility, this DRC can be demoted. For more details please refer AR66800.
WARNING: [DRC PDCN-1569] LUT equation term check: Used physical LUT pin 'A2' of cell dbg_hub/inst/BSCANID.u_xsdbm_id/SWITCH_N_EXT_BSCAN.bscan_switch/temp_curid[31]_i_1 (pin dbg_hub/inst/BSCANID.u_xsdbm_id/SWITCH_N_EXT_BSCAN.bscan_switch/temp_curid[31]_i_1/I0) is not included in the LUT equation: 'O5=(A3*A5)+(A3*(~A5)*(~A1))+((~A3))'. If this cell is a user instantiated LUT in the design, please remove connectivity to the pin or change the equation and/or INIT string of the LUT to prevent this issue. If the cell is inferred or IP created LUT, please regenerate the IP and/or resynthesize the design to attempt to correct the issue.
WARNING: [DRC PDCN-1569] LUT equation term check: Used physical LUT pin 'A4' of cell dbg_hub/inst/BSCANID.u_xsdbm_id/SWITCH_N_EXT_BSCAN.bscan_switch/temp_curid[31]_i_1 (pin dbg_hub/inst/BSCANID.u_xsdbm_id/SWITCH_N_EXT_BSCAN.bscan_switch/temp_curid[31]_i_1/I1) is not included in the LUT equation: 'O5=(A3*A5)+(A3*(~A5)*(~A1))+((~A3))'. If this cell is a user instantiated LUT in the design, please remove connectivity to the pin or change the equation and/or INIT string of the LUT to prevent this issue. If the cell is inferred or IP created LUT, please regenerate the IP and/or resynthesize the design to attempt to correct the issue.
WARNING: [DRC PDCN-1569] LUT equation term check: Used physical LUT pin 'A4' of cell dbg_hub/inst/BSCANID.u_xsdbm_id/SWITCH_N_EXT_BSCAN.id_state[0]_i_1 (pin dbg_hub/inst/BSCANID.u_xsdbm_id/SWITCH_N_EXT_BSCAN.id_state[0]_i_1/I0) is not included in the LUT equation: 'O6=(A6+~A6)*((A5))'. If this cell is a user instantiated LUT in the design, please remove connectivity to the pin or change the equation and/or INIT string of the LUT to prevent this issue. If the cell is inferred or IP created LUT, please regenerate the IP and/or resynthesize the design to attempt to correct the issue.
WARNING: [DRC REQP-1853] BUFGCE_DIV_cascade_from_clock_buf: Cascaded clock buffers exist in the design with constant CE pin. This may result in large clock skew and timing violations. Cell BUFGCE_DIV i_gmii2rgmii/i_rgmii_Div4 I pin is driven by another clock buffer Mercury_XU5_i/clk_wiz_0/inst/clkout4_buf.
WARNING: [DRC RTSTAT-10] No routable loads: 343 net(s) have no routable loads. The problem bus(es) and/or net(s) are Mercury_XU5_i/ddr4/inst/u_ddr4_mem_intfc/u_ddr_cal_riu/LMB_CE_riu, Mercury_XU5_i/ddr4/inst/u_ddr4_mem_intfc/u_ddr_cal_riu/LMB_UE_riu, Mercury_XU5_i/ddr4/inst/u_ddr4_mem_intfc/u_ddr_cal_top/u_ddr_cal/u_xsdb_arbiter/Q[12], Mercury_XU5_i/ddr4/inst/u_ddr4_mem_intfc/u_ddr_cal_top/u_ddr_cal/u_xsdb_arbiter/Q[13], Mercury_XU5_i/ddr4/inst/u_ddr4_mem_intfc/u_ddr_cal_top/u_ddr_cal/u_xsdb_arbiter/Q[14], Mercury_XU5_i/ddr4/inst/u_ddr4_mem_intfc/u_ddr_cal_top/u_ddr_cal/u_xsdb_arbiter/Q[15], Mercury_XU5_i/ddr4/inst/u_ddr4_mem_intfc/u_phy2clb_fixdly_rdy_upp/SYNC[0].sync_reg[1], Mercury_XU5_i/ddr4/inst/u_ddr4_mem_intfc/u_phy2clb_fixdly_rdy_low/SYNC[0].sync_reg[1], Mercury_XU5_i/ddr4/inst/u_ddr4_mem_intfc/u_phy2clb_phy_rdy_upp/SYNC[0].sync_reg[1], Mercury_XU5_i/ddr4/inst/u_ddr4_mem_intfc/u_phy2clb_phy_rdy_low/SYNC[0].sync_reg[1], Mercury_XU5_i/ddr4/inst/u_ddr4_mem_intfc/u_phy2clb_fixdly_rdy_upp/SYNC[1].sync_reg[1], Mercury_XU5_i/ddr4/inst/u_ddr4_mem_intfc/u_phy2clb_phy_rdy_low/SYNC[1].sync_reg[1], Mercury_XU5_i/ddr4/inst/u_ddr4_mem_intfc/u_phy2clb_fixdly_rdy_low/SYNC[1].sync_reg[1], Mercury_XU5_i/ddr4/inst/u_ddr4_mem_intfc/u_phy2clb_phy_rdy_upp/SYNC[1].sync_reg[1], Mercury_XU5_i/ddr4/inst/u_ddr4_mem_intfc/u_phy2clb_fixdly_rdy_upp/SYNC[2].sync_reg[1]... and (the first 15 of 189 listed).
INFO: [Vivado 12-3199] DRC finished with 0 Errors, 6 Warnings
INFO: [Vivado 12-3200] Please refer to the DRC report (report_drc) for more information.
Generating merged BMM file for the design top 'Mercury_XU5_PE1'...
INFO: [Memdata 28-144] Successfully populated the BRAM INIT strings from the following elf files: /home/wto/Eos/EosMuon/ME-XU5-2EG-1I-D11E/Mercury_XU5_PE1.gen/sources_1/bd/Mercury_XU5/ip/Mercury_XU5_ddr4_0/sw/calibration_0/Debug/calibration_ddr.elf 
INFO: [Designutils 20-2272] Running write_bitstream with 8 threads.
Loading data files...
Loading site data...
Loading route data...
Processing options...
Creating bitmap...
Creating bitstream...
Writing bitstream ./Mercury_XU5_PE1.bit...
INFO: [Vivado 12-1842] Bitgen Completed Successfully.
INFO: [Project 1-1876] WebTalk data collection is mandatory when using a ULT device. To see the specific WebTalk data collected for your design, open the usage_statistics_webtalk.html or usage_statistics_webtalk.xml file in the implementation directory.
INFO: [Common 17-83] Releasing license: Implementation
13 Infos, 7 Warnings, 0 Critical Warnings and 0 Errors encountered.
write_bitstream completed successfully
write_bitstream: Time (s): cpu = 00:00:24 ; elapsed = 00:00:21 . Memory (MB): peak = 5277.449 ; gain = 93.527 ; free physical = 566 ; free virtual = 23667
INFO: [Common 17-206] Exiting Vivado at Thu May 14 16:24:35 2026...
