
*** Running vivado
    with args -log Mercury_XU5_PE1.vds -m64 -product Vivado -mode batch -messageDb vivado.pb -notrace -source Mercury_XU5_PE1.tcl


****** Vivado v2022.2 (64-bit)
  **** SW Build 3671981 on Fri Oct 14 04:59:54 MDT 2022
  **** IP Build 3669848 on Fri Oct 14 08:30:02 MDT 2022
    ** Copyright 1986-2022 Xilinx, Inc. All Rights Reserved.

WARNING: [Runs 36-547] User Strategy 'Vivado Implementation Defaults' from file '/home/wto/.Xilinx/Vivado/2022.2/strategies/Vivado Implementation Defaults_2.Vivado Implementation 2022.psg' discarded because strategy with same name already parsed from '/home/wto/Xilinx/Vivado/2022.2/strategies/VDI2022.psg'
WARNING: [Runs 36-547] User Strategy 'Vivado Synthesis Defaults' from file '/home/wto/.Xilinx/Vivado/2022.2/strategies/Vivado Synthesis Defaults.Vivado Synthesis 2022.psg' discarded because strategy with same name already parsed from '/home/wto/Xilinx/Vivado/2022.2/strategies/VDS2022.psg'
WARNING: [Runs 36-547] User Strategy 'Vivado Implementation Defaults' from file '/home/wto/.Xilinx/Vivado/2022.2/strategies/Vivado Implementation Defaults.Vivado Implementation 2022.psg' discarded because strategy with same name already parsed from '/home/wto/Xilinx/Vivado/2022.2/strategies/VDI2022.psg'
WARNING: [Runs 36-547] User Strategy 'Vivado Synthesis Defaults' from file '/home/wto/.Xilinx/Vivado/2022.2/strategies/Vivado Synthesis Defaults_2.Vivado Synthesis 2022.psg' discarded because strategy with same name already parsed from '/home/wto/Xilinx/Vivado/2022.2/strategies/VDS2022.psg'
source Mercury_XU5_PE1.tcl -notrace
WARNING: [Common 17-1361] You have specified a new message control rule that is equivalent to an existing rule with attributes ' -id {[BD 41-1306]}  -suppress '. The existing rule will be replaced.
WARNING: [Common 17-1361] You have specified a new message control rule that is equivalent to an existing rule with attributes ' -id {[BD 41-1306]}  -suppress '. The existing rule will be replaced.
WARNING: [Common 17-1361] You have specified a new message control rule that is equivalent to an existing rule with attributes ' -id {[BD 41-1271]}  -suppress '. The existing rule will be replaced.
WARNING: [Common 17-1361] You have specified a new message control rule that is equivalent to an existing rule with attributes ' -id {[BD 41-1306]}  -suppress '. The existing rule will be replaced.
WARNING: [Common 17-1361] You have specified a new message control rule that is equivalent to an existing rule with attributes ' -id {[BD 41-1271]}  -suppress '. The existing rule will be replaced.
WARNING: [Common 17-1361] You have specified a new message control rule that is equivalent to an existing rule with attributes ' -id {[BD 41-1306]}  -suppress '. The existing rule will be replaced.
WARNING: [Common 17-1361] You have specified a new message control rule that is equivalent to an existing rule with attributes ' -id {[BD 41-1271]}  -suppress '. The existing rule will be replaced.
WARNING: [Common 17-1361] You have specified a new message control rule that is equivalent to an existing rule with attributes ' -id {[BD 41-1306]}  -suppress '. The existing rule will be replaced.
WARNING: [Common 17-1361] You have specified a new message control rule that is equivalent to an existing rule with attributes ' -id {[BD 41-1271]}  -suppress '. The existing rule will be replaced.
WARNING: [Common 17-1361] You have specified a new message control rule that is equivalent to an existing rule with attributes ' -id {[BD 41-1306]}  -suppress '. The existing rule will be replaced.
WARNING: [Common 17-1361] You have specified a new message control rule that is equivalent to an existing rule with attributes ' -id {[BD 41-1271]}  -suppress '. The existing rule will be replaced.
WARNING: [Common 17-1361] You have specified a new message control rule that is equivalent to an existing rule with attributes ' -id {[BD 41-1306]}  -suppress '. The existing rule will be replaced.
WARNING: [Common 17-1361] You have specified a new message control rule that is equivalent to an existing rule with attributes ' -id {[BD 41-1271]}  -suppress '. The existing rule will be replaced.
WARNING: [Common 17-1361] You have specified a new message control rule that is equivalent to an existing rule with attributes ' -id {[BD 41-1306]}  -suppress '. The existing rule will be replaced.
WARNING: [Common 17-1361] You have specified a new message control rule that is equivalent to an existing rule with attributes ' -id {[BD 41-1271]}  -suppress '. The existing rule will be replaced.
WARNING: [Common 17-1361] You have specified a new message control rule that is equivalent to an existing rule with attributes ' -id {[BD 41-1306]}  -suppress '. The existing rule will be replaced.
WARNING: [Common 17-1361] You have specified a new message control rule that is equivalent to an existing rule with attributes ' -id {[BD 41-1271]}  -suppress '. The existing rule will be replaced.
WARNING: [Common 17-1361] You have specified a new message control rule that is equivalent to an existing rule with attributes ' -id {[BD 41-1306]}  -suppress '. The existing rule will be replaced.
INFO: [IP_Flow 19-234] Refreshing IP repositories
INFO: [IP_Flow 19-1700] Loaded user IP repository '/home/wto/Eos/EosMuon/ip_repo'.
INFO: [IP_Flow 19-2313] Loaded Vivado IP repository '/home/wto/Xilinx/Vivado/2022.2/data/ip'.
source /home/wto/Eos/EosMuon/ME-XU5-2EG-1I-D11E/Mercury_XU5_PE1.srcs/utils_1/imports/scripts/settings.tcl
INFO: settings.tcl file loaded.
WARNING: [filemgmt 56-443] The ECC Algorithm string is empty. Setting the Memory Map to default ECC value to ECC_NONE.
WARNING: [filemgmt 56-443] The ECC Algorithm string is empty. Setting the Memory Map to default ECC value to ECC_NONE.
Command: read_checkpoint -auto_incremental -incremental /home/wto/Eos/EosMuon/ME-XU5-2EG-1I-D11E/Mercury_XU5_PE1.srcs/utils_1/imports/synth_1/Mercury_XU5_PE1.dcp
INFO: [Vivado 12-5825] Read reference checkpoint from /home/wto/Eos/EosMuon/ME-XU5-2EG-1I-D11E/Mercury_XU5_PE1.srcs/utils_1/imports/synth_1/Mercury_XU5_PE1.dcp for incremental synthesis
INFO: [Vivado 12-7989] Please ensure there are no constraint changes
Command: synth_design -top Mercury_XU5_PE1 -part xczu2eg-sfvc784-1-i
Starting synth_design
Attempting to get a license for feature 'Synthesis' and/or device 'xczu2eg'
INFO: [Common 17-349] Got license for feature 'Synthesis' and/or device 'xczu2eg'
INFO: [Device 21-403] Loading part xczu2eg-sfvc784-1-i
INFO: [Designutils 20-5440] No compile time benefit to using incremental synthesis; A full resynthesis will be run
INFO: [Designutils 20-4379] Flow is switching to default flow due to incremental criteria not met. If you would like to alter this behaviour and have the flow terminate instead, please set the following parameter config_implementation {autoIncr.Synth.RejectBehavior Terminate}
INFO: [Synth 8-7079] Multithreading enabled for synth_design using a maximum of 4 processes.
INFO: [Synth 8-7078] Launching helper process for spawning children vivado processes
INFO: [Synth 8-7075] Helper process launched with PID 220452
INFO: [Synth 8-11241] undeclared symbol 'REGCCE', assumed default net type 'wire' [/home/wto/Xilinx/Vivado/2022.2/data/verilog/src/unimacro/BRAM_SINGLE_MACRO.v:2170]
---------------------------------------------------------------------------------
Starting RTL Elaboration : Time (s): cpu = 00:00:03 ; elapsed = 00:00:03 . Memory (MB): peak = 2895.145 ; gain = 243.801 ; free physical = 974 ; free virtual = 24042
Synthesis current peak Physical Memory [PSS] (MB): peak = 2322.339; parent = 2116.552; children = 205.787
Synthesis current peak Virtual Memory [VSS] (MB): peak = 3902.227; parent = 2899.117; children = 1003.109
---------------------------------------------------------------------------------
INFO: [Synth 8-638] synthesizing module 'Mercury_XU5_PE1' [/home/wto/Eos/EosMuon/ME-XU5-2EG-1I-D11E/Mercury_XU5_PE1.srcs/sources_1/imports/src/Mercury_XU5_PE1.vhd:242]
	Parameter BG_WIDTH bound to: 1 - type: integer 
INFO: [Synth 8-3491] module 'EosMuonDAQ' declared at '/home/wto/Eos/EosMuon/ME-XU5-2EG-1I-D11E/Mercury_XU5_PE1.srcs/sources_1/new/EosMuonDAQ.v:2' bound to instance 'EosMuonDAQ_i' of component 'EosMuonDAQ' [/home/wto/Eos/EosMuon/ME-XU5-2EG-1I-D11E/Mercury_XU5_PE1.srcs/sources_1/imports/src/Mercury_XU5_PE1.vhd:412]
INFO: [Synth 8-6157] synthesizing module 'EosMuonDAQ' [/home/wto/Eos/EosMuon/ME-XU5-2EG-1I-D11E/Mercury_XU5_PE1.srcs/sources_1/new/EosMuonDAQ.v:2]
INFO: [Synth 8-6157] synthesizing module 'IBUFDS' [/home/wto/Xilinx/Vivado/2022.2/scripts/rt/data/unisim_comp.v:71342]
	Parameter DIFF_TERM bound to: TRUE - type: string 
	Parameter IBUF_LOW_PWR bound to: FALSE - type: string 
INFO: [Synth 8-6155] done synthesizing module 'IBUFDS' (0#1) [/home/wto/Xilinx/Vivado/2022.2/scripts/rt/data/unisim_comp.v:71342]
INFO: [Synth 8-6157] synthesizing module 'BUFG' [/home/wto/Xilinx/Vivado/2022.2/scripts/rt/data/unisim_comp.v:1082]
INFO: [Synth 8-6155] done synthesizing module 'BUFG' (0#1) [/home/wto/Xilinx/Vivado/2022.2/scripts/rt/data/unisim_comp.v:1082]
INFO: [Synth 8-638] synthesizing module 'event192_fifo' [/home/wto/Eos/EosMuon/ME-XU5-2EG-1I-D11E/Mercury_XU5_PE1.runs/synth_1/.Xil/Vivado-220430-precision3561/realtime/event192_fifo_stub.vhdl:22]
INFO: [Synth 8-6155] done synthesizing module 'EosMuonDAQ' (0#1) [/home/wto/Eos/EosMuon/ME-XU5-2EG-1I-D11E/Mercury_XU5_PE1.srcs/sources_1/new/EosMuonDAQ.v:2]
INFO: [Synth 8-3491] module 'Mercury_XU5' declared at '/home/wto/Eos/EosMuon/ME-XU5-2EG-1I-D11E/Mercury_XU5_PE1.gen/sources_1/bd/Mercury_XU5/synth/Mercury_XU5.vhd:786' bound to instance 'Mercury_XU5_i' of component 'Mercury_XU5' [/home/wto/Eos/EosMuon/ME-XU5-2EG-1I-D11E/Mercury_XU5_PE1.srcs/sources_1/imports/src/Mercury_XU5_PE1.vhd:580]
INFO: [Synth 8-638] synthesizing module 'Mercury_XU5' [/home/wto/Eos/EosMuon/ME-XU5-2EG-1I-D11E/Mercury_XU5_PE1.gen/sources_1/bd/Mercury_XU5/synth/Mercury_XU5.vhd:845]
INFO: [Synth 8-638] synthesizing module 'Mercury_XU5_axi_interconnect_0_0' [/home/wto/Eos/EosMuon/ME-XU5-2EG-1I-D11E/Mercury_XU5_PE1.gen/sources_1/bd/Mercury_XU5/synth/Mercury_XU5.vhd:536]
INFO: [Synth 8-638] synthesizing module 's00_couplers_imp_17XXMTV' [/home/wto/Eos/EosMuon/ME-XU5-2EG-1I-D11E/Mercury_XU5_PE1.gen/sources_1/bd/Mercury_XU5/synth/Mercury_XU5.vhd:99]
INFO: [Synth 8-3491] module 'Mercury_XU5_auto_cc_0' declared at '/home/wto/Eos/EosMuon/ME-XU5-2EG-1I-D11E/Mercury_XU5_PE1.runs/synth_1/.Xil/Vivado-220430-precision3561/realtime/Mercury_XU5_auto_cc_0_stub.vhdl:5' bound to instance 'auto_cc' of component 'Mercury_XU5_auto_cc_0' [/home/wto/Eos/EosMuon/ME-XU5-2EG-1I-D11E/Mercury_XU5_PE1.gen/sources_1/bd/Mercury_XU5/synth/Mercury_XU5.vhd:355]
INFO: [Synth 8-638] synthesizing module 'Mercury_XU5_auto_cc_0' [/home/wto/Eos/EosMuon/ME-XU5-2EG-1I-D11E/Mercury_XU5_PE1.runs/synth_1/.Xil/Vivado-220430-precision3561/realtime/Mercury_XU5_auto_cc_0_stub.vhdl:97]
INFO: [Synth 8-256] done synthesizing module 's00_couplers_imp_17XXMTV' (0#1) [/home/wto/Eos/EosMuon/ME-XU5-2EG-1I-D11E/Mercury_XU5_PE1.gen/sources_1/bd/Mercury_XU5/synth/Mercury_XU5.vhd:99]
INFO: [Synth 8-256] done synthesizing module 'Mercury_XU5_axi_interconnect_0_0' (0#1) [/home/wto/Eos/EosMuon/ME-XU5-2EG-1I-D11E/Mercury_XU5_PE1.gen/sources_1/bd/Mercury_XU5/synth/Mercury_XU5.vhd:536]
INFO: [Synth 8-3491] module 'Mercury_XU5_clk_wiz_0_0' declared at '/home/wto/Eos/EosMuon/ME-XU5-2EG-1I-D11E/Mercury_XU5_PE1.runs/synth_1/.Xil/Vivado-220430-precision3561/realtime/Mercury_XU5_clk_wiz_0_0_stub.vhdl:5' bound to instance 'clk_wiz_0' of component 'Mercury_XU5_clk_wiz_0_0' [/home/wto/Eos/EosMuon/ME-XU5-2EG-1I-D11E/Mercury_XU5_PE1.gen/sources_1/bd/Mercury_XU5/synth/Mercury_XU5.vhd:1763]
INFO: [Synth 8-638] synthesizing module 'Mercury_XU5_clk_wiz_0_0' [/home/wto/Eos/EosMuon/ME-XU5-2EG-1I-D11E/Mercury_XU5_PE1.runs/synth_1/.Xil/Vivado-220430-precision3561/realtime/Mercury_XU5_clk_wiz_0_0_stub.vhdl:18]
INFO: [Synth 8-3491] module 'Mercury_XU5_ddr4_0' declared at '/home/wto/Eos/EosMuon/ME-XU5-2EG-1I-D11E/Mercury_XU5_PE1.runs/synth_1/.Xil/Vivado-220430-precision3561/realtime/Mercury_XU5_ddr4_0_stub.vhdl:5' bound to instance 'ddr4' of component 'Mercury_XU5_ddr4_0' [/home/wto/Eos/EosMuon/ME-XU5-2EG-1I-D11E/Mercury_XU5_PE1.gen/sources_1/bd/Mercury_XU5/synth/Mercury_XU5.vhd:1773]
INFO: [Synth 8-638] synthesizing module 'Mercury_XU5_ddr4_0' [/home/wto/Eos/EosMuon/ME-XU5-2EG-1I-D11E/Mercury_XU5_PE1.runs/synth_1/.Xil/Vivado-220430-precision3561/realtime/Mercury_XU5_ddr4_0_stub.vhdl:71]
INFO: [Synth 8-3491] module 'Mercury_XU5_ddr4_sys_rst_0' declared at '/home/wto/Eos/EosMuon/ME-XU5-2EG-1I-D11E/Mercury_XU5_PE1.runs/synth_1/.Xil/Vivado-220430-precision3561/realtime/Mercury_XU5_ddr4_sys_rst_0_stub.vhdl:5' bound to instance 'ddr4_sys_rst' of component 'Mercury_XU5_ddr4_sys_rst_0' [/home/wto/Eos/EosMuon/ME-XU5-2EG-1I-D11E/Mercury_XU5_PE1.gen/sources_1/bd/Mercury_XU5/synth/Mercury_XU5.vhd:1836]
INFO: [Synth 8-638] synthesizing module 'Mercury_XU5_ddr4_sys_rst_0' [/home/wto/Eos/EosMuon/ME-XU5-2EG-1I-D11E/Mercury_XU5_PE1.runs/synth_1/.Xil/Vivado-220430-precision3561/realtime/Mercury_XU5_ddr4_sys_rst_0_stub.vhdl:21]
INFO: [Synth 8-3491] module 'Mercury_XU5_led_0' declared at '/home/wto/Eos/EosMuon/ME-XU5-2EG-1I-D11E/Mercury_XU5_PE1.runs/synth_1/.Xil/Vivado-220430-precision3561/realtime/Mercury_XU5_led_0_stub.vhdl:5' bound to instance 'led' of component 'Mercury_XU5_led_0' [/home/wto/Eos/EosMuon/ME-XU5-2EG-1I-D11E/Mercury_XU5_PE1.gen/sources_1/bd/Mercury_XU5/synth/Mercury_XU5.vhd:1849]
INFO: [Synth 8-638] synthesizing module 'Mercury_XU5_led_0' [/home/wto/Eos/EosMuon/ME-XU5-2EG-1I-D11E/Mercury_XU5_PE1.runs/synth_1/.Xil/Vivado-220430-precision3561/realtime/Mercury_XU5_led_0_stub.vhdl:31]
INFO: [Synth 8-3491] module 'Mercury_XU5_ps_sys_rst_0' declared at '/home/wto/Eos/EosMuon/ME-XU5-2EG-1I-D11E/Mercury_XU5_PE1.runs/synth_1/.Xil/Vivado-220430-precision3561/realtime/Mercury_XU5_ps_sys_rst_0_stub.vhdl:5' bound to instance 'ps_sys_rst' of component 'Mercury_XU5_ps_sys_rst_0' [/home/wto/Eos/EosMuon/ME-XU5-2EG-1I-D11E/Mercury_XU5_PE1.gen/sources_1/bd/Mercury_XU5/synth/Mercury_XU5.vhd:1872]
INFO: [Synth 8-638] synthesizing module 'Mercury_XU5_ps_sys_rst_0' [/home/wto/Eos/EosMuon/ME-XU5-2EG-1I-D11E/Mercury_XU5_PE1.runs/synth_1/.Xil/Vivado-220430-precision3561/realtime/Mercury_XU5_ps_sys_rst_0_stub.vhdl:21]
INFO: [Synth 8-3491] module 'Mercury_XU5_reg_bank_0_0' declared at '/home/wto/Eos/EosMuon/ME-XU5-2EG-1I-D11E/Mercury_XU5_PE1.runs/synth_1/.Xil/Vivado-220430-precision3561/realtime/Mercury_XU5_reg_bank_0_0_stub.vhdl:5' bound to instance 'reg_bank_0' of component 'Mercury_XU5_reg_bank_0_0' [/home/wto/Eos/EosMuon/ME-XU5-2EG-1I-D11E/Mercury_XU5_PE1.gen/sources_1/bd/Mercury_XU5/synth/Mercury_XU5.vhd:1885]
INFO: [Synth 8-638] synthesizing module 'Mercury_XU5_reg_bank_0_0' [/home/wto/Eos/EosMuon/ME-XU5-2EG-1I-D11E/Mercury_XU5_PE1.runs/synth_1/.Xil/Vivado-220430-precision3561/realtime/Mercury_XU5_reg_bank_0_0_stub.vhdl:34]
INFO: [Synth 8-3491] module 'Mercury_XU5_reg_bank_1_0' declared at '/home/wto/Eos/EosMuon/ME-XU5-2EG-1I-D11E/Mercury_XU5_PE1.runs/synth_1/.Xil/Vivado-220430-precision3561/realtime/Mercury_XU5_reg_bank_1_0_stub.vhdl:5' bound to instance 'reg_bank_1' of component 'Mercury_XU5_reg_bank_1_0' [/home/wto/Eos/EosMuon/ME-XU5-2EG-1I-D11E/Mercury_XU5_PE1.gen/sources_1/bd/Mercury_XU5/synth/Mercury_XU5.vhd:1911]
INFO: [Synth 8-638] synthesizing module 'Mercury_XU5_reg_bank_1_0' [/home/wto/Eos/EosMuon/ME-XU5-2EG-1I-D11E/Mercury_XU5_PE1.runs/synth_1/.Xil/Vivado-220430-precision3561/realtime/Mercury_XU5_reg_bank_1_0_stub.vhdl:34]
INFO: [Synth 8-3491] module 'Mercury_XU5_smartconnect_00_0' declared at '/home/wto/Eos/EosMuon/ME-XU5-2EG-1I-D11E/Mercury_XU5_PE1.runs/synth_1/.Xil/Vivado-220430-precision3561/realtime/Mercury_XU5_smartconnect_00_0_stub.vhdl:5' bound to instance 'smartconnect_00' of component 'Mercury_XU5_smartconnect_00_0' [/home/wto/Eos/EosMuon/ME-XU5-2EG-1I-D11E/Mercury_XU5_PE1.gen/sources_1/bd/Mercury_XU5/synth/Mercury_XU5.vhd:1937]
INFO: [Synth 8-638] synthesizing module 'Mercury_XU5_smartconnect_00_0' [/home/wto/Eos/EosMuon/ME-XU5-2EG-1I-D11E/Mercury_XU5_PE1.runs/synth_1/.Xil/Vivado-220430-precision3561/realtime/Mercury_XU5_smartconnect_00_0_stub.vhdl:128]
INFO: [Synth 8-3491] module 'Mercury_XU5_system_management_wiz_0' declared at '/home/wto/Eos/EosMuon/ME-XU5-2EG-1I-D11E/Mercury_XU5_PE1.runs/synth_1/.Xil/Vivado-220430-precision3561/realtime/Mercury_XU5_system_management_wiz_0_stub.vhdl:5' bound to instance 'system_management_wiz' of component 'Mercury_XU5_system_management_wiz_0' [/home/wto/Eos/EosMuon/ME-XU5-2EG-1I-D11E/Mercury_XU5_PE1.gen/sources_1/bd/Mercury_XU5/synth/Mercury_XU5.vhd:2057]
INFO: [Synth 8-638] synthesizing module 'Mercury_XU5_system_management_wiz_0' [/home/wto/Eos/EosMuon/ME-XU5-2EG-1I-D11E/Mercury_XU5_PE1.runs/synth_1/.Xil/Vivado-220430-precision3561/realtime/Mercury_XU5_system_management_wiz_0_stub.vhdl:43]
INFO: [Synth 8-3491] module 'Mercury_XU5_zynq_ultra_ps_e_0' declared at '/home/wto/Eos/EosMuon/ME-XU5-2EG-1I-D11E/Mercury_XU5_PE1.runs/synth_1/.Xil/Vivado-220430-precision3561/realtime/Mercury_XU5_zynq_ultra_ps_e_0_stub.vhdl:5' bound to instance 'zynq_ultra_ps_e' of component 'Mercury_XU5_zynq_ultra_ps_e_0' [/home/wto/Eos/EosMuon/ME-XU5-2EG-1I-D11E/Mercury_XU5_PE1.gen/sources_1/bd/Mercury_XU5/synth/Mercury_XU5.vhd:2092]
INFO: [Synth 8-638] synthesizing module 'Mercury_XU5_zynq_ultra_ps_e_0' [/home/wto/Eos/EosMuon/ME-XU5-2EG-1I-D11E/Mercury_XU5_PE1.runs/synth_1/.Xil/Vivado-220430-precision3561/realtime/Mercury_XU5_zynq_ultra_ps_e_0_stub.vhdl:120]
INFO: [Synth 8-256] done synthesizing module 'Mercury_XU5' (0#1) [/home/wto/Eos/EosMuon/ME-XU5-2EG-1I-D11E/Mercury_XU5_PE1.gen/sources_1/bd/Mercury_XU5/synth/Mercury_XU5.vhd:845]
INFO: [Synth 8-3491] module 'IOBUF' declared at '/home/wto/Xilinx/Vivado/2022.2/scripts/rt/data/unisim_comp.v:75902' bound to instance 'IIC_scl_iobuf' of component 'IOBUF' [/home/wto/Eos/EosMuon/ME-XU5-2EG-1I-D11E/Mercury_XU5_PE1.srcs/sources_1/imports/src/Mercury_XU5_PE1.vhd:634]
INFO: [Synth 8-6157] synthesizing module 'IOBUF' [/home/wto/Xilinx/Vivado/2022.2/scripts/rt/data/unisim_comp.v:75902]
INFO: [Synth 8-6155] done synthesizing module 'IOBUF' (0#1) [/home/wto/Xilinx/Vivado/2022.2/scripts/rt/data/unisim_comp.v:75902]
INFO: [Synth 8-3491] module 'IOBUF' declared at '/home/wto/Xilinx/Vivado/2022.2/scripts/rt/data/unisim_comp.v:75902' bound to instance 'IIC_sda_iobuf' of component 'IOBUF' [/home/wto/Eos/EosMuon/ME-XU5-2EG-1I-D11E/Mercury_XU5_PE1.srcs/sources_1/imports/src/Mercury_XU5_PE1.vhd:642]
INFO: [Synth 8-3491] module 'IOBUF' declared at '/home/wto/Xilinx/Vivado/2022.2/scripts/rt/data/unisim_comp.v:75902' bound to instance 'MDIO_mdio_iobuf' of component 'IOBUF' [/home/wto/Eos/EosMuon/ME-XU5-2EG-1I-D11E/Mercury_XU5_PE1.srcs/sources_1/imports/src/Mercury_XU5_PE1.vhd:668]
INFO: [Synth 8-637] synthesizing blackbox instance 'i_gmii2rgmii' of component 'Mercury_XU5_GMII2RGMII' [/home/wto/Eos/EosMuon/ME-XU5-2EG-1I-D11E/Mercury_XU5_PE1.srcs/sources_1/imports/src/Mercury_XU5_PE1.vhd:676]
INFO: [Synth 8-256] done synthesizing module 'Mercury_XU5_PE1' (0#1) [/home/wto/Eos/EosMuon/ME-XU5-2EG-1I-D11E/Mercury_XU5_PE1.srcs/sources_1/imports/src/Mercury_XU5_PE1.vhd:242]
WARNING: [Synth 8-7129] Port ACLK in module Mercury_XU5_axi_interconnect_0_0 is either unconnected or has no load
WARNING: [Synth 8-7129] Port ARESETN in module Mercury_XU5_axi_interconnect_0_0 is either unconnected or has no load
WARNING: [Synth 8-7129] Port Clk50 in module EosMuonDAQ is either unconnected or has no load
WARNING: [Synth 8-7129] Port reg_rw_in[2047] in module EosMuonDAQ is either unconnected or has no load
WARNING: [Synth 8-7129] Port reg_rw_in[2046] in module EosMuonDAQ is either unconnected or has no load
WARNING: [Synth 8-7129] Port reg_rw_in[2045] in module EosMuonDAQ is either unconnected or has no load
WARNING: [Synth 8-7129] Port reg_rw_in[2044] in module EosMuonDAQ is either unconnected or has no load
WARNING: [Synth 8-7129] Port reg_rw_in[2043] in module EosMuonDAQ is either unconnected or has no load
WARNING: [Synth 8-7129] Port reg_rw_in[2042] in module EosMuonDAQ is either unconnected or has no load
WARNING: [Synth 8-7129] Port reg_rw_in[2041] in module EosMuonDAQ is either unconnected or has no load
WARNING: [Synth 8-7129] Port reg_rw_in[2040] in module EosMuonDAQ is either unconnected or has no load
WARNING: [Synth 8-7129] Port reg_rw_in[2039] in module EosMuonDAQ is either unconnected or has no load
WARNING: [Synth 8-7129] Port reg_rw_in[2038] in module EosMuonDAQ is either unconnected or has no load
WARNING: [Synth 8-7129] Port reg_rw_in[2037] in module EosMuonDAQ is either unconnected or has no load
WARNING: [Synth 8-7129] Port reg_rw_in[2036] in module EosMuonDAQ is either unconnected or has no load
WARNING: [Synth 8-7129] Port reg_rw_in[2035] in module EosMuonDAQ is either unconnected or has no load
WARNING: [Synth 8-7129] Port reg_rw_in[2034] in module EosMuonDAQ is either unconnected or has no load
WARNING: [Synth 8-7129] Port reg_rw_in[2033] in module EosMuonDAQ is either unconnected or has no load
WARNING: [Synth 8-7129] Port reg_rw_in[2032] in module EosMuonDAQ is either unconnected or has no load
WARNING: [Synth 8-7129] Port reg_rw_in[2031] in module EosMuonDAQ is either unconnected or has no load
WARNING: [Synth 8-7129] Port reg_rw_in[2030] in module EosMuonDAQ is either unconnected or has no load
WARNING: [Synth 8-7129] Port reg_rw_in[2029] in module EosMuonDAQ is either unconnected or has no load
WARNING: [Synth 8-7129] Port reg_rw_in[2028] in module EosMuonDAQ is either unconnected or has no load
WARNING: [Synth 8-7129] Port reg_rw_in[2027] in module EosMuonDAQ is either unconnected or has no load
WARNING: [Synth 8-7129] Port reg_rw_in[2026] in module EosMuonDAQ is either unconnected or has no load
WARNING: [Synth 8-7129] Port reg_rw_in[2025] in module EosMuonDAQ is either unconnected or has no load
WARNING: [Synth 8-7129] Port reg_rw_in[2024] in module EosMuonDAQ is either unconnected or has no load
WARNING: [Synth 8-7129] Port reg_rw_in[2023] in module EosMuonDAQ is either unconnected or has no load
WARNING: [Synth 8-7129] Port reg_rw_in[2022] in module EosMuonDAQ is either unconnected or has no load
WARNING: [Synth 8-7129] Port reg_rw_in[2021] in module EosMuonDAQ is either unconnected or has no load
WARNING: [Synth 8-7129] Port reg_rw_in[2020] in module EosMuonDAQ is either unconnected or has no load
WARNING: [Synth 8-7129] Port reg_rw_in[2019] in module EosMuonDAQ is either unconnected or has no load
WARNING: [Synth 8-7129] Port reg_rw_in[2018] in module EosMuonDAQ is either unconnected or has no load
WARNING: [Synth 8-7129] Port reg_rw_in[2017] in module EosMuonDAQ is either unconnected or has no load
WARNING: [Synth 8-7129] Port reg_rw_in[2016] in module EosMuonDAQ is either unconnected or has no load
WARNING: [Synth 8-7129] Port reg_rw_in[2015] in module EosMuonDAQ is either unconnected or has no load
WARNING: [Synth 8-7129] Port reg_rw_in[2014] in module EosMuonDAQ is either unconnected or has no load
WARNING: [Synth 8-7129] Port reg_rw_in[2013] in module EosMuonDAQ is either unconnected or has no load
WARNING: [Synth 8-7129] Port reg_rw_in[2012] in module EosMuonDAQ is either unconnected or has no load
WARNING: [Synth 8-7129] Port reg_rw_in[2011] in module EosMuonDAQ is either unconnected or has no load
WARNING: [Synth 8-7129] Port reg_rw_in[2010] in module EosMuonDAQ is either unconnected or has no load
WARNING: [Synth 8-7129] Port reg_rw_in[2009] in module EosMuonDAQ is either unconnected or has no load
WARNING: [Synth 8-7129] Port reg_rw_in[2008] in module EosMuonDAQ is either unconnected or has no load
WARNING: [Synth 8-7129] Port reg_rw_in[2007] in module EosMuonDAQ is either unconnected or has no load
WARNING: [Synth 8-7129] Port reg_rw_in[2006] in module EosMuonDAQ is either unconnected or has no load
WARNING: [Synth 8-7129] Port reg_rw_in[2005] in module EosMuonDAQ is either unconnected or has no load
WARNING: [Synth 8-7129] Port reg_rw_in[2004] in module EosMuonDAQ is either unconnected or has no load
WARNING: [Synth 8-7129] Port reg_rw_in[2003] in module EosMuonDAQ is either unconnected or has no load
WARNING: [Synth 8-7129] Port reg_rw_in[2002] in module EosMuonDAQ is either unconnected or has no load
WARNING: [Synth 8-7129] Port reg_rw_in[2001] in module EosMuonDAQ is either unconnected or has no load
WARNING: [Synth 8-7129] Port reg_rw_in[2000] in module EosMuonDAQ is either unconnected or has no load
WARNING: [Synth 8-7129] Port reg_rw_in[1999] in module EosMuonDAQ is either unconnected or has no load
WARNING: [Synth 8-7129] Port reg_rw_in[1998] in module EosMuonDAQ is either unconnected or has no load
WARNING: [Synth 8-7129] Port reg_rw_in[1997] in module EosMuonDAQ is either unconnected or has no load
WARNING: [Synth 8-7129] Port reg_rw_in[1996] in module EosMuonDAQ is either unconnected or has no load
WARNING: [Synth 8-7129] Port reg_rw_in[1995] in module EosMuonDAQ is either unconnected or has no load
WARNING: [Synth 8-7129] Port reg_rw_in[1994] in module EosMuonDAQ is either unconnected or has no load
WARNING: [Synth 8-7129] Port reg_rw_in[1993] in module EosMuonDAQ is either unconnected or has no load
WARNING: [Synth 8-7129] Port reg_rw_in[1992] in module EosMuonDAQ is either unconnected or has no load
WARNING: [Synth 8-7129] Port reg_rw_in[1991] in module EosMuonDAQ is either unconnected or has no load
WARNING: [Synth 8-7129] Port reg_rw_in[1990] in module EosMuonDAQ is either unconnected or has no load
WARNING: [Synth 8-7129] Port reg_rw_in[1989] in module EosMuonDAQ is either unconnected or has no load
WARNING: [Synth 8-7129] Port reg_rw_in[1988] in module EosMuonDAQ is either unconnected or has no load
WARNING: [Synth 8-7129] Port reg_rw_in[1987] in module EosMuonDAQ is either unconnected or has no load
WARNING: [Synth 8-7129] Port reg_rw_in[1986] in module EosMuonDAQ is either unconnected or has no load
WARNING: [Synth 8-7129] Port reg_rw_in[1985] in module EosMuonDAQ is either unconnected or has no load
WARNING: [Synth 8-7129] Port reg_rw_in[1984] in module EosMuonDAQ is either unconnected or has no load
WARNING: [Synth 8-7129] Port reg_rw_in[1983] in module EosMuonDAQ is either unconnected or has no load
WARNING: [Synth 8-7129] Port reg_rw_in[1982] in module EosMuonDAQ is either unconnected or has no load
WARNING: [Synth 8-7129] Port reg_rw_in[1981] in module EosMuonDAQ is either unconnected or has no load
WARNING: [Synth 8-7129] Port reg_rw_in[1980] in module EosMuonDAQ is either unconnected or has no load
WARNING: [Synth 8-7129] Port reg_rw_in[1979] in module EosMuonDAQ is either unconnected or has no load
WARNING: [Synth 8-7129] Port reg_rw_in[1978] in module EosMuonDAQ is either unconnected or has no load
WARNING: [Synth 8-7129] Port reg_rw_in[1977] in module EosMuonDAQ is either unconnected or has no load
WARNING: [Synth 8-7129] Port reg_rw_in[1976] in module EosMuonDAQ is either unconnected or has no load
WARNING: [Synth 8-7129] Port reg_rw_in[1975] in module EosMuonDAQ is either unconnected or has no load
WARNING: [Synth 8-7129] Port reg_rw_in[1974] in module EosMuonDAQ is either unconnected or has no load
WARNING: [Synth 8-7129] Port reg_rw_in[1973] in module EosMuonDAQ is either unconnected or has no load
WARNING: [Synth 8-7129] Port reg_rw_in[1972] in module EosMuonDAQ is either unconnected or has no load
WARNING: [Synth 8-7129] Port reg_rw_in[1971] in module EosMuonDAQ is either unconnected or has no load
WARNING: [Synth 8-7129] Port reg_rw_in[1970] in module EosMuonDAQ is either unconnected or has no load
WARNING: [Synth 8-7129] Port reg_rw_in[1969] in module EosMuonDAQ is either unconnected or has no load
WARNING: [Synth 8-7129] Port reg_rw_in[1968] in module EosMuonDAQ is either unconnected or has no load
WARNING: [Synth 8-7129] Port reg_rw_in[1967] in module EosMuonDAQ is either unconnected or has no load
WARNING: [Synth 8-7129] Port reg_rw_in[1966] in module EosMuonDAQ is either unconnected or has no load
WARNING: [Synth 8-7129] Port reg_rw_in[1965] in module EosMuonDAQ is either unconnected or has no load
WARNING: [Synth 8-7129] Port reg_rw_in[1964] in module EosMuonDAQ is either unconnected or has no load
WARNING: [Synth 8-7129] Port reg_rw_in[1963] in module EosMuonDAQ is either unconnected or has no load
WARNING: [Synth 8-7129] Port reg_rw_in[1962] in module EosMuonDAQ is either unconnected or has no load
WARNING: [Synth 8-7129] Port reg_rw_in[1961] in module EosMuonDAQ is either unconnected or has no load
WARNING: [Synth 8-7129] Port reg_rw_in[1960] in module EosMuonDAQ is either unconnected or has no load
WARNING: [Synth 8-7129] Port reg_rw_in[1959] in module EosMuonDAQ is either unconnected or has no load
WARNING: [Synth 8-7129] Port reg_rw_in[1958] in module EosMuonDAQ is either unconnected or has no load
WARNING: [Synth 8-7129] Port reg_rw_in[1957] in module EosMuonDAQ is either unconnected or has no load
WARNING: [Synth 8-7129] Port reg_rw_in[1956] in module EosMuonDAQ is either unconnected or has no load
WARNING: [Synth 8-7129] Port reg_rw_in[1955] in module EosMuonDAQ is either unconnected or has no load
WARNING: [Synth 8-7129] Port reg_rw_in[1954] in module EosMuonDAQ is either unconnected or has no load
WARNING: [Synth 8-7129] Port reg_rw_in[1953] in module EosMuonDAQ is either unconnected or has no load
WARNING: [Synth 8-7129] Port reg_rw_in[1952] in module EosMuonDAQ is either unconnected or has no load
WARNING: [Synth 8-7129] Port reg_rw_in[1951] in module EosMuonDAQ is either unconnected or has no load
INFO: [Common 17-14] Message 'Synth 8-7129' appears 100 times and further instances of the messages will be disabled. Use the Tcl command set_msg_config to change the current settings.
---------------------------------------------------------------------------------
Finished RTL Elaboration : Time (s): cpu = 00:00:04 ; elapsed = 00:00:05 . Memory (MB): peak = 2998.082 ; gain = 346.738 ; free physical = 1048 ; free virtual = 24115
Synthesis current peak Physical Memory [PSS] (MB): peak = 2322.339; parent = 2116.552; children = 205.787
Synthesis current peak Virtual Memory [VSS] (MB): peak = 4001.195; parent = 2998.086; children = 1003.109
---------------------------------------------------------------------------------
---------------------------------------------------------------------------------
Start Handling Custom Attributes
---------------------------------------------------------------------------------
---------------------------------------------------------------------------------
Finished Handling Custom Attributes : Time (s): cpu = 00:00:04 ; elapsed = 00:00:05 . Memory (MB): peak = 3015.895 ; gain = 364.551 ; free physical = 1090 ; free virtual = 24119
Synthesis current peak Physical Memory [PSS] (MB): peak = 2322.339; parent = 2116.552; children = 205.787
Synthesis current peak Virtual Memory [VSS] (MB): peak = 4019.008; parent = 3015.898; children = 1003.109
---------------------------------------------------------------------------------
---------------------------------------------------------------------------------
Finished RTL Optimization Phase 1 : Time (s): cpu = 00:00:04 ; elapsed = 00:00:05 . Memory (MB): peak = 3015.895 ; gain = 364.551 ; free physical = 1090 ; free virtual = 24119
Synthesis current peak Physical Memory [PSS] (MB): peak = 2322.339; parent = 2116.552; children = 205.787
Synthesis current peak Virtual Memory [VSS] (MB): peak = 4019.008; parent = 3015.898; children = 1003.109
---------------------------------------------------------------------------------
Netlist sorting complete. Time (s): cpu = 00:00:00.1 ; elapsed = 00:00:00.1 . Memory (MB): peak = 3021.832 ; gain = 0.000 ; free physical = 1067 ; free virtual = 24105
INFO: [Netlist 29-17] Analyzing 5 Unisim elements for replacement
INFO: [Netlist 29-28] Unisim Transformation completed in 0 CPU seconds
WARNING: [Netlist 29-1115] Found multi-term driver net: IOD_D0_P.
INFO: [Project 1-570] Preparing netlist for logic optimization
WARNING: [Constraints 18-5254] DIFF_TERM is not supported in UltraScale devices.  Automatically translating DIFF_TERM of TRUE to DIFF_TERM_ADV=TERM_100.  Refer to UG571: UltraScale Architecture SelectIO User Guide for more detail.
WARNING: [Constraints 18-5254] DIFF_TERM is not supported in UltraScale devices.  Automatically translating DIFF_TERM of TRUE to DIFF_TERM_ADV=TERM_100.  Refer to UG571: UltraScale Architecture SelectIO User Guide for more detail.

Processing XDC Constraints
Initializing timing engine
Parsing XDC File [/home/wto/Eos/EosMuon/ME-XU5-2EG-1I-D11E/Mercury_XU5_PE1.gen/sources_1/bd/Mercury_XU5/ip/Mercury_XU5_zynq_ultra_ps_e_0/Mercury_XU5_zynq_ultra_ps_e_0/Mercury_XU5_zynq_ultra_ps_e_0_in_context.xdc] for cell 'Mercury_XU5_i/zynq_ultra_ps_e'
Finished Parsing XDC File [/home/wto/Eos/EosMuon/ME-XU5-2EG-1I-D11E/Mercury_XU5_PE1.gen/sources_1/bd/Mercury_XU5/ip/Mercury_XU5_zynq_ultra_ps_e_0/Mercury_XU5_zynq_ultra_ps_e_0/Mercury_XU5_zynq_ultra_ps_e_0_in_context.xdc] for cell 'Mercury_XU5_i/zynq_ultra_ps_e'
Parsing XDC File [/home/wto/Eos/EosMuon/ME-XU5-2EG-1I-D11E/Mercury_XU5_PE1.gen/sources_1/bd/Mercury_XU5/ip/Mercury_XU5_system_management_wiz_0/Mercury_XU5_system_management_wiz_0/Mercury_XU5_system_management_wiz_0_in_context.xdc] for cell 'Mercury_XU5_i/system_management_wiz'
Finished Parsing XDC File [/home/wto/Eos/EosMuon/ME-XU5-2EG-1I-D11E/Mercury_XU5_PE1.gen/sources_1/bd/Mercury_XU5/ip/Mercury_XU5_system_management_wiz_0/Mercury_XU5_system_management_wiz_0/Mercury_XU5_system_management_wiz_0_in_context.xdc] for cell 'Mercury_XU5_i/system_management_wiz'
Parsing XDC File [/home/wto/Eos/EosMuon/ME-XU5-2EG-1I-D11E/Mercury_XU5_PE1.gen/sources_1/bd/Mercury_XU5/ip/Mercury_XU5_led_0/Mercury_XU5_led_0/Mercury_XU5_led_0_in_context.xdc] for cell 'Mercury_XU5_i/led'
Finished Parsing XDC File [/home/wto/Eos/EosMuon/ME-XU5-2EG-1I-D11E/Mercury_XU5_PE1.gen/sources_1/bd/Mercury_XU5/ip/Mercury_XU5_led_0/Mercury_XU5_led_0/Mercury_XU5_led_0_in_context.xdc] for cell 'Mercury_XU5_i/led'
Parsing XDC File [/home/wto/Eos/EosMuon/ME-XU5-2EG-1I-D11E/Mercury_XU5_PE1.gen/sources_1/bd/Mercury_XU5/ip/Mercury_XU5_ddr4_0/Mercury_XU5_ddr4_0/Mercury_XU5_ddr4_0_in_context.xdc] for cell 'Mercury_XU5_i/ddr4'
Finished Parsing XDC File [/home/wto/Eos/EosMuon/ME-XU5-2EG-1I-D11E/Mercury_XU5_PE1.gen/sources_1/bd/Mercury_XU5/ip/Mercury_XU5_ddr4_0/Mercury_XU5_ddr4_0/Mercury_XU5_ddr4_0_in_context.xdc] for cell 'Mercury_XU5_i/ddr4'
Parsing XDC File [/home/wto/Eos/EosMuon/ME-XU5-2EG-1I-D11E/Mercury_XU5_PE1.gen/sources_1/bd/Mercury_XU5/ip/Mercury_XU5_auto_cc_0/Mercury_XU5_auto_cc_0/Mercury_XU5_auto_cc_0_in_context.xdc] for cell 'Mercury_XU5_i/axi_interconnect_0/s00_couplers/auto_cc'
Finished Parsing XDC File [/home/wto/Eos/EosMuon/ME-XU5-2EG-1I-D11E/Mercury_XU5_PE1.gen/sources_1/bd/Mercury_XU5/ip/Mercury_XU5_auto_cc_0/Mercury_XU5_auto_cc_0/Mercury_XU5_auto_cc_0_in_context.xdc] for cell 'Mercury_XU5_i/axi_interconnect_0/s00_couplers/auto_cc'
Parsing XDC File [/home/wto/Eos/EosMuon/ME-XU5-2EG-1I-D11E/Mercury_XU5_PE1.gen/sources_1/bd/Mercury_XU5/ip/Mercury_XU5_clk_wiz_0_0/Mercury_XU5_clk_wiz_0_0/Mercury_XU5_clk_wiz_0_0_in_context.xdc] for cell 'Mercury_XU5_i/clk_wiz_0'
Finished Parsing XDC File [/home/wto/Eos/EosMuon/ME-XU5-2EG-1I-D11E/Mercury_XU5_PE1.gen/sources_1/bd/Mercury_XU5/ip/Mercury_XU5_clk_wiz_0_0/Mercury_XU5_clk_wiz_0_0/Mercury_XU5_clk_wiz_0_0_in_context.xdc] for cell 'Mercury_XU5_i/clk_wiz_0'
Parsing XDC File [/home/wto/Eos/EosMuon/ME-XU5-2EG-1I-D11E/Mercury_XU5_PE1.gen/sources_1/bd/Mercury_XU5/ip/Mercury_XU5_ps_sys_rst_0/Mercury_XU5_ps_sys_rst_0/Mercury_XU5_ps_sys_rst_0_in_context.xdc] for cell 'Mercury_XU5_i/ps_sys_rst'
Finished Parsing XDC File [/home/wto/Eos/EosMuon/ME-XU5-2EG-1I-D11E/Mercury_XU5_PE1.gen/sources_1/bd/Mercury_XU5/ip/Mercury_XU5_ps_sys_rst_0/Mercury_XU5_ps_sys_rst_0/Mercury_XU5_ps_sys_rst_0_in_context.xdc] for cell 'Mercury_XU5_i/ps_sys_rst'
Parsing XDC File [/home/wto/Eos/EosMuon/ME-XU5-2EG-1I-D11E/Mercury_XU5_PE1.gen/sources_1/bd/Mercury_XU5/ip/Mercury_XU5_ddr4_sys_rst_0/Mercury_XU5_ddr4_sys_rst_0/Mercury_XU5_ddr4_sys_rst_0_in_context.xdc] for cell 'Mercury_XU5_i/ddr4_sys_rst'
Finished Parsing XDC File [/home/wto/Eos/EosMuon/ME-XU5-2EG-1I-D11E/Mercury_XU5_PE1.gen/sources_1/bd/Mercury_XU5/ip/Mercury_XU5_ddr4_sys_rst_0/Mercury_XU5_ddr4_sys_rst_0/Mercury_XU5_ddr4_sys_rst_0_in_context.xdc] for cell 'Mercury_XU5_i/ddr4_sys_rst'
Parsing XDC File [/home/wto/Eos/EosMuon/ME-XU5-2EG-1I-D11E/Mercury_XU5_PE1.gen/sources_1/bd/Mercury_XU5/ip/Mercury_XU5_smartconnect_00_0/Mercury_XU5_smartconnect_00_0/Mercury_XU5_smartconnect_00_0_in_context.xdc] for cell 'Mercury_XU5_i/smartconnect_00'
Finished Parsing XDC File [/home/wto/Eos/EosMuon/ME-XU5-2EG-1I-D11E/Mercury_XU5_PE1.gen/sources_1/bd/Mercury_XU5/ip/Mercury_XU5_smartconnect_00_0/Mercury_XU5_smartconnect_00_0/Mercury_XU5_smartconnect_00_0_in_context.xdc] for cell 'Mercury_XU5_i/smartconnect_00'
Parsing XDC File [/home/wto/Eos/EosMuon/ME-XU5-2EG-1I-D11E/Mercury_XU5_PE1.gen/sources_1/bd/Mercury_XU5/ip/Mercury_XU5_reg_bank_0_0/Mercury_XU5_reg_bank_0_0/Mercury_XU5_reg_bank_0_0_in_context.xdc] for cell 'Mercury_XU5_i/reg_bank_0'
Finished Parsing XDC File [/home/wto/Eos/EosMuon/ME-XU5-2EG-1I-D11E/Mercury_XU5_PE1.gen/sources_1/bd/Mercury_XU5/ip/Mercury_XU5_reg_bank_0_0/Mercury_XU5_reg_bank_0_0/Mercury_XU5_reg_bank_0_0_in_context.xdc] for cell 'Mercury_XU5_i/reg_bank_0'
Parsing XDC File [/home/wto/Eos/EosMuon/ME-XU5-2EG-1I-D11E/Mercury_XU5_PE1.gen/sources_1/bd/Mercury_XU5/ip/Mercury_XU5_reg_bank_1_0/Mercury_XU5_reg_bank_1_0/Mercury_XU5_reg_bank_1_0_in_context.xdc] for cell 'Mercury_XU5_i/reg_bank_1'
Finished Parsing XDC File [/home/wto/Eos/EosMuon/ME-XU5-2EG-1I-D11E/Mercury_XU5_PE1.gen/sources_1/bd/Mercury_XU5/ip/Mercury_XU5_reg_bank_1_0/Mercury_XU5_reg_bank_1_0/Mercury_XU5_reg_bank_1_0_in_context.xdc] for cell 'Mercury_XU5_i/reg_bank_1'
Parsing XDC File [/home/wto/Eos/EosMuon/ME-XU5-2EG-1I-D11E/Mercury_XU5_PE1.gen/sources_1/ip/event192_fifo/event192_fifo/event192_fifo_in_context.xdc] for cell 'EosMuonDAQ_i/event_fifo_i'
Finished Parsing XDC File [/home/wto/Eos/EosMuon/ME-XU5-2EG-1I-D11E/Mercury_XU5_PE1.gen/sources_1/ip/event192_fifo/event192_fifo/event192_fifo_in_context.xdc] for cell 'EosMuonDAQ_i/event_fifo_i'
Sourcing Tcl File [/home/wto/Eos/EosMuon/ME-XU5-2EG-1I-D11E/Mercury_XU5_PE1.srcs/constrs_1/imports/src/Mercury_XU5_PE1.tcl]
INFO: [Vivado 12-1808] Property 'PACKAGE_PIN' is not supported for elaborated designs for objects of type 'port'. [/home/wto/Eos/EosMuon/ME-XU5-2EG-1I-D11E/Mercury_XU5_PE1.srcs/constrs_1/imports/src/Mercury_XU5_PE1.tcl:88]
WARNING: [Vivado 12-4174] DIFF_TERM is not supported in UltraScale devices.  Automatically translating DIFF_TERM of TRUE to DIFF_TERM_ADV=TERM_100.  Refer to UG571: UltraScale Architecture SelectIO User Guide for more detail. [/home/wto/Eos/EosMuon/ME-XU5-2EG-1I-D11E/Mercury_XU5_PE1.srcs/constrs_1/imports/src/Mercury_XU5_PE1.tcl:173]
Finished Sourcing Tcl File [/home/wto/Eos/EosMuon/ME-XU5-2EG-1I-D11E/Mercury_XU5_PE1.srcs/constrs_1/imports/src/Mercury_XU5_PE1.tcl]
INFO: [Project 1-236] Implementation specific constraints were found while reading constraint file [/home/wto/Eos/EosMuon/ME-XU5-2EG-1I-D11E/Mercury_XU5_PE1.srcs/constrs_1/imports/src/Mercury_XU5_PE1.tcl]. These constraints will be ignored for synthesis but will be used in implementation. Impacted constraints are listed in the file [.Xil/Mercury_XU5_PE1_propImpl.xdc].
Resolution: To avoid this warning, move constraints listed in [.Xil/Mercury_XU5_PE1_propImpl.xdc] to another XDC file and exclude this new file from synthesis with the used_in_synthesis property (File Properties dialog in GUI) and re-run elaboration/synthesis.
Parsing XDC File [/home/wto/Eos/EosMuon/ME-XU5-2EG-1I-D11E/Mercury_XU5_PE1.runs/synth_1/dont_touch.xdc]
Finished Parsing XDC File [/home/wto/Eos/EosMuon/ME-XU5-2EG-1I-D11E/Mercury_XU5_PE1.runs/synth_1/dont_touch.xdc]
Completed Processing XDC Constraints

Netlist sorting complete. Time (s): cpu = 00:00:00 ; elapsed = 00:00:00 . Memory (MB): peak = 3172.645 ; gain = 0.000 ; free physical = 954 ; free virtual = 23990
INFO: [Project 1-111] Unisim Transformation Summary:
  A total of 5 instances were transformed.
  BUFG => BUFGCE: 1 instance 
  IBUFDS => IBUFDS (DIFFINBUF, IBUFCTRL): 1 instance 
  IOBUF => IOBUF (IBUFCTRL, INBUF, OBUFT): 3 instances

Constraint Validation Runtime : Time (s): cpu = 00:00:00.02 ; elapsed = 00:00:00.01 . Memory (MB): peak = 3172.645 ; gain = 0.000 ; free physical = 954 ; free virtual = 23990
INFO: [Designutils 20-5440] No compile time benefit to using incremental synthesis; A full resynthesis will be run
INFO: [Designutils 20-4379] Flow is switching to default flow due to incremental criteria not met. If you would like to alter this behaviour and have the flow terminate instead, please set the following parameter config_implementation {autoIncr.Synth.RejectBehavior Terminate}
INFO: [Synth 8-11241] undeclared symbol 'REGCCE', assumed default net type 'wire' [/home/wto/Xilinx/Vivado/2022.2/data/verilog/src/unimacro/BRAM_SINGLE_MACRO.v:2170]
---------------------------------------------------------------------------------
Finished Constraint Validation : Time (s): cpu = 00:00:13 ; elapsed = 00:00:14 . Memory (MB): peak = 3172.645 ; gain = 521.301 ; free physical = 1072 ; free virtual = 24098
Synthesis current peak Physical Memory [PSS] (MB): peak = 2405.739; parent = 2199.952; children = 205.787
Synthesis current peak Virtual Memory [VSS] (MB): peak = 4175.758; parent = 3172.648; children = 1003.109
---------------------------------------------------------------------------------
---------------------------------------------------------------------------------
Start Loading Part and Timing Information
---------------------------------------------------------------------------------
Loading part: xczu2eg-sfvc784-1-i
INFO: [Synth 8-6742] Reading net delay rules and data
---------------------------------------------------------------------------------
Finished Loading Part and Timing Information : Time (s): cpu = 00:00:13 ; elapsed = 00:00:14 . Memory (MB): peak = 3172.645 ; gain = 521.301 ; free physical = 1072 ; free virtual = 24098
Synthesis current peak Physical Memory [PSS] (MB): peak = 2405.739; parent = 2199.952; children = 205.787
Synthesis current peak Virtual Memory [VSS] (MB): peak = 4175.758; parent = 3172.648; children = 1003.109
---------------------------------------------------------------------------------
---------------------------------------------------------------------------------
Start Applying 'set_property' XDC Constraints
---------------------------------------------------------------------------------
Applied set_property IO_BUFFER_TYPE = NONE for DDR4PL_ACT_N. (constraint file  /home/wto/Eos/EosMuon/ME-XU5-2EG-1I-D11E/Mercury_XU5_PE1.gen/sources_1/bd/Mercury_XU5/ip/Mercury_XU5_ddr4_0/Mercury_XU5_ddr4_0/Mercury_XU5_ddr4_0_in_context.xdc, line 4).
Applied set_property CLOCK_BUFFER_TYPE = NONE for DDR4PL_ACT_N. (constraint file  /home/wto/Eos/EosMuon/ME-XU5-2EG-1I-D11E/Mercury_XU5_PE1.gen/sources_1/bd/Mercury_XU5/ip/Mercury_XU5_ddr4_0/Mercury_XU5_ddr4_0/Mercury_XU5_ddr4_0_in_context.xdc, line 5).
Applied set_property IO_BUFFER_TYPE = NONE for DDR4PL_A[0]. (constraint file  /home/wto/Eos/EosMuon/ME-XU5-2EG-1I-D11E/Mercury_XU5_PE1.gen/sources_1/bd/Mercury_XU5/ip/Mercury_XU5_ddr4_0/Mercury_XU5_ddr4_0/Mercury_XU5_ddr4_0_in_context.xdc, line 6).
Applied set_property CLOCK_BUFFER_TYPE = NONE for DDR4PL_A[0]. (constraint file  /home/wto/Eos/EosMuon/ME-XU5-2EG-1I-D11E/Mercury_XU5_PE1.gen/sources_1/bd/Mercury_XU5/ip/Mercury_XU5_ddr4_0/Mercury_XU5_ddr4_0/Mercury_XU5_ddr4_0_in_context.xdc, line 7).
Applied set_property IO_BUFFER_TYPE = NONE for DDR4PL_A[10]. (constraint file  /home/wto/Eos/EosMuon/ME-XU5-2EG-1I-D11E/Mercury_XU5_PE1.gen/sources_1/bd/Mercury_XU5/ip/Mercury_XU5_ddr4_0/Mercury_XU5_ddr4_0/Mercury_XU5_ddr4_0_in_context.xdc, line 8).
Applied set_property CLOCK_BUFFER_TYPE = NONE for DDR4PL_A[10]. (constraint file  /home/wto/Eos/EosMuon/ME-XU5-2EG-1I-D11E/Mercury_XU5_PE1.gen/sources_1/bd/Mercury_XU5/ip/Mercury_XU5_ddr4_0/Mercury_XU5_ddr4_0/Mercury_XU5_ddr4_0_in_context.xdc, line 9).
Applied set_property IO_BUFFER_TYPE = NONE for DDR4PL_A[11]. (constraint file  /home/wto/Eos/EosMuon/ME-XU5-2EG-1I-D11E/Mercury_XU5_PE1.gen/sources_1/bd/Mercury_XU5/ip/Mercury_XU5_ddr4_0/Mercury_XU5_ddr4_0/Mercury_XU5_ddr4_0_in_context.xdc, line 10).
Applied set_property CLOCK_BUFFER_TYPE = NONE for DDR4PL_A[11]. (constraint file  /home/wto/Eos/EosMuon/ME-XU5-2EG-1I-D11E/Mercury_XU5_PE1.gen/sources_1/bd/Mercury_XU5/ip/Mercury_XU5_ddr4_0/Mercury_XU5_ddr4_0/Mercury_XU5_ddr4_0_in_context.xdc, line 11).
Applied set_property IO_BUFFER_TYPE = NONE for DDR4PL_A[12]. (constraint file  /home/wto/Eos/EosMuon/ME-XU5-2EG-1I-D11E/Mercury_XU5_PE1.gen/sources_1/bd/Mercury_XU5/ip/Mercury_XU5_ddr4_0/Mercury_XU5_ddr4_0/Mercury_XU5_ddr4_0_in_context.xdc, line 12).
Applied set_property CLOCK_BUFFER_TYPE = NONE for DDR4PL_A[12]. (constraint file  /home/wto/Eos/EosMuon/ME-XU5-2EG-1I-D11E/Mercury_XU5_PE1.gen/sources_1/bd/Mercury_XU5/ip/Mercury_XU5_ddr4_0/Mercury_XU5_ddr4_0/Mercury_XU5_ddr4_0_in_context.xdc, line 13).
Applied set_property IO_BUFFER_TYPE = NONE for DDR4PL_A[13]. (constraint file  /home/wto/Eos/EosMuon/ME-XU5-2EG-1I-D11E/Mercury_XU5_PE1.gen/sources_1/bd/Mercury_XU5/ip/Mercury_XU5_ddr4_0/Mercury_XU5_ddr4_0/Mercury_XU5_ddr4_0_in_context.xdc, line 14).
Applied set_property CLOCK_BUFFER_TYPE = NONE for DDR4PL_A[13]. (constraint file  /home/wto/Eos/EosMuon/ME-XU5-2EG-1I-D11E/Mercury_XU5_PE1.gen/sources_1/bd/Mercury_XU5/ip/Mercury_XU5_ddr4_0/Mercury_XU5_ddr4_0/Mercury_XU5_ddr4_0_in_context.xdc, line 15).
Applied set_property IO_BUFFER_TYPE = NONE for DDR4PL_A[14]. (constraint file  /home/wto/Eos/EosMuon/ME-XU5-2EG-1I-D11E/Mercury_XU5_PE1.gen/sources_1/bd/Mercury_XU5/ip/Mercury_XU5_ddr4_0/Mercury_XU5_ddr4_0/Mercury_XU5_ddr4_0_in_context.xdc, line 16).
Applied set_property CLOCK_BUFFER_TYPE = NONE for DDR4PL_A[14]. (constraint file  /home/wto/Eos/EosMuon/ME-XU5-2EG-1I-D11E/Mercury_XU5_PE1.gen/sources_1/bd/Mercury_XU5/ip/Mercury_XU5_ddr4_0/Mercury_XU5_ddr4_0/Mercury_XU5_ddr4_0_in_context.xdc, line 17).
Applied set_property IO_BUFFER_TYPE = NONE for DDR4PL_A[15]. (constraint file  /home/wto/Eos/EosMuon/ME-XU5-2EG-1I-D11E/Mercury_XU5_PE1.gen/sources_1/bd/Mercury_XU5/ip/Mercury_XU5_ddr4_0/Mercury_XU5_ddr4_0/Mercury_XU5_ddr4_0_in_context.xdc, line 18).
Applied set_property CLOCK_BUFFER_TYPE = NONE for DDR4PL_A[15]. (constraint file  /home/wto/Eos/EosMuon/ME-XU5-2EG-1I-D11E/Mercury_XU5_PE1.gen/sources_1/bd/Mercury_XU5/ip/Mercury_XU5_ddr4_0/Mercury_XU5_ddr4_0/Mercury_XU5_ddr4_0_in_context.xdc, line 19).
Applied set_property IO_BUFFER_TYPE = NONE for DDR4PL_A[16]. (constraint file  /home/wto/Eos/EosMuon/ME-XU5-2EG-1I-D11E/Mercury_XU5_PE1.gen/sources_1/bd/Mercury_XU5/ip/Mercury_XU5_ddr4_0/Mercury_XU5_ddr4_0/Mercury_XU5_ddr4_0_in_context.xdc, line 20).
Applied set_property CLOCK_BUFFER_TYPE = NONE for DDR4PL_A[16]. (constraint file  /home/wto/Eos/EosMuon/ME-XU5-2EG-1I-D11E/Mercury_XU5_PE1.gen/sources_1/bd/Mercury_XU5/ip/Mercury_XU5_ddr4_0/Mercury_XU5_ddr4_0/Mercury_XU5_ddr4_0_in_context.xdc, line 21).
Applied set_property IO_BUFFER_TYPE = NONE for DDR4PL_A[1]. (constraint file  /home/wto/Eos/EosMuon/ME-XU5-2EG-1I-D11E/Mercury_XU5_PE1.gen/sources_1/bd/Mercury_XU5/ip/Mercury_XU5_ddr4_0/Mercury_XU5_ddr4_0/Mercury_XU5_ddr4_0_in_context.xdc, line 22).
Applied set_property CLOCK_BUFFER_TYPE = NONE for DDR4PL_A[1]. (constraint file  /home/wto/Eos/EosMuon/ME-XU5-2EG-1I-D11E/Mercury_XU5_PE1.gen/sources_1/bd/Mercury_XU5/ip/Mercury_XU5_ddr4_0/Mercury_XU5_ddr4_0/Mercury_XU5_ddr4_0_in_context.xdc, line 23).
Applied set_property IO_BUFFER_TYPE = NONE for DDR4PL_A[2]. (constraint file  /home/wto/Eos/EosMuon/ME-XU5-2EG-1I-D11E/Mercury_XU5_PE1.gen/sources_1/bd/Mercury_XU5/ip/Mercury_XU5_ddr4_0/Mercury_XU5_ddr4_0/Mercury_XU5_ddr4_0_in_context.xdc, line 24).
Applied set_property CLOCK_BUFFER_TYPE = NONE for DDR4PL_A[2]. (constraint file  /home/wto/Eos/EosMuon/ME-XU5-2EG-1I-D11E/Mercury_XU5_PE1.gen/sources_1/bd/Mercury_XU5/ip/Mercury_XU5_ddr4_0/Mercury_XU5_ddr4_0/Mercury_XU5_ddr4_0_in_context.xdc, line 25).
Applied set_property IO_BUFFER_TYPE = NONE for DDR4PL_A[3]. (constraint file  /home/wto/Eos/EosMuon/ME-XU5-2EG-1I-D11E/Mercury_XU5_PE1.gen/sources_1/bd/Mercury_XU5/ip/Mercury_XU5_ddr4_0/Mercury_XU5_ddr4_0/Mercury_XU5_ddr4_0_in_context.xdc, line 26).
Applied set_property CLOCK_BUFFER_TYPE = NONE for DDR4PL_A[3]. (constraint file  /home/wto/Eos/EosMuon/ME-XU5-2EG-1I-D11E/Mercury_XU5_PE1.gen/sources_1/bd/Mercury_XU5/ip/Mercury_XU5_ddr4_0/Mercury_XU5_ddr4_0/Mercury_XU5_ddr4_0_in_context.xdc, line 27).
Applied set_property IO_BUFFER_TYPE = NONE for DDR4PL_A[4]. (constraint file  /home/wto/Eos/EosMuon/ME-XU5-2EG-1I-D11E/Mercury_XU5_PE1.gen/sources_1/bd/Mercury_XU5/ip/Mercury_XU5_ddr4_0/Mercury_XU5_ddr4_0/Mercury_XU5_ddr4_0_in_context.xdc, line 28).
Applied set_property CLOCK_BUFFER_TYPE = NONE for DDR4PL_A[4]. (constraint file  /home/wto/Eos/EosMuon/ME-XU5-2EG-1I-D11E/Mercury_XU5_PE1.gen/sources_1/bd/Mercury_XU5/ip/Mercury_XU5_ddr4_0/Mercury_XU5_ddr4_0/Mercury_XU5_ddr4_0_in_context.xdc, line 29).
Applied set_property IO_BUFFER_TYPE = NONE for DDR4PL_A[5]. (constraint file  /home/wto/Eos/EosMuon/ME-XU5-2EG-1I-D11E/Mercury_XU5_PE1.gen/sources_1/bd/Mercury_XU5/ip/Mercury_XU5_ddr4_0/Mercury_XU5_ddr4_0/Mercury_XU5_ddr4_0_in_context.xdc, line 30).
Applied set_property CLOCK_BUFFER_TYPE = NONE for DDR4PL_A[5]. (constraint file  /home/wto/Eos/EosMuon/ME-XU5-2EG-1I-D11E/Mercury_XU5_PE1.gen/sources_1/bd/Mercury_XU5/ip/Mercury_XU5_ddr4_0/Mercury_XU5_ddr4_0/Mercury_XU5_ddr4_0_in_context.xdc, line 31).
Applied set_property IO_BUFFER_TYPE = NONE for DDR4PL_A[6]. (constraint file  /home/wto/Eos/EosMuon/ME-XU5-2EG-1I-D11E/Mercury_XU5_PE1.gen/sources_1/bd/Mercury_XU5/ip/Mercury_XU5_ddr4_0/Mercury_XU5_ddr4_0/Mercury_XU5_ddr4_0_in_context.xdc, line 32).
Applied set_property CLOCK_BUFFER_TYPE = NONE for DDR4PL_A[6]. (constraint file  /home/wto/Eos/EosMuon/ME-XU5-2EG-1I-D11E/Mercury_XU5_PE1.gen/sources_1/bd/Mercury_XU5/ip/Mercury_XU5_ddr4_0/Mercury_XU5_ddr4_0/Mercury_XU5_ddr4_0_in_context.xdc, line 33).
Applied set_property IO_BUFFER_TYPE = NONE for DDR4PL_A[7]. (constraint file  /home/wto/Eos/EosMuon/ME-XU5-2EG-1I-D11E/Mercury_XU5_PE1.gen/sources_1/bd/Mercury_XU5/ip/Mercury_XU5_ddr4_0/Mercury_XU5_ddr4_0/Mercury_XU5_ddr4_0_in_context.xdc, line 34).
Applied set_property CLOCK_BUFFER_TYPE = NONE for DDR4PL_A[7]. (constraint file  /home/wto/Eos/EosMuon/ME-XU5-2EG-1I-D11E/Mercury_XU5_PE1.gen/sources_1/bd/Mercury_XU5/ip/Mercury_XU5_ddr4_0/Mercury_XU5_ddr4_0/Mercury_XU5_ddr4_0_in_context.xdc, line 35).
Applied set_property IO_BUFFER_TYPE = NONE for DDR4PL_A[8]. (constraint file  /home/wto/Eos/EosMuon/ME-XU5-2EG-1I-D11E/Mercury_XU5_PE1.gen/sources_1/bd/Mercury_XU5/ip/Mercury_XU5_ddr4_0/Mercury_XU5_ddr4_0/Mercury_XU5_ddr4_0_in_context.xdc, line 36).
Applied set_property CLOCK_BUFFER_TYPE = NONE for DDR4PL_A[8]. (constraint file  /home/wto/Eos/EosMuon/ME-XU5-2EG-1I-D11E/Mercury_XU5_PE1.gen/sources_1/bd/Mercury_XU5/ip/Mercury_XU5_ddr4_0/Mercury_XU5_ddr4_0/Mercury_XU5_ddr4_0_in_context.xdc, line 37).
Applied set_property IO_BUFFER_TYPE = NONE for DDR4PL_A[9]. (constraint file  /home/wto/Eos/EosMuon/ME-XU5-2EG-1I-D11E/Mercury_XU5_PE1.gen/sources_1/bd/Mercury_XU5/ip/Mercury_XU5_ddr4_0/Mercury_XU5_ddr4_0/Mercury_XU5_ddr4_0_in_context.xdc, line 38).
Applied set_property CLOCK_BUFFER_TYPE = NONE for DDR4PL_A[9]. (constraint file  /home/wto/Eos/EosMuon/ME-XU5-2EG-1I-D11E/Mercury_XU5_PE1.gen/sources_1/bd/Mercury_XU5/ip/Mercury_XU5_ddr4_0/Mercury_XU5_ddr4_0/Mercury_XU5_ddr4_0_in_context.xdc, line 39).
Applied set_property IO_BUFFER_TYPE = NONE for DDR4PL_BA[0]. (constraint file  /home/wto/Eos/EosMuon/ME-XU5-2EG-1I-D11E/Mercury_XU5_PE1.gen/sources_1/bd/Mercury_XU5/ip/Mercury_XU5_ddr4_0/Mercury_XU5_ddr4_0/Mercury_XU5_ddr4_0_in_context.xdc, line 40).
Applied set_property CLOCK_BUFFER_TYPE = NONE for DDR4PL_BA[0]. (constraint file  /home/wto/Eos/EosMuon/ME-XU5-2EG-1I-D11E/Mercury_XU5_PE1.gen/sources_1/bd/Mercury_XU5/ip/Mercury_XU5_ddr4_0/Mercury_XU5_ddr4_0/Mercury_XU5_ddr4_0_in_context.xdc, line 41).
Applied set_property IO_BUFFER_TYPE = NONE for DDR4PL_BA[1]. (constraint file  /home/wto/Eos/EosMuon/ME-XU5-2EG-1I-D11E/Mercury_XU5_PE1.gen/sources_1/bd/Mercury_XU5/ip/Mercury_XU5_ddr4_0/Mercury_XU5_ddr4_0/Mercury_XU5_ddr4_0_in_context.xdc, line 42).
Applied set_property CLOCK_BUFFER_TYPE = NONE for DDR4PL_BA[1]. (constraint file  /home/wto/Eos/EosMuon/ME-XU5-2EG-1I-D11E/Mercury_XU5_PE1.gen/sources_1/bd/Mercury_XU5/ip/Mercury_XU5_ddr4_0/Mercury_XU5_ddr4_0/Mercury_XU5_ddr4_0_in_context.xdc, line 43).
Applied set_property IO_BUFFER_TYPE = NONE for DDR4PL_BG[0]. (constraint file  /home/wto/Eos/EosMuon/ME-XU5-2EG-1I-D11E/Mercury_XU5_PE1.gen/sources_1/bd/Mercury_XU5/ip/Mercury_XU5_ddr4_0/Mercury_XU5_ddr4_0/Mercury_XU5_ddr4_0_in_context.xdc, line 44).
Applied set_property CLOCK_BUFFER_TYPE = NONE for DDR4PL_BG[0]. (constraint file  /home/wto/Eos/EosMuon/ME-XU5-2EG-1I-D11E/Mercury_XU5_PE1.gen/sources_1/bd/Mercury_XU5/ip/Mercury_XU5_ddr4_0/Mercury_XU5_ddr4_0/Mercury_XU5_ddr4_0_in_context.xdc, line 45).
Applied set_property IO_BUFFER_TYPE = NONE for DDR4PL_CK_N[0]. (constraint file  /home/wto/Eos/EosMuon/ME-XU5-2EG-1I-D11E/Mercury_XU5_PE1.gen/sources_1/bd/Mercury_XU5/ip/Mercury_XU5_ddr4_0/Mercury_XU5_ddr4_0/Mercury_XU5_ddr4_0_in_context.xdc, line 46).
Applied set_property CLOCK_BUFFER_TYPE = NONE for DDR4PL_CK_N[0]. (constraint file  /home/wto/Eos/EosMuon/ME-XU5-2EG-1I-D11E/Mercury_XU5_PE1.gen/sources_1/bd/Mercury_XU5/ip/Mercury_XU5_ddr4_0/Mercury_XU5_ddr4_0/Mercury_XU5_ddr4_0_in_context.xdc, line 47).
Applied set_property IO_BUFFER_TYPE = NONE for DDR4PL_CK_P[0]. (constraint file  /home/wto/Eos/EosMuon/ME-XU5-2EG-1I-D11E/Mercury_XU5_PE1.gen/sources_1/bd/Mercury_XU5/ip/Mercury_XU5_ddr4_0/Mercury_XU5_ddr4_0/Mercury_XU5_ddr4_0_in_context.xdc, line 48).
Applied set_property CLOCK_BUFFER_TYPE = NONE for DDR4PL_CK_P[0]. (constraint file  /home/wto/Eos/EosMuon/ME-XU5-2EG-1I-D11E/Mercury_XU5_PE1.gen/sources_1/bd/Mercury_XU5/ip/Mercury_XU5_ddr4_0/Mercury_XU5_ddr4_0/Mercury_XU5_ddr4_0_in_context.xdc, line 49).
Applied set_property IO_BUFFER_TYPE = NONE for DDR4PL_CKE[0]. (constraint file  /home/wto/Eos/EosMuon/ME-XU5-2EG-1I-D11E/Mercury_XU5_PE1.gen/sources_1/bd/Mercury_XU5/ip/Mercury_XU5_ddr4_0/Mercury_XU5_ddr4_0/Mercury_XU5_ddr4_0_in_context.xdc, line 50).
Applied set_property CLOCK_BUFFER_TYPE = NONE for DDR4PL_CKE[0]. (constraint file  /home/wto/Eos/EosMuon/ME-XU5-2EG-1I-D11E/Mercury_XU5_PE1.gen/sources_1/bd/Mercury_XU5/ip/Mercury_XU5_ddr4_0/Mercury_XU5_ddr4_0/Mercury_XU5_ddr4_0_in_context.xdc, line 51).
Applied set_property IO_BUFFER_TYPE = NONE for DDR4PL_CS_N[0]. (constraint file  /home/wto/Eos/EosMuon/ME-XU5-2EG-1I-D11E/Mercury_XU5_PE1.gen/sources_1/bd/Mercury_XU5/ip/Mercury_XU5_ddr4_0/Mercury_XU5_ddr4_0/Mercury_XU5_ddr4_0_in_context.xdc, line 52).
Applied set_property CLOCK_BUFFER_TYPE = NONE for DDR4PL_CS_N[0]. (constraint file  /home/wto/Eos/EosMuon/ME-XU5-2EG-1I-D11E/Mercury_XU5_PE1.gen/sources_1/bd/Mercury_XU5/ip/Mercury_XU5_ddr4_0/Mercury_XU5_ddr4_0/Mercury_XU5_ddr4_0_in_context.xdc, line 53).
Applied set_property IO_BUFFER_TYPE = NONE for DDR4PL_DM[0]. (constraint file  /home/wto/Eos/EosMuon/ME-XU5-2EG-1I-D11E/Mercury_XU5_PE1.gen/sources_1/bd/Mercury_XU5/ip/Mercury_XU5_ddr4_0/Mercury_XU5_ddr4_0/Mercury_XU5_ddr4_0_in_context.xdc, line 54).
Applied set_property CLOCK_BUFFER_TYPE = NONE for DDR4PL_DM[0]. (constraint file  /home/wto/Eos/EosMuon/ME-XU5-2EG-1I-D11E/Mercury_XU5_PE1.gen/sources_1/bd/Mercury_XU5/ip/Mercury_XU5_ddr4_0/Mercury_XU5_ddr4_0/Mercury_XU5_ddr4_0_in_context.xdc, line 55).
Applied set_property IO_BUFFER_TYPE = NONE for DDR4PL_DM[1]. (constraint file  /home/wto/Eos/EosMuon/ME-XU5-2EG-1I-D11E/Mercury_XU5_PE1.gen/sources_1/bd/Mercury_XU5/ip/Mercury_XU5_ddr4_0/Mercury_XU5_ddr4_0/Mercury_XU5_ddr4_0_in_context.xdc, line 56).
Applied set_property CLOCK_BUFFER_TYPE = NONE for DDR4PL_DM[1]. (constraint file  /home/wto/Eos/EosMuon/ME-XU5-2EG-1I-D11E/Mercury_XU5_PE1.gen/sources_1/bd/Mercury_XU5/ip/Mercury_XU5_ddr4_0/Mercury_XU5_ddr4_0/Mercury_XU5_ddr4_0_in_context.xdc, line 57).
Applied set_property IO_BUFFER_TYPE = NONE for DDR4PL_DQ[0]. (constraint file  /home/wto/Eos/EosMuon/ME-XU5-2EG-1I-D11E/Mercury_XU5_PE1.gen/sources_1/bd/Mercury_XU5/ip/Mercury_XU5_ddr4_0/Mercury_XU5_ddr4_0/Mercury_XU5_ddr4_0_in_context.xdc, line 58).
Applied set_property CLOCK_BUFFER_TYPE = NONE for DDR4PL_DQ[0]. (constraint file  /home/wto/Eos/EosMuon/ME-XU5-2EG-1I-D11E/Mercury_XU5_PE1.gen/sources_1/bd/Mercury_XU5/ip/Mercury_XU5_ddr4_0/Mercury_XU5_ddr4_0/Mercury_XU5_ddr4_0_in_context.xdc, line 59).
Applied set_property IO_BUFFER_TYPE = NONE for DDR4PL_DQ[10]. (constraint file  /home/wto/Eos/EosMuon/ME-XU5-2EG-1I-D11E/Mercury_XU5_PE1.gen/sources_1/bd/Mercury_XU5/ip/Mercury_XU5_ddr4_0/Mercury_XU5_ddr4_0/Mercury_XU5_ddr4_0_in_context.xdc, line 60).
Applied set_property CLOCK_BUFFER_TYPE = NONE for DDR4PL_DQ[10]. (constraint file  /home/wto/Eos/EosMuon/ME-XU5-2EG-1I-D11E/Mercury_XU5_PE1.gen/sources_1/bd/Mercury_XU5/ip/Mercury_XU5_ddr4_0/Mercury_XU5_ddr4_0/Mercury_XU5_ddr4_0_in_context.xdc, line 61).
Applied set_property IO_BUFFER_TYPE = NONE for DDR4PL_DQ[11]. (constraint file  /home/wto/Eos/EosMuon/ME-XU5-2EG-1I-D11E/Mercury_XU5_PE1.gen/sources_1/bd/Mercury_XU5/ip/Mercury_XU5_ddr4_0/Mercury_XU5_ddr4_0/Mercury_XU5_ddr4_0_in_context.xdc, line 62).
Applied set_property CLOCK_BUFFER_TYPE = NONE for DDR4PL_DQ[11]. (constraint file  /home/wto/Eos/EosMuon/ME-XU5-2EG-1I-D11E/Mercury_XU5_PE1.gen/sources_1/bd/Mercury_XU5/ip/Mercury_XU5_ddr4_0/Mercury_XU5_ddr4_0/Mercury_XU5_ddr4_0_in_context.xdc, line 63).
Applied set_property IO_BUFFER_TYPE = NONE for DDR4PL_DQ[12]. (constraint file  /home/wto/Eos/EosMuon/ME-XU5-2EG-1I-D11E/Mercury_XU5_PE1.gen/sources_1/bd/Mercury_XU5/ip/Mercury_XU5_ddr4_0/Mercury_XU5_ddr4_0/Mercury_XU5_ddr4_0_in_context.xdc, line 64).
Applied set_property CLOCK_BUFFER_TYPE = NONE for DDR4PL_DQ[12]. (constraint file  /home/wto/Eos/EosMuon/ME-XU5-2EG-1I-D11E/Mercury_XU5_PE1.gen/sources_1/bd/Mercury_XU5/ip/Mercury_XU5_ddr4_0/Mercury_XU5_ddr4_0/Mercury_XU5_ddr4_0_in_context.xdc, line 65).
Applied set_property IO_BUFFER_TYPE = NONE for DDR4PL_DQ[13]. (constraint file  /home/wto/Eos/EosMuon/ME-XU5-2EG-1I-D11E/Mercury_XU5_PE1.gen/sources_1/bd/Mercury_XU5/ip/Mercury_XU5_ddr4_0/Mercury_XU5_ddr4_0/Mercury_XU5_ddr4_0_in_context.xdc, line 66).
Applied set_property CLOCK_BUFFER_TYPE = NONE for DDR4PL_DQ[13]. (constraint file  /home/wto/Eos/EosMuon/ME-XU5-2EG-1I-D11E/Mercury_XU5_PE1.gen/sources_1/bd/Mercury_XU5/ip/Mercury_XU5_ddr4_0/Mercury_XU5_ddr4_0/Mercury_XU5_ddr4_0_in_context.xdc, line 67).
Applied set_property IO_BUFFER_TYPE = NONE for DDR4PL_DQ[14]. (constraint file  /home/wto/Eos/EosMuon/ME-XU5-2EG-1I-D11E/Mercury_XU5_PE1.gen/sources_1/bd/Mercury_XU5/ip/Mercury_XU5_ddr4_0/Mercury_XU5_ddr4_0/Mercury_XU5_ddr4_0_in_context.xdc, line 68).
Applied set_property CLOCK_BUFFER_TYPE = NONE for DDR4PL_DQ[14]. (constraint file  /home/wto/Eos/EosMuon/ME-XU5-2EG-1I-D11E/Mercury_XU5_PE1.gen/sources_1/bd/Mercury_XU5/ip/Mercury_XU5_ddr4_0/Mercury_XU5_ddr4_0/Mercury_XU5_ddr4_0_in_context.xdc, line 69).
Applied set_property IO_BUFFER_TYPE = NONE for DDR4PL_DQ[15]. (constraint file  /home/wto/Eos/EosMuon/ME-XU5-2EG-1I-D11E/Mercury_XU5_PE1.gen/sources_1/bd/Mercury_XU5/ip/Mercury_XU5_ddr4_0/Mercury_XU5_ddr4_0/Mercury_XU5_ddr4_0_in_context.xdc, line 70).
Applied set_property CLOCK_BUFFER_TYPE = NONE for DDR4PL_DQ[15]. (constraint file  /home/wto/Eos/EosMuon/ME-XU5-2EG-1I-D11E/Mercury_XU5_PE1.gen/sources_1/bd/Mercury_XU5/ip/Mercury_XU5_ddr4_0/Mercury_XU5_ddr4_0/Mercury_XU5_ddr4_0_in_context.xdc, line 71).
Applied set_property IO_BUFFER_TYPE = NONE for DDR4PL_DQ[1]. (constraint file  /home/wto/Eos/EosMuon/ME-XU5-2EG-1I-D11E/Mercury_XU5_PE1.gen/sources_1/bd/Mercury_XU5/ip/Mercury_XU5_ddr4_0/Mercury_XU5_ddr4_0/Mercury_XU5_ddr4_0_in_context.xdc, line 72).
Applied set_property CLOCK_BUFFER_TYPE = NONE for DDR4PL_DQ[1]. (constraint file  /home/wto/Eos/EosMuon/ME-XU5-2EG-1I-D11E/Mercury_XU5_PE1.gen/sources_1/bd/Mercury_XU5/ip/Mercury_XU5_ddr4_0/Mercury_XU5_ddr4_0/Mercury_XU5_ddr4_0_in_context.xdc, line 73).
Applied set_property IO_BUFFER_TYPE = NONE for DDR4PL_DQ[2]. (constraint file  /home/wto/Eos/EosMuon/ME-XU5-2EG-1I-D11E/Mercury_XU5_PE1.gen/sources_1/bd/Mercury_XU5/ip/Mercury_XU5_ddr4_0/Mercury_XU5_ddr4_0/Mercury_XU5_ddr4_0_in_context.xdc, line 74).
Applied set_property CLOCK_BUFFER_TYPE = NONE for DDR4PL_DQ[2]. (constraint file  /home/wto/Eos/EosMuon/ME-XU5-2EG-1I-D11E/Mercury_XU5_PE1.gen/sources_1/bd/Mercury_XU5/ip/Mercury_XU5_ddr4_0/Mercury_XU5_ddr4_0/Mercury_XU5_ddr4_0_in_context.xdc, line 75).
Applied set_property IO_BUFFER_TYPE = NONE for DDR4PL_DQ[3]. (constraint file  /home/wto/Eos/EosMuon/ME-XU5-2EG-1I-D11E/Mercury_XU5_PE1.gen/sources_1/bd/Mercury_XU5/ip/Mercury_XU5_ddr4_0/Mercury_XU5_ddr4_0/Mercury_XU5_ddr4_0_in_context.xdc, line 76).
Applied set_property CLOCK_BUFFER_TYPE = NONE for DDR4PL_DQ[3]. (constraint file  /home/wto/Eos/EosMuon/ME-XU5-2EG-1I-D11E/Mercury_XU5_PE1.gen/sources_1/bd/Mercury_XU5/ip/Mercury_XU5_ddr4_0/Mercury_XU5_ddr4_0/Mercury_XU5_ddr4_0_in_context.xdc, line 77).
Applied set_property IO_BUFFER_TYPE = NONE for DDR4PL_DQ[4]. (constraint file  /home/wto/Eos/EosMuon/ME-XU5-2EG-1I-D11E/Mercury_XU5_PE1.gen/sources_1/bd/Mercury_XU5/ip/Mercury_XU5_ddr4_0/Mercury_XU5_ddr4_0/Mercury_XU5_ddr4_0_in_context.xdc, line 78).
Applied set_property CLOCK_BUFFER_TYPE = NONE for DDR4PL_DQ[4]. (constraint file  /home/wto/Eos/EosMuon/ME-XU5-2EG-1I-D11E/Mercury_XU5_PE1.gen/sources_1/bd/Mercury_XU5/ip/Mercury_XU5_ddr4_0/Mercury_XU5_ddr4_0/Mercury_XU5_ddr4_0_in_context.xdc, line 79).
Applied set_property IO_BUFFER_TYPE = NONE for DDR4PL_DQ[5]. (constraint file  /home/wto/Eos/EosMuon/ME-XU5-2EG-1I-D11E/Mercury_XU5_PE1.gen/sources_1/bd/Mercury_XU5/ip/Mercury_XU5_ddr4_0/Mercury_XU5_ddr4_0/Mercury_XU5_ddr4_0_in_context.xdc, line 80).
Applied set_property CLOCK_BUFFER_TYPE = NONE for DDR4PL_DQ[5]. (constraint file  /home/wto/Eos/EosMuon/ME-XU5-2EG-1I-D11E/Mercury_XU5_PE1.gen/sources_1/bd/Mercury_XU5/ip/Mercury_XU5_ddr4_0/Mercury_XU5_ddr4_0/Mercury_XU5_ddr4_0_in_context.xdc, line 81).
Applied set_property IO_BUFFER_TYPE = NONE for DDR4PL_DQ[6]. (constraint file  /home/wto/Eos/EosMuon/ME-XU5-2EG-1I-D11E/Mercury_XU5_PE1.gen/sources_1/bd/Mercury_XU5/ip/Mercury_XU5_ddr4_0/Mercury_XU5_ddr4_0/Mercury_XU5_ddr4_0_in_context.xdc, line 82).
Applied set_property CLOCK_BUFFER_TYPE = NONE for DDR4PL_DQ[6]. (constraint file  /home/wto/Eos/EosMuon/ME-XU5-2EG-1I-D11E/Mercury_XU5_PE1.gen/sources_1/bd/Mercury_XU5/ip/Mercury_XU5_ddr4_0/Mercury_XU5_ddr4_0/Mercury_XU5_ddr4_0_in_context.xdc, line 83).
Applied set_property IO_BUFFER_TYPE = NONE for DDR4PL_DQ[7]. (constraint file  /home/wto/Eos/EosMuon/ME-XU5-2EG-1I-D11E/Mercury_XU5_PE1.gen/sources_1/bd/Mercury_XU5/ip/Mercury_XU5_ddr4_0/Mercury_XU5_ddr4_0/Mercury_XU5_ddr4_0_in_context.xdc, line 84).
Applied set_property CLOCK_BUFFER_TYPE = NONE for DDR4PL_DQ[7]. (constraint file  /home/wto/Eos/EosMuon/ME-XU5-2EG-1I-D11E/Mercury_XU5_PE1.gen/sources_1/bd/Mercury_XU5/ip/Mercury_XU5_ddr4_0/Mercury_XU5_ddr4_0/Mercury_XU5_ddr4_0_in_context.xdc, line 85).
Applied set_property IO_BUFFER_TYPE = NONE for DDR4PL_DQ[8]. (constraint file  /home/wto/Eos/EosMuon/ME-XU5-2EG-1I-D11E/Mercury_XU5_PE1.gen/sources_1/bd/Mercury_XU5/ip/Mercury_XU5_ddr4_0/Mercury_XU5_ddr4_0/Mercury_XU5_ddr4_0_in_context.xdc, line 86).
Applied set_property CLOCK_BUFFER_TYPE = NONE for DDR4PL_DQ[8]. (constraint file  /home/wto/Eos/EosMuon/ME-XU5-2EG-1I-D11E/Mercury_XU5_PE1.gen/sources_1/bd/Mercury_XU5/ip/Mercury_XU5_ddr4_0/Mercury_XU5_ddr4_0/Mercury_XU5_ddr4_0_in_context.xdc, line 87).
Applied set_property IO_BUFFER_TYPE = NONE for DDR4PL_DQ[9]. (constraint file  /home/wto/Eos/EosMuon/ME-XU5-2EG-1I-D11E/Mercury_XU5_PE1.gen/sources_1/bd/Mercury_XU5/ip/Mercury_XU5_ddr4_0/Mercury_XU5_ddr4_0/Mercury_XU5_ddr4_0_in_context.xdc, line 88).
Applied set_property CLOCK_BUFFER_TYPE = NONE for DDR4PL_DQ[9]. (constraint file  /home/wto/Eos/EosMuon/ME-XU5-2EG-1I-D11E/Mercury_XU5_PE1.gen/sources_1/bd/Mercury_XU5/ip/Mercury_XU5_ddr4_0/Mercury_XU5_ddr4_0/Mercury_XU5_ddr4_0_in_context.xdc, line 89).
Applied set_property IO_BUFFER_TYPE = NONE for DDR4PL_DQS_N[0]. (constraint file  /home/wto/Eos/EosMuon/ME-XU5-2EG-1I-D11E/Mercury_XU5_PE1.gen/sources_1/bd/Mercury_XU5/ip/Mercury_XU5_ddr4_0/Mercury_XU5_ddr4_0/Mercury_XU5_ddr4_0_in_context.xdc, line 90).
Applied set_property CLOCK_BUFFER_TYPE = NONE for DDR4PL_DQS_N[0]. (constraint file  /home/wto/Eos/EosMuon/ME-XU5-2EG-1I-D11E/Mercury_XU5_PE1.gen/sources_1/bd/Mercury_XU5/ip/Mercury_XU5_ddr4_0/Mercury_XU5_ddr4_0/Mercury_XU5_ddr4_0_in_context.xdc, line 91).
Applied set_property IO_BUFFER_TYPE = NONE for DDR4PL_DQS_N[1]. (constraint file  /home/wto/Eos/EosMuon/ME-XU5-2EG-1I-D11E/Mercury_XU5_PE1.gen/sources_1/bd/Mercury_XU5/ip/Mercury_XU5_ddr4_0/Mercury_XU5_ddr4_0/Mercury_XU5_ddr4_0_in_context.xdc, line 92).
Applied set_property CLOCK_BUFFER_TYPE = NONE for DDR4PL_DQS_N[1]. (constraint file  /home/wto/Eos/EosMuon/ME-XU5-2EG-1I-D11E/Mercury_XU5_PE1.gen/sources_1/bd/Mercury_XU5/ip/Mercury_XU5_ddr4_0/Mercury_XU5_ddr4_0/Mercury_XU5_ddr4_0_in_context.xdc, line 93).
Applied set_property IO_BUFFER_TYPE = NONE for DDR4PL_DQS_P[0]. (constraint file  /home/wto/Eos/EosMuon/ME-XU5-2EG-1I-D11E/Mercury_XU5_PE1.gen/sources_1/bd/Mercury_XU5/ip/Mercury_XU5_ddr4_0/Mercury_XU5_ddr4_0/Mercury_XU5_ddr4_0_in_context.xdc, line 94).
Applied set_property CLOCK_BUFFER_TYPE = NONE for DDR4PL_DQS_P[0]. (constraint file  /home/wto/Eos/EosMuon/ME-XU5-2EG-1I-D11E/Mercury_XU5_PE1.gen/sources_1/bd/Mercury_XU5/ip/Mercury_XU5_ddr4_0/Mercury_XU5_ddr4_0/Mercury_XU5_ddr4_0_in_context.xdc, line 95).
Applied set_property IO_BUFFER_TYPE = NONE for DDR4PL_DQS_P[1]. (constraint file  /home/wto/Eos/EosMuon/ME-XU5-2EG-1I-D11E/Mercury_XU5_PE1.gen/sources_1/bd/Mercury_XU5/ip/Mercury_XU5_ddr4_0/Mercury_XU5_ddr4_0/Mercury_XU5_ddr4_0_in_context.xdc, line 96).
Applied set_property CLOCK_BUFFER_TYPE = NONE for DDR4PL_DQS_P[1]. (constraint file  /home/wto/Eos/EosMuon/ME-XU5-2EG-1I-D11E/Mercury_XU5_PE1.gen/sources_1/bd/Mercury_XU5/ip/Mercury_XU5_ddr4_0/Mercury_XU5_ddr4_0/Mercury_XU5_ddr4_0_in_context.xdc, line 97).
Applied set_property IO_BUFFER_TYPE = NONE for DDR4PL_ODT[0]. (constraint file  /home/wto/Eos/EosMuon/ME-XU5-2EG-1I-D11E/Mercury_XU5_PE1.gen/sources_1/bd/Mercury_XU5/ip/Mercury_XU5_ddr4_0/Mercury_XU5_ddr4_0/Mercury_XU5_ddr4_0_in_context.xdc, line 98).
Applied set_property CLOCK_BUFFER_TYPE = NONE for DDR4PL_ODT[0]. (constraint file  /home/wto/Eos/EosMuon/ME-XU5-2EG-1I-D11E/Mercury_XU5_PE1.gen/sources_1/bd/Mercury_XU5/ip/Mercury_XU5_ddr4_0/Mercury_XU5_ddr4_0/Mercury_XU5_ddr4_0_in_context.xdc, line 99).
Applied set_property IO_BUFFER_TYPE = NONE for DDR4PL_RST_N. (constraint file  /home/wto/Eos/EosMuon/ME-XU5-2EG-1I-D11E/Mercury_XU5_PE1.gen/sources_1/bd/Mercury_XU5/ip/Mercury_XU5_ddr4_0/Mercury_XU5_ddr4_0/Mercury_XU5_ddr4_0_in_context.xdc, line 100).
Applied set_property CLOCK_BUFFER_TYPE = NONE for DDR4PL_RST_N. (constraint file  /home/wto/Eos/EosMuon/ME-XU5-2EG-1I-D11E/Mercury_XU5_PE1.gen/sources_1/bd/Mercury_XU5/ip/Mercury_XU5_ddr4_0/Mercury_XU5_ddr4_0/Mercury_XU5_ddr4_0_in_context.xdc, line 101).
Applied set_property IO_BUFFER_TYPE = NONE for CLK100_PL_N. (constraint file  /home/wto/Eos/EosMuon/ME-XU5-2EG-1I-D11E/Mercury_XU5_PE1.gen/sources_1/bd/Mercury_XU5/ip/Mercury_XU5_ddr4_0/Mercury_XU5_ddr4_0/Mercury_XU5_ddr4_0_in_context.xdc, line 102).
Applied set_property CLOCK_BUFFER_TYPE = NONE for CLK100_PL_N. (constraint file  /home/wto/Eos/EosMuon/ME-XU5-2EG-1I-D11E/Mercury_XU5_PE1.gen/sources_1/bd/Mercury_XU5/ip/Mercury_XU5_ddr4_0/Mercury_XU5_ddr4_0/Mercury_XU5_ddr4_0_in_context.xdc, line 103).
Applied set_property IO_BUFFER_TYPE = NONE for CLK100_PL_P. (constraint file  /home/wto/Eos/EosMuon/ME-XU5-2EG-1I-D11E/Mercury_XU5_PE1.gen/sources_1/bd/Mercury_XU5/ip/Mercury_XU5_ddr4_0/Mercury_XU5_ddr4_0/Mercury_XU5_ddr4_0_in_context.xdc, line 104).
Applied set_property CLOCK_BUFFER_TYPE = NONE for CLK100_PL_P. (constraint file  /home/wto/Eos/EosMuon/ME-XU5-2EG-1I-D11E/Mercury_XU5_PE1.gen/sources_1/bd/Mercury_XU5/ip/Mercury_XU5_ddr4_0/Mercury_XU5_ddr4_0/Mercury_XU5_ddr4_0_in_context.xdc, line 105).
Applied set_property KEEP_HIERARCHY = SOFT for Mercury_XU5_i. (constraint file  auto generated constraint).
Applied set_property KEEP_HIERARCHY = SOFT for Mercury_XU5_i/zynq_ultra_ps_e. (constraint file  auto generated constraint).
Applied set_property KEEP_HIERARCHY = SOFT for Mercury_XU5_i/system_management_wiz. (constraint file  auto generated constraint).
Applied set_property KEEP_HIERARCHY = SOFT for Mercury_XU5_i/led. (constraint file  auto generated constraint).
Applied set_property KEEP_HIERARCHY = SOFT for Mercury_XU5_i/ddr4. (constraint file  auto generated constraint).
Applied set_property KEEP_HIERARCHY = SOFT for Mercury_XU5_i/axi_interconnect_0/s00_couplers/auto_cc. (constraint file  auto generated constraint).
Applied set_property KEEP_HIERARCHY = SOFT for Mercury_XU5_i/axi_interconnect_0. (constraint file  auto generated constraint).
Applied set_property KEEP_HIERARCHY = SOFT for Mercury_XU5_i/clk_wiz_0. (constraint file  auto generated constraint).
Applied set_property KEEP_HIERARCHY = SOFT for Mercury_XU5_i/ps_sys_rst. (constraint file  auto generated constraint).
Applied set_property KEEP_HIERARCHY = SOFT for Mercury_XU5_i/ddr4_sys_rst. (constraint file  auto generated constraint).
Applied set_property KEEP_HIERARCHY = SOFT for Mercury_XU5_i/smartconnect_00. (constraint file  auto generated constraint).
Applied set_property KEEP_HIERARCHY = SOFT for Mercury_XU5_i/reg_bank_0. (constraint file  auto generated constraint).
Applied set_property KEEP_HIERARCHY = SOFT for Mercury_XU5_i/reg_bank_1. (constraint file  auto generated constraint).
Applied set_property KEEP_HIERARCHY = SOFT for EosMuonDAQ_i/event_fifo_i. (constraint file  auto generated constraint).
---------------------------------------------------------------------------------
Finished applying 'set_property' XDC Constraints : Time (s): cpu = 00:00:13 ; elapsed = 00:00:14 . Memory (MB): peak = 3172.645 ; gain = 521.301 ; free physical = 1072 ; free virtual = 24098
Synthesis current peak Physical Memory [PSS] (MB): peak = 2405.739; parent = 2199.952; children = 205.787
Synthesis current peak Virtual Memory [VSS] (MB): peak = 4175.758; parent = 3172.648; children = 1003.109
---------------------------------------------------------------------------------
---------------------------------------------------------------------------------
Finished RTL Optimization Phase 2 : Time (s): cpu = 00:00:14 ; elapsed = 00:00:14 . Memory (MB): peak = 3172.645 ; gain = 521.301 ; free physical = 1067 ; free virtual = 24095
Synthesis current peak Physical Memory [PSS] (MB): peak = 2405.739; parent = 2199.952; children = 205.787
Synthesis current peak Virtual Memory [VSS] (MB): peak = 4175.758; parent = 3172.648; children = 1003.109
---------------------------------------------------------------------------------
---------------------------------------------------------------------------------
Start RTL Component Statistics 
---------------------------------------------------------------------------------
Detailed RTL Component Info : 
+---Adders : 
	   3 Input   55 Bit       Adders := 1     
	   2 Input   35 Bit       Adders := 2     
	   2 Input   32 Bit       Adders := 4     
	   2 Input    5 Bit       Adders := 1     
	   6 Input    3 Bit       Adders := 1     
+---XORs : 
	   2 Input      1 Bit         XORs := 3     
+---Registers : 
	             3840 Bit    Registers := 1     
	              192 Bit    Registers := 1     
	               55 Bit    Registers := 2     
	                5 Bit    Registers := 1     
	                3 Bit    Registers := 2     
	                1 Bit    Registers := 7     
+---Muxes : 
	   4 Input 3840 Bit        Muxes := 1     
	   2 Input 3840 Bit        Muxes := 5     
	   2 Input   55 Bit        Muxes := 2     
	   2 Input    5 Bit        Muxes := 3     
	   2 Input    1 Bit        Muxes := 1     
---------------------------------------------------------------------------------
Finished RTL Component Statistics 
---------------------------------------------------------------------------------
---------------------------------------------------------------------------------
Start Part Resource Summary
---------------------------------------------------------------------------------
Part Resources:
DSPs: 240 (col length:72)
BRAMs: 300 (col length: RAMB18 72 RAMB36 36)
---------------------------------------------------------------------------------
Finished Part Resource Summary
---------------------------------------------------------------------------------
---------------------------------------------------------------------------------
Start Cross Boundary and Area Optimization
---------------------------------------------------------------------------------
WARNING: [Synth 8-7080] Parallel synthesis criteria is not met
WARNING: [Synth 8-3917] design Mercury_XU5_PE1 has port IOD_D0_P driven by constant 0
WARNING: [Synth 8-3917] design Mercury_XU5_PE1 has port IOD_D1_N driven by constant 0
WARNING: [Synth 8-3917] design Mercury_XU5_PE1 has port IOD_D2_P driven by constant 0
WARNING: [Synth 8-3917] design Mercury_XU5_PE1 has port IOD_D3_N driven by constant 0
WARNING: [Synth 8-3917] design Mercury_XU5_PE1 has port IOD_D6_P driven by constant 0
---------------------------------------------------------------------------------
Finished Cross Boundary and Area Optimization : Time (s): cpu = 00:00:37 ; elapsed = 00:00:38 . Memory (MB): peak = 3172.645 ; gain = 521.301 ; free physical = 1008 ; free virtual = 24054
Synthesis current peak Physical Memory [PSS] (MB): peak = 2405.739; parent = 2199.952; children = 205.787
Synthesis current peak Virtual Memory [VSS] (MB): peak = 4175.758; parent = 3172.648; children = 1003.109
---------------------------------------------------------------------------------
---------------------------------------------------------------------------------
Start Applying XDC Timing Constraints
---------------------------------------------------------------------------------
---------------------------------------------------------------------------------
Finished Applying XDC Timing Constraints : Time (s): cpu = 00:00:46 ; elapsed = 00:00:48 . Memory (MB): peak = 3545.410 ; gain = 894.066 ; free physical = 459 ; free virtual = 23505
Synthesis current peak Physical Memory [PSS] (MB): peak = 2920.308; parent = 2714.552; children = 205.787
Synthesis current peak Virtual Memory [VSS] (MB): peak = 4548.523; parent = 3545.414; children = 1003.109
---------------------------------------------------------------------------------
---------------------------------------------------------------------------------
Start Timing Optimization
---------------------------------------------------------------------------------
---------------------------------------------------------------------------------
Finished Timing Optimization : Time (s): cpu = 00:00:53 ; elapsed = 00:00:55 . Memory (MB): peak = 3694.262 ; gain = 1042.918 ; free physical = 347 ; free virtual = 23395
Synthesis current peak Physical Memory [PSS] (MB): peak = 3019.769; parent = 2814.013; children = 205.787
Synthesis current peak Virtual Memory [VSS] (MB): peak = 4697.375; parent = 3694.266; children = 1003.109
---------------------------------------------------------------------------------
---------------------------------------------------------------------------------
Start Technology Mapping
---------------------------------------------------------------------------------
---------------------------------------------------------------------------------
Finished Technology Mapping : Time (s): cpu = 00:00:55 ; elapsed = 00:00:57 . Memory (MB): peak = 3694.262 ; gain = 1042.918 ; free physical = 398 ; free virtual = 23445
Synthesis current peak Physical Memory [PSS] (MB): peak = 3019.769; parent = 2814.013; children = 205.787
Synthesis current peak Virtual Memory [VSS] (MB): peak = 4697.375; parent = 3694.266; children = 1003.109
---------------------------------------------------------------------------------
---------------------------------------------------------------------------------
Start IO Insertion
---------------------------------------------------------------------------------
---------------------------------------------------------------------------------
Start Flattening Before IO Insertion
---------------------------------------------------------------------------------
---------------------------------------------------------------------------------
Finished Flattening Before IO Insertion
---------------------------------------------------------------------------------
---------------------------------------------------------------------------------
Start Final Netlist Cleanup
---------------------------------------------------------------------------------
---------------------------------------------------------------------------------
Finished Final Netlist Cleanup
---------------------------------------------------------------------------------
---------------------------------------------------------------------------------
Finished IO Insertion : Time (s): cpu = 00:00:59 ; elapsed = 00:01:02 . Memory (MB): peak = 3694.262 ; gain = 1042.918 ; free physical = 405 ; free virtual = 23452
Synthesis current peak Physical Memory [PSS] (MB): peak = 3019.769; parent = 2814.013; children = 205.787
Synthesis current peak Virtual Memory [VSS] (MB): peak = 4697.375; parent = 3694.266; children = 1003.109
---------------------------------------------------------------------------------
---------------------------------------------------------------------------------
Start Renaming Generated Instances
---------------------------------------------------------------------------------
---------------------------------------------------------------------------------
Finished Renaming Generated Instances : Time (s): cpu = 00:00:59 ; elapsed = 00:01:02 . Memory (MB): peak = 3694.262 ; gain = 1042.918 ; free physical = 405 ; free virtual = 23452
Synthesis current peak Physical Memory [PSS] (MB): peak = 3019.769; parent = 2814.013; children = 205.787
Synthesis current peak Virtual Memory [VSS] (MB): peak = 4697.375; parent = 3694.266; children = 1003.109
---------------------------------------------------------------------------------
---------------------------------------------------------------------------------
Start Rebuilding User Hierarchy
---------------------------------------------------------------------------------
---------------------------------------------------------------------------------
Finished Rebuilding User Hierarchy : Time (s): cpu = 00:01:00 ; elapsed = 00:01:02 . Memory (MB): peak = 3694.262 ; gain = 1042.918 ; free physical = 392 ; free virtual = 23452
Synthesis current peak Physical Memory [PSS] (MB): peak = 3019.769; parent = 2814.013; children = 205.787
Synthesis current peak Virtual Memory [VSS] (MB): peak = 4697.375; parent = 3694.266; children = 1003.109
---------------------------------------------------------------------------------
---------------------------------------------------------------------------------
Start Renaming Generated Ports
---------------------------------------------------------------------------------
---------------------------------------------------------------------------------
Finished Renaming Generated Ports : Time (s): cpu = 00:01:00 ; elapsed = 00:01:03 . Memory (MB): peak = 3694.262 ; gain = 1042.918 ; free physical = 392 ; free virtual = 23452
Synthesis current peak Physical Memory [PSS] (MB): peak = 3019.769; parent = 2814.013; children = 205.787
Synthesis current peak Virtual Memory [VSS] (MB): peak = 4697.375; parent = 3694.266; children = 1003.109
---------------------------------------------------------------------------------
---------------------------------------------------------------------------------
Start Handling Custom Attributes
---------------------------------------------------------------------------------
---------------------------------------------------------------------------------
Finished Handling Custom Attributes : Time (s): cpu = 00:01:02 ; elapsed = 00:01:05 . Memory (MB): peak = 3694.262 ; gain = 1042.918 ; free physical = 395 ; free virtual = 23451
Synthesis current peak Physical Memory [PSS] (MB): peak = 3019.769; parent = 2814.013; children = 205.787
Synthesis current peak Virtual Memory [VSS] (MB): peak = 4697.375; parent = 3694.266; children = 1003.109
---------------------------------------------------------------------------------
---------------------------------------------------------------------------------
Start Renaming Generated Nets
---------------------------------------------------------------------------------
---------------------------------------------------------------------------------
Finished Renaming Generated Nets : Time (s): cpu = 00:01:02 ; elapsed = 00:01:05 . Memory (MB): peak = 3694.262 ; gain = 1042.918 ; free physical = 395 ; free virtual = 23451
Synthesis current peak Physical Memory [PSS] (MB): peak = 3019.769; parent = 2814.013; children = 205.787
Synthesis current peak Virtual Memory [VSS] (MB): peak = 4697.375; parent = 3694.266; children = 1003.109
---------------------------------------------------------------------------------
---------------------------------------------------------------------------------
Start Writing Synthesis Report
---------------------------------------------------------------------------------

Report BlackBoxes: 
+------+------------------------------------+----------+
|      |BlackBox name                       |Instances |
+------+------------------------------------+----------+
|1     |Mercury_XU5_auto_cc_0               |         1|
|2     |Mercury_XU5_clk_wiz_0_0             |         1|
|3     |Mercury_XU5_ddr4_0                  |         1|
|4     |Mercury_XU5_ddr4_sys_rst_0          |         1|
|5     |Mercury_XU5_led_0                   |         1|
|6     |Mercury_XU5_ps_sys_rst_0            |         1|
|7     |Mercury_XU5_reg_bank_0_0            |         1|
|8     |Mercury_XU5_reg_bank_1_0            |         1|
|9     |Mercury_XU5_smartconnect_00_0       |         1|
|10    |Mercury_XU5_system_management_wiz_0 |         1|
|11    |Mercury_XU5_zynq_ultra_ps_e_0       |         1|
|12    |Mercury_XU5_GMII2RGMII              |         1|
|13    |event192_fifo                       |         1|
+------+------------------------------------+----------+

Report Cell Usage: 
+------+-----------------------------------------+------+
|      |Cell                                     |Count |
+------+-----------------------------------------+------+
|1     |Mercury_XU5_GMII2RGMII_bbox              |     1|
|2     |Mercury_XU5_auto_cc_0_bbox               |     1|
|3     |Mercury_XU5_clk_wiz_0_0_bbox             |     1|
|4     |Mercury_XU5_ddr4_0_bbox                  |     1|
|5     |Mercury_XU5_ddr4_sys_rst_0_bbox          |     1|
|6     |Mercury_XU5_led_0_bbox                   |     1|
|7     |Mercury_XU5_ps_sys_rst_0_bbox            |     1|
|8     |Mercury_XU5_reg_bank_0_0_bbox            |     1|
|9     |Mercury_XU5_reg_bank_1_0_bbox            |     1|
|10    |Mercury_XU5_smartconnect_00_0_bbox       |     1|
|11    |Mercury_XU5_system_management_wiz_0_bbox |     1|
|12    |Mercury_XU5_zynq_ultra_ps_e_0_bbox       |     1|
|13    |event192_fifo_bbox                       |     1|
|14    |BUFG                                     |     1|
|15    |CARRY8                                   |    32|
|16    |LUT1                                     |   203|
|17    |LUT2                                     |   336|
|18    |LUT3                                     |   820|
|19    |LUT4                                     |   752|
|20    |LUT5                                     |  1924|
|21    |LUT6                                     |  2862|
|22    |FDRE                                     |  4260|
|23    |IBUF                                     |   141|
|24    |IBUFDS                                   |     1|
|25    |IOBUF                                    |     3|
|26    |OBUF                                     |    18|
+------+-----------------------------------------+------+
---------------------------------------------------------------------------------
Finished Writing Synthesis Report : Time (s): cpu = 00:01:02 ; elapsed = 00:01:05 . Memory (MB): peak = 3694.262 ; gain = 1042.918 ; free physical = 395 ; free virtual = 23451
Synthesis current peak Physical Memory [PSS] (MB): peak = 3019.769; parent = 2814.013; children = 205.787
Synthesis current peak Virtual Memory [VSS] (MB): peak = 4697.375; parent = 3694.266; children = 1003.109
---------------------------------------------------------------------------------
Synthesis finished with 0 errors, 0 critical warnings and 10 warnings.
Synthesis Optimization Runtime : Time (s): cpu = 00:00:56 ; elapsed = 00:00:59 . Memory (MB): peak = 3694.262 ; gain = 886.168 ; free physical = 433 ; free virtual = 23489
Synthesis Optimization Complete : Time (s): cpu = 00:01:02 ; elapsed = 00:01:05 . Memory (MB): peak = 3694.270 ; gain = 1042.918 ; free physical = 433 ; free virtual = 23489
INFO: [Project 1-571] Translating synthesized netlist
Parsing EDIF File [/home/wto/Eos/EosMuon/ME-XU5-2EG-1I-D11E/Mercury_XU5_PE1.srcs/sources_1/imports/src/Mercury_XU5_gmii2rgmii.edn]
Finished Parsing EDIF File [/home/wto/Eos/EosMuon/ME-XU5-2EG-1I-D11E/Mercury_XU5_PE1.srcs/sources_1/imports/src/Mercury_XU5_gmii2rgmii.edn]
WARNING: [EDIF 20-111] Top cell is not specified in the design statement in file '/home/wto/Eos/EosMuon/ME-XU5-2EG-1I-D11E/Mercury_XU5_PE1.srcs/sources_1/imports/src/Mercury_XU5_gmii2rgmii.edn', the last cell 'en_gmii2rgmii' specified in this file will be used as the top cell.
Netlist sorting complete. Time (s): cpu = 00:00:00.07 ; elapsed = 00:00:00.08 . Memory (MB): peak = 3694.270 ; gain = 0.000 ; free physical = 534 ; free virtual = 23590
INFO: [Netlist 29-17] Analyzing 180 Unisim elements for replacement
INFO: [Netlist 29-28] Unisim Transformation completed in 0 CPU seconds
WARNING: [Netlist 29-101] Netlist 'Mercury_XU5_PE1' is not ideal for floorplanning, since the cellview 'EosMuonDAQ' contains a large number of primitives.  Please consider enabling hierarchy in synthesis if you want to do floorplanning.
INFO: [Project 1-479] Netlist was created with Vivado 2020.2
INFO: [Project 1-570] Preparing netlist for logic optimization
WARNING: [Constraints 18-5254] DIFF_TERM is not supported in UltraScale devices.  Automatically translating DIFF_TERM of TRUE to DIFF_TERM_ADV=TERM_100.  Refer to UG571: UltraScale Architecture SelectIO User Guide for more detail.
WARNING: [Constraints 18-5254] DIFF_TERM is not supported in UltraScale devices.  Automatically translating DIFF_TERM of TRUE to DIFF_TERM_ADV=TERM_100.  Refer to UG571: UltraScale Architecture SelectIO User Guide for more detail.
INFO: [Opt 31-138] Pushed 0 inverter(s) to 0 load pin(s).
Netlist sorting complete. Time (s): cpu = 00:00:00 ; elapsed = 00:00:00 . Memory (MB): peak = 3727.180 ; gain = 0.000 ; free physical = 467 ; free virtual = 23524
INFO: [Project 1-111] Unisim Transformation Summary:
  A total of 148 instances were transformed.
  BUFG => BUFGCE: 1 instance 
  IBUF => IBUF (IBUFCTRL, INBUF): 141 instances
  IBUFDS => IBUFDS (DIFFINBUF, IBUFCTRL): 1 instance 
  IOBUF => IOBUF (IBUFCTRL, INBUF, OBUFT): 3 instances
  RAM64M8 => RAM64M8 (RAMD64E(x8)): 2 instances

Synth Design complete, checksum: 9a70949
INFO: [Common 17-83] Releasing license: Synthesis
77 Infos, 134 Warnings, 0 Critical Warnings and 0 Errors encountered.
synth_design completed successfully
synth_design: Time (s): cpu = 00:01:10 ; elapsed = 00:01:10 . Memory (MB): peak = 3727.180 ; gain = 1934.297 ; free physical = 704 ; free virtual = 23760
INFO: [Common 17-1381] The checkpoint '/home/wto/Eos/EosMuon/ME-XU5-2EG-1I-D11E/Mercury_XU5_PE1.runs/synth_1/Mercury_XU5_PE1.dcp' has been generated.
INFO: [runtcl-4] Executing : report_utilization -file Mercury_XU5_PE1_utilization_synth.rpt -pb Mercury_XU5_PE1_utilization_synth.pb
INFO: [Common 17-206] Exiting Vivado at Tue Jun 23 18:01:44 2026...
